( make all \
"FC_PARALLEL = ftn" \
"CC_PARALLEL = cc" \
"CXX_PARALLEL = CC" \
"FC_SERIAL = ftn" \
"CC_SERIAL = cc" \
"CXX_SERIAL = CC" \
"FFLAGS_PROMOTION = -fdefault-real-8 -fdefault-double-8" \
"FFLAGS_OPT = -O3 -m64 -ffree-line-length-none -fconvert=big-endian -ffree-form" \
"CFLAGS_OPT = -O3 -m64" \
"CXXFLAGS_OPT = -O3 -m64" \
"LDFLAGS_OPT = -O3 -m64" \
"FFLAGS_DEBUG = -g -m64 -ffree-line-length-none -fconvert=big-endian -ffree-form" \
"CFLAGS_DEBUG = -g -m64" \
"CXXFLAGS_DEBUG = -g -m64" \
"LDFLAGS_DEBUG = -g -m64" \
"CORE = ocean" \
"DEBUG = " \
"SERIAL = " \
"USE_PAPI = " \
"CPPFLAGS =  -DUNDERSCORE -D_MPI  " )
make[1]: Entering directory '/global/u2/h/hgkang/MPAS/MPAS-Model-6.0'
cd src; make FC="ftn" \
                 CC="cc" \
                 CXX="CC" \
                 SFC="ftn" \
                 SCC="cc" \
                 LINKER="ftn" \
                 CFLAGS="-O3 -m64" \
                 CXXFLAGS="-O3 -m64" \
                 FFLAGS="-O3 -m64 -ffree-line-length-none -fconvert=big-endian -ffree-form -fdefault-real-8 -fdefault-double-8" \
                 LDFLAGS="-O3 -m64" \
                 RM="rm -f" \
                 CPP="cpp -P -traditional" \
                 CPPFLAGS="-DUNDERSCORE -D_MPI   -DCORE_OCEAN -DMPAS_NAMELIST_SUFFIX=ocean -DMPAS_EXE_NAME=ocean_model -DMPAS_NATIVE_TIMERS -DMPAS_GIT_VERSION="unknown"" \
                 LIBS="-L/global/u2/h/hgkang/my_programs/ParallelIO_1.9.23/build/pio -lpio" \
                 CPPINCLUDES="-I/global/u2/h/hgkang/my_programs/ParallelIO_1.9.23/build/pio" \
                 FCINCLUDES="-I/global/u2/h/hgkang/my_programs/ParallelIO_1.9.23/build/pio -I/global/u2/h/hgkang/MPAS/MPAS-Model-6.0/src/core_ocean/driver  -I/global/u2/h/hgkang/MPAS/MPAS-Model-6.0/src/core_ocean/mode_forward -I/global/u2/h/hgkang/MPAS/MPAS-Model-6.0/src/core_ocean/mode_analysis -I/global/u2/h/hgkang/MPAS/MPAS-Model-6.0/src/core_ocean/mode_init -I/global/u2/h/hgkang/MPAS/MPAS-Model-6.0/src/core_ocean/shared -I/global/u2/h/hgkang/MPAS/MPAS-Model-6.0/src/core_ocean/analysis_members -I/global/u2/h/hgkang/MPAS/MPAS-Model-6.0/src/core_ocean/cvmix -I/global/u2/h/hgkang/MPAS/MPAS-Model-6.0/src/core_ocean/BGC" \
                 CORE="ocean"\
                 AUTOCLEAN="false" \
                 GEN_F90="false" \
                 NAMELIST_SUFFIX="ocean" \
                 EXE_NAME="ocean_model"
make[2]: Entering directory '/global/u2/h/hgkang/MPAS/MPAS-Model-6.0/src'
( cd external; make FC="ftn" SFC="ftn" CC="cc" SCC="cc" FFLAGS="-O3 -m64 -ffree-line-length-none -fconvert=big-endian -ffree-form -fdefault-real-8 -fdefault-double-8" CFLAGS="-O3 -m64" CPP="cpp -P -traditional" NETCDF="" CORE="ocean" all )
make[3]: Entering directory '/global/u2/h/hgkang/MPAS/MPAS-Model-6.0/src/external'
( cd esmf_time_f90; make FC="ftn -O3 -m64 -ffree-line-length-none -fconvert=big-endian -ffree-form -fdefault-real-8 -fdefault-double-8" CPP="cpp -P -traditional" CPPFLAGS="-DUNDERSCORE -D_MPI   -DCORE_OCEAN -DMPAS_NAMELIST_SUFFIX=ocean -DMPAS_EXE_NAME=ocean_model -DMPAS_NATIVE_TIMERS -DMPAS_GIT_VERSION=unknown -DHIDE_MPI" GEN_F90=false )
make[4]: Entering directory '/global/u2/h/hgkang/MPAS/MPAS-Model-6.0/src/external/esmf_time_f90'
rm -f ESMF_BaseMod.o ESMF_BaseMod.mod
ftn -O3 -m64 -ffree-line-length-none -fconvert=big-endian -ffree-form -fdefault-real-8 -fdefault-double-8 -DUNDERSCORE -D_MPI   -DCORE_OCEAN -DMPAS_NAMELIST_SUFFIX=ocean -DMPAS_EXE_NAME=ocean_model -DMPAS_NATIVE_TIMERS -DMPAS_GIT_VERSION=unknown -DHIDE_MPI -O3 -m64 -ffree-line-length-none -fconvert=big-endian -ffree-form -fdefault-real-8 -fdefault-double-8 -c ESMF_BaseMod.F90 -I/global/u2/h/hgkang/my_programs/ParallelIO_1.9.23/build/pio -I/global/u2/h/hgkang/my_programs/ParallelIO_1.9.23/build/pio -I/global/u2/h/hgkang/MPAS/MPAS-Model-6.0/src/core_ocean/driver  -I/global/u2/h/hgkang/MPAS/MPAS-Model-6.0/src/core_ocean/mode_forward -I/global/u2/h/hgkang/MPAS/MPAS-Model-6.0/src/core_ocean/mode_analysis -I/global/u2/h/hgkang/MPAS/MPAS-Model-6.0/src/core_ocean/mode_init -I/global/u2/h/hgkang/MPAS/MPAS-Model-6.0/src/core_ocean/shared -I/global/u2/h/hgkang/MPAS/MPAS-Model-6.0/src/core_ocean/analysis_members -I/global/u2/h/hgkang/MPAS/MPAS-Model-6.0/src/core_ocean/cvmix -I/global/u2/h/hgkang/MPAS/MPAS-Model-6.0/src/core_ocean/BGC -I.
rm -f ESMF_BaseTimeMod.o ESMF_BaseTimeMod.mod
ftn -O3 -m64 -ffree-line-length-none -fconvert=big-endian -ffree-form -fdefault-real-8 -fdefault-double-8 -DUNDERSCORE -D_MPI   -DCORE_OCEAN -DMPAS_NAMELIST_SUFFIX=ocean -DMPAS_EXE_NAME=ocean_model -DMPAS_NATIVE_TIMERS -DMPAS_GIT_VERSION=unknown -DHIDE_MPI -O3 -m64 -ffree-line-length-none -fconvert=big-endian -ffree-form -fdefault-real-8 -fdefault-double-8 -c ESMF_BaseTimeMod.F90 -I/global/u2/h/hgkang/my_programs/ParallelIO_1.9.23/build/pio -I/global/u2/h/hgkang/my_programs/ParallelIO_1.9.23/build/pio -I/global/u2/h/hgkang/MPAS/MPAS-Model-6.0/src/core_ocean/driver  -I/global/u2/h/hgkang/MPAS/MPAS-Model-6.0/src/core_ocean/mode_forward -I/global/u2/h/hgkang/MPAS/MPAS-Model-6.0/src/core_ocean/mode_analysis -I/global/u2/h/hgkang/MPAS/MPAS-Model-6.0/src/core_ocean/mode_init -I/global/u2/h/hgkang/MPAS/MPAS-Model-6.0/src/core_ocean/shared -I/global/u2/h/hgkang/MPAS/MPAS-Model-6.0/src/core_ocean/analysis_members -I/global/u2/h/hgkang/MPAS/MPAS-Model-6.0/src/core_ocean/cvmix -I/global/u2/h/hgkang/MPAS/MPAS-Model-6.0/src/core_ocean/BGC -I.
rm -f ESMF_FractionMod.o ESMF_FractionMod.mod
ftn -O3 -m64 -ffree-line-length-none -fconvert=big-endian -ffree-form -fdefault-real-8 -fdefault-double-8 -DUNDERSCORE -D_MPI   -DCORE_OCEAN -DMPAS_NAMELIST_SUFFIX=ocean -DMPAS_EXE_NAME=ocean_model -DMPAS_NATIVE_TIMERS -DMPAS_GIT_VERSION=unknown -DHIDE_MPI -O3 -m64 -ffree-line-length-none -fconvert=big-endian -ffree-form -fdefault-real-8 -fdefault-double-8 -c ESMF_FractionMod.F90 -I/global/u2/h/hgkang/my_programs/ParallelIO_1.9.23/build/pio -I/global/u2/h/hgkang/my_programs/ParallelIO_1.9.23/build/pio -I/global/u2/h/hgkang/MPAS/MPAS-Model-6.0/src/core_ocean/driver  -I/global/u2/h/hgkang/MPAS/MPAS-Model-6.0/src/core_ocean/mode_forward -I/global/u2/h/hgkang/MPAS/MPAS-Model-6.0/src/core_ocean/mode_analysis -I/global/u2/h/hgkang/MPAS/MPAS-Model-6.0/src/core_ocean/mode_init -I/global/u2/h/hgkang/MPAS/MPAS-Model-6.0/src/core_ocean/shared -I/global/u2/h/hgkang/MPAS/MPAS-Model-6.0/src/core_ocean/analysis_members -I/global/u2/h/hgkang/MPAS/MPAS-Model-6.0/src/core_ocean/cvmix -I/global/u2/h/hgkang/MPAS/MPAS-Model-6.0/src/core_ocean/BGC -I.
rm -f ESMF_CalendarMod.o ESMF_CalendarMod.mod
ftn -O3 -m64 -ffree-line-length-none -fconvert=big-endian -ffree-form -fdefault-real-8 -fdefault-double-8 -DUNDERSCORE -D_MPI   -DCORE_OCEAN -DMPAS_NAMELIST_SUFFIX=ocean -DMPAS_EXE_NAME=ocean_model -DMPAS_NATIVE_TIMERS -DMPAS_GIT_VERSION=unknown -DHIDE_MPI -O3 -m64 -ffree-line-length-none -fconvert=big-endian -ffree-form -fdefault-real-8 -fdefault-double-8 -c ESMF_CalendarMod.F90 -I/global/u2/h/hgkang/my_programs/ParallelIO_1.9.23/build/pio -I/global/u2/h/hgkang/my_programs/ParallelIO_1.9.23/build/pio -I/global/u2/h/hgkang/MPAS/MPAS-Model-6.0/src/core_ocean/driver  -I/global/u2/h/hgkang/MPAS/MPAS-Model-6.0/src/core_ocean/mode_forward -I/global/u2/h/hgkang/MPAS/MPAS-Model-6.0/src/core_ocean/mode_analysis -I/global/u2/h/hgkang/MPAS/MPAS-Model-6.0/src/core_ocean/mode_init -I/global/u2/h/hgkang/MPAS/MPAS-Model-6.0/src/core_ocean/shared -I/global/u2/h/hgkang/MPAS/MPAS-Model-6.0/src/core_ocean/analysis_members -I/global/u2/h/hgkang/MPAS/MPAS-Model-6.0/src/core_ocean/cvmix -I/global/u2/h/hgkang/MPAS/MPAS-Model-6.0/src/core_ocean/BGC -I.
rm -f ESMF_ShrTimeMod.o ESMF_ShrTimeMod.mod
ftn -O3 -m64 -ffree-line-length-none -fconvert=big-endian -ffree-form -fdefault-real-8 -fdefault-double-8 -DUNDERSCORE -D_MPI   -DCORE_OCEAN -DMPAS_NAMELIST_SUFFIX=ocean -DMPAS_EXE_NAME=ocean_model -DMPAS_NATIVE_TIMERS -DMPAS_GIT_VERSION=unknown -DHIDE_MPI -O3 -m64 -ffree-line-length-none -fconvert=big-endian -ffree-form -fdefault-real-8 -fdefault-double-8 -c ESMF_ShrTimeMod.F90 -I/global/u2/h/hgkang/my_programs/ParallelIO_1.9.23/build/pio -I/global/u2/h/hgkang/my_programs/ParallelIO_1.9.23/build/pio -I/global/u2/h/hgkang/MPAS/MPAS-Model-6.0/src/core_ocean/driver  -I/global/u2/h/hgkang/MPAS/MPAS-Model-6.0/src/core_ocean/mode_forward -I/global/u2/h/hgkang/MPAS/MPAS-Model-6.0/src/core_ocean/mode_analysis -I/global/u2/h/hgkang/MPAS/MPAS-Model-6.0/src/core_ocean/mode_init -I/global/u2/h/hgkang/MPAS/MPAS-Model-6.0/src/core_ocean/shared -I/global/u2/h/hgkang/MPAS/MPAS-Model-6.0/src/core_ocean/analysis_members -I/global/u2/h/hgkang/MPAS/MPAS-Model-6.0/src/core_ocean/cvmix -I/global/u2/h/hgkang/MPAS/MPAS-Model-6.0/src/core_ocean/BGC -I.
rm -f ESMF_TimeIntervalMod.o ESMF_TimeIntervalMod.mod
ftn -O3 -m64 -ffree-line-length-none -fconvert=big-endian -ffree-form -fdefault-real-8 -fdefault-double-8 -DUNDERSCORE -D_MPI   -DCORE_OCEAN -DMPAS_NAMELIST_SUFFIX=ocean -DMPAS_EXE_NAME=ocean_model -DMPAS_NATIVE_TIMERS -DMPAS_GIT_VERSION=unknown -DHIDE_MPI -O3 -m64 -ffree-line-length-none -fconvert=big-endian -ffree-form -fdefault-real-8 -fdefault-double-8 -c ESMF_TimeIntervalMod.F90 -I/global/u2/h/hgkang/my_programs/ParallelIO_1.9.23/build/pio -I/global/u2/h/hgkang/my_programs/ParallelIO_1.9.23/build/pio -I/global/u2/h/hgkang/MPAS/MPAS-Model-6.0/src/core_ocean/driver  -I/global/u2/h/hgkang/MPAS/MPAS-Model-6.0/src/core_ocean/mode_forward -I/global/u2/h/hgkang/MPAS/MPAS-Model-6.0/src/core_ocean/mode_analysis -I/global/u2/h/hgkang/MPAS/MPAS-Model-6.0/src/core_ocean/mode_init -I/global/u2/h/hgkang/MPAS/MPAS-Model-6.0/src/core_ocean/shared -I/global/u2/h/hgkang/MPAS/MPAS-Model-6.0/src/core_ocean/analysis_members -I/global/u2/h/hgkang/MPAS/MPAS-Model-6.0/src/core_ocean/cvmix -I/global/u2/h/hgkang/MPAS/MPAS-Model-6.0/src/core_ocean/BGC -I.
rm -f ESMF_Stubs.o ESMF_Stubs.mod
ftn -O3 -m64 -ffree-line-length-none -fconvert=big-endian -ffree-form -fdefault-real-8 -fdefault-double-8 -DUNDERSCORE -D_MPI   -DCORE_OCEAN -DMPAS_NAMELIST_SUFFIX=ocean -DMPAS_EXE_NAME=ocean_model -DMPAS_NATIVE_TIMERS -DMPAS_GIT_VERSION=unknown -DHIDE_MPI -O3 -m64 -ffree-line-length-none -fconvert=big-endian -ffree-form -fdefault-real-8 -fdefault-double-8 -c ESMF_Stubs.F90 -I/global/u2/h/hgkang/my_programs/ParallelIO_1.9.23/build/pio -I/global/u2/h/hgkang/my_programs/ParallelIO_1.9.23/build/pio -I/global/u2/h/hgkang/MPAS/MPAS-Model-6.0/src/core_ocean/driver  -I/global/u2/h/hgkang/MPAS/MPAS-Model-6.0/src/core_ocean/mode_forward -I/global/u2/h/hgkang/MPAS/MPAS-Model-6.0/src/core_ocean/mode_analysis -I/global/u2/h/hgkang/MPAS/MPAS-Model-6.0/src/core_ocean/mode_init -I/global/u2/h/hgkang/MPAS/MPAS-Model-6.0/src/core_ocean/shared -I/global/u2/h/hgkang/MPAS/MPAS-Model-6.0/src/core_ocean/analysis_members -I/global/u2/h/hgkang/MPAS/MPAS-Model-6.0/src/core_ocean/cvmix -I/global/u2/h/hgkang/MPAS/MPAS-Model-6.0/src/core_ocean/BGC -I.
rm -f ESMF_TimeMod.o ESMF_TimeMod.mod
ftn -O3 -m64 -ffree-line-length-none -fconvert=big-endian -ffree-form -fdefault-real-8 -fdefault-double-8 -DUNDERSCORE -D_MPI   -DCORE_OCEAN -DMPAS_NAMELIST_SUFFIX=ocean -DMPAS_EXE_NAME=ocean_model -DMPAS_NATIVE_TIMERS -DMPAS_GIT_VERSION=unknown -DHIDE_MPI -O3 -m64 -ffree-line-length-none -fconvert=big-endian -ffree-form -fdefault-real-8 -fdefault-double-8 -c ESMF_TimeMod.F90 -I/global/u2/h/hgkang/my_programs/ParallelIO_1.9.23/build/pio -I/global/u2/h/hgkang/my_programs/ParallelIO_1.9.23/build/pio -I/global/u2/h/hgkang/MPAS/MPAS-Model-6.0/src/core_ocean/driver  -I/global/u2/h/hgkang/MPAS/MPAS-Model-6.0/src/core_ocean/mode_forward -I/global/u2/h/hgkang/MPAS/MPAS-Model-6.0/src/core_ocean/mode_analysis -I/global/u2/h/hgkang/MPAS/MPAS-Model-6.0/src/core_ocean/mode_init -I/global/u2/h/hgkang/MPAS/MPAS-Model-6.0/src/core_ocean/shared -I/global/u2/h/hgkang/MPAS/MPAS-Model-6.0/src/core_ocean/analysis_members -I/global/u2/h/hgkang/MPAS/MPAS-Model-6.0/src/core_ocean/cvmix -I/global/u2/h/hgkang/MPAS/MPAS-Model-6.0/src/core_ocean/BGC -I.
rm -f ESMF_AlarmMod.o ESMF_AlarmMod.mod
ftn -O3 -m64 -ffree-line-length-none -fconvert=big-endian -ffree-form -fdefault-real-8 -fdefault-double-8 -DUNDERSCORE -D_MPI   -DCORE_OCEAN -DMPAS_NAMELIST_SUFFIX=ocean -DMPAS_EXE_NAME=ocean_model -DMPAS_NATIVE_TIMERS -DMPAS_GIT_VERSION=unknown -DHIDE_MPI -O3 -m64 -ffree-line-length-none -fconvert=big-endian -ffree-form -fdefault-real-8 -fdefault-double-8 -c ESMF_AlarmMod.F90 -I/global/u2/h/hgkang/my_programs/ParallelIO_1.9.23/build/pio -I/global/u2/h/hgkang/my_programs/ParallelIO_1.9.23/build/pio -I/global/u2/h/hgkang/MPAS/MPAS-Model-6.0/src/core_ocean/driver  -I/global/u2/h/hgkang/MPAS/MPAS-Model-6.0/src/core_ocean/mode_forward -I/global/u2/h/hgkang/MPAS/MPAS-Model-6.0/src/core_ocean/mode_analysis -I/global/u2/h/hgkang/MPAS/MPAS-Model-6.0/src/core_ocean/mode_init -I/global/u2/h/hgkang/MPAS/MPAS-Model-6.0/src/core_ocean/shared -I/global/u2/h/hgkang/MPAS/MPAS-Model-6.0/src/core_ocean/analysis_members -I/global/u2/h/hgkang/MPAS/MPAS-Model-6.0/src/core_ocean/cvmix -I/global/u2/h/hgkang/MPAS/MPAS-Model-6.0/src/core_ocean/BGC -I.
rm -f ESMF_ClockMod.o ESMF_ClockMod.mod
ftn -O3 -m64 -ffree-line-length-none -fconvert=big-endian -ffree-form -fdefault-real-8 -fdefault-double-8 -DUNDERSCORE -D_MPI   -DCORE_OCEAN -DMPAS_NAMELIST_SUFFIX=ocean -DMPAS_EXE_NAME=ocean_model -DMPAS_NATIVE_TIMERS -DMPAS_GIT_VERSION=unknown -DHIDE_MPI -O3 -m64 -ffree-line-length-none -fconvert=big-endian -ffree-form -fdefault-real-8 -fdefault-double-8 -c ESMF_ClockMod.F90 -I/global/u2/h/hgkang/my_programs/ParallelIO_1.9.23/build/pio -I/global/u2/h/hgkang/my_programs/ParallelIO_1.9.23/build/pio -I/global/u2/h/hgkang/MPAS/MPAS-Model-6.0/src/core_ocean/driver  -I/global/u2/h/hgkang/MPAS/MPAS-Model-6.0/src/core_ocean/mode_forward -I/global/u2/h/hgkang/MPAS/MPAS-Model-6.0/src/core_ocean/mode_analysis -I/global/u2/h/hgkang/MPAS/MPAS-Model-6.0/src/core_ocean/mode_init -I/global/u2/h/hgkang/MPAS/MPAS-Model-6.0/src/core_ocean/shared -I/global/u2/h/hgkang/MPAS/MPAS-Model-6.0/src/core_ocean/analysis_members -I/global/u2/h/hgkang/MPAS/MPAS-Model-6.0/src/core_ocean/cvmix -I/global/u2/h/hgkang/MPAS/MPAS-Model-6.0/src/core_ocean/BGC -I.
rm -f ESMF_AlarmClockMod.o ESMF_AlarmClockMod.mod
ftn -O3 -m64 -ffree-line-length-none -fconvert=big-endian -ffree-form -fdefault-real-8 -fdefault-double-8 -DUNDERSCORE -D_MPI   -DCORE_OCEAN -DMPAS_NAMELIST_SUFFIX=ocean -DMPAS_EXE_NAME=ocean_model -DMPAS_NATIVE_TIMERS -DMPAS_GIT_VERSION=unknown -DHIDE_MPI -O3 -m64 -ffree-line-length-none -fconvert=big-endian -ffree-form -fdefault-real-8 -fdefault-double-8 -c ESMF_AlarmClockMod.F90 -I/global/u2/h/hgkang/my_programs/ParallelIO_1.9.23/build/pio -I/global/u2/h/hgkang/my_programs/ParallelIO_1.9.23/build/pio -I/global/u2/h/hgkang/MPAS/MPAS-Model-6.0/src/core_ocean/driver  -I/global/u2/h/hgkang/MPAS/MPAS-Model-6.0/src/core_ocean/mode_forward -I/global/u2/h/hgkang/MPAS/MPAS-Model-6.0/src/core_ocean/mode_analysis -I/global/u2/h/hgkang/MPAS/MPAS-Model-6.0/src/core_ocean/mode_init -I/global/u2/h/hgkang/MPAS/MPAS-Model-6.0/src/core_ocean/shared -I/global/u2/h/hgkang/MPAS/MPAS-Model-6.0/src/core_ocean/analysis_members -I/global/u2/h/hgkang/MPAS/MPAS-Model-6.0/src/core_ocean/cvmix -I/global/u2/h/hgkang/MPAS/MPAS-Model-6.0/src/core_ocean/BGC -I.
rm -f MeatMod.o MeatMod.mod
ftn -O3 -m64 -ffree-line-length-none -fconvert=big-endian -ffree-form -fdefault-real-8 -fdefault-double-8 -DUNDERSCORE -D_MPI   -DCORE_OCEAN -DMPAS_NAMELIST_SUFFIX=ocean -DMPAS_EXE_NAME=ocean_model -DMPAS_NATIVE_TIMERS -DMPAS_GIT_VERSION=unknown -DHIDE_MPI -O3 -m64 -ffree-line-length-none -fconvert=big-endian -ffree-form -fdefault-real-8 -fdefault-double-8 -c MeatMod.F90 -I/global/u2/h/hgkang/my_programs/ParallelIO_1.9.23/build/pio -I/global/u2/h/hgkang/my_programs/ParallelIO_1.9.23/build/pio -I/global/u2/h/hgkang/MPAS/MPAS-Model-6.0/src/core_ocean/driver  -I/global/u2/h/hgkang/MPAS/MPAS-Model-6.0/src/core_ocean/mode_forward -I/global/u2/h/hgkang/MPAS/MPAS-Model-6.0/src/core_ocean/mode_analysis -I/global/u2/h/hgkang/MPAS/MPAS-Model-6.0/src/core_ocean/mode_init -I/global/u2/h/hgkang/MPAS/MPAS-Model-6.0/src/core_ocean/shared -I/global/u2/h/hgkang/MPAS/MPAS-Model-6.0/src/core_ocean/analysis_members -I/global/u2/h/hgkang/MPAS/MPAS-Model-6.0/src/core_ocean/cvmix -I/global/u2/h/hgkang/MPAS/MPAS-Model-6.0/src/core_ocean/BGC -I.
rm -f ESMF.o ESMF.mod
ftn -O3 -m64 -ffree-line-length-none -fconvert=big-endian -ffree-form -fdefault-real-8 -fdefault-double-8 -DUNDERSCORE -D_MPI   -DCORE_OCEAN -DMPAS_NAMELIST_SUFFIX=ocean -DMPAS_EXE_NAME=ocean_model -DMPAS_NATIVE_TIMERS -DMPAS_GIT_VERSION=unknown -DHIDE_MPI -O3 -m64 -ffree-line-length-none -fconvert=big-endian -ffree-form -fdefault-real-8 -fdefault-double-8 -c ESMF.F90 -I/global/u2/h/hgkang/my_programs/ParallelIO_1.9.23/build/pio -I/global/u2/h/hgkang/my_programs/ParallelIO_1.9.23/build/pio -I/global/u2/h/hgkang/MPAS/MPAS-Model-6.0/src/core_ocean/driver  -I/global/u2/h/hgkang/MPAS/MPAS-Model-6.0/src/core_ocean/mode_forward -I/global/u2/h/hgkang/MPAS/MPAS-Model-6.0/src/core_ocean/mode_analysis -I/global/u2/h/hgkang/MPAS/MPAS-Model-6.0/src/core_ocean/mode_init -I/global/u2/h/hgkang/MPAS/MPAS-Model-6.0/src/core_ocean/shared -I/global/u2/h/hgkang/MPAS/MPAS-Model-6.0/src/core_ocean/analysis_members -I/global/u2/h/hgkang/MPAS/MPAS-Model-6.0/src/core_ocean/cvmix -I/global/u2/h/hgkang/MPAS/MPAS-Model-6.0/src/core_ocean/BGC -I.
rm -f wrf_error_fatal.o wrf_error_fatal.mod
ftn -O3 -m64 -ffree-line-length-none -fconvert=big-endian -ffree-form -fdefault-real-8 -fdefault-double-8 -DUNDERSCORE -D_MPI   -DCORE_OCEAN -DMPAS_NAMELIST_SUFFIX=ocean -DMPAS_EXE_NAME=ocean_model -DMPAS_NATIVE_TIMERS -DMPAS_GIT_VERSION=unknown -DHIDE_MPI -O3 -m64 -ffree-line-length-none -fconvert=big-endian -ffree-form -fdefault-real-8 -fdefault-double-8 -c wrf_error_fatal.F90 -I/global/u2/h/hgkang/my_programs/ParallelIO_1.9.23/build/pio -I/global/u2/h/hgkang/my_programs/ParallelIO_1.9.23/build/pio -I/global/u2/h/hgkang/MPAS/MPAS-Model-6.0/src/core_ocean/driver  -I/global/u2/h/hgkang/MPAS/MPAS-Model-6.0/src/core_ocean/mode_forward -I/global/u2/h/hgkang/MPAS/MPAS-Model-6.0/src/core_ocean/mode_analysis -I/global/u2/h/hgkang/MPAS/MPAS-Model-6.0/src/core_ocean/mode_init -I/global/u2/h/hgkang/MPAS/MPAS-Model-6.0/src/core_ocean/shared -I/global/u2/h/hgkang/MPAS/MPAS-Model-6.0/src/core_ocean/analysis_members -I/global/u2/h/hgkang/MPAS/MPAS-Model-6.0/src/core_ocean/cvmix -I/global/u2/h/hgkang/MPAS/MPAS-Model-6.0/src/core_ocean/BGC -I.
rm -f wrf_message.o wrf_message.mod
ftn -O3 -m64 -ffree-line-length-none -fconvert=big-endian -ffree-form -fdefault-real-8 -fdefault-double-8 -DUNDERSCORE -D_MPI   -DCORE_OCEAN -DMPAS_NAMELIST_SUFFIX=ocean -DMPAS_EXE_NAME=ocean_model -DMPAS_NATIVE_TIMERS -DMPAS_GIT_VERSION=unknown -DHIDE_MPI -O3 -m64 -ffree-line-length-none -fconvert=big-endian -ffree-form -fdefault-real-8 -fdefault-double-8 -c wrf_message.F90 -I/global/u2/h/hgkang/my_programs/ParallelIO_1.9.23/build/pio -I/global/u2/h/hgkang/my_programs/ParallelIO_1.9.23/build/pio -I/global/u2/h/hgkang/MPAS/MPAS-Model-6.0/src/core_ocean/driver  -I/global/u2/h/hgkang/MPAS/MPAS-Model-6.0/src/core_ocean/mode_forward -I/global/u2/h/hgkang/MPAS/MPAS-Model-6.0/src/core_ocean/mode_analysis -I/global/u2/h/hgkang/MPAS/MPAS-Model-6.0/src/core_ocean/mode_init -I/global/u2/h/hgkang/MPAS/MPAS-Model-6.0/src/core_ocean/shared -I/global/u2/h/hgkang/MPAS/MPAS-Model-6.0/src/core_ocean/analysis_members -I/global/u2/h/hgkang/MPAS/MPAS-Model-6.0/src/core_ocean/cvmix -I/global/u2/h/hgkang/MPAS/MPAS-Model-6.0/src/core_ocean/BGC -I.
ar -ru libesmf_time.a *.o
ar: creating libesmf_time.a
make[4]: Leaving directory '/global/u2/h/hgkang/MPAS/MPAS-Model-6.0/src/external/esmf_time_f90'
( cd ezxml; make )
make[4]: Entering directory '/global/u2/h/hgkang/MPAS/MPAS-Model-6.0/src/external/ezxml'
rm -f *.o *.i
make -j 1 library
make[5]: Entering directory '/global/u2/h/hgkang/MPAS/MPAS-Model-6.0/src/external/ezxml'
cc -O3 -m64 -DUNDERSCORE -D_MPI   -DCORE_OCEAN -DMPAS_NAMELIST_SUFFIX=ocean -DMPAS_EXE_NAME=ocean_model -DMPAS_NATIVE_TIMERS -DMPAS_GIT_VERSION=unknown -c ezxml.c
make[5]: Leaving directory '/global/u2/h/hgkang/MPAS/MPAS-Model-6.0/src/external/ezxml'
make[4]: Leaving directory '/global/u2/h/hgkang/MPAS/MPAS-Model-6.0/src/external/ezxml'
make[3]: Leaving directory '/global/u2/h/hgkang/MPAS/MPAS-Model-6.0/src/external'
( cd framework; make CPPFLAGS="-DUNDERSCORE -D_MPI   -DCORE_OCEAN -DMPAS_NAMELIST_SUFFIX=ocean -DMPAS_EXE_NAME=ocean_model -DMPAS_NATIVE_TIMERS -DMPAS_GIT_VERSION=unknown" CPPINCLUDES="-I/global/u2/h/hgkang/my_programs/ParallelIO_1.9.23/build/pio" all ) 
make[3]: Entering directory '/global/u2/h/hgkang/MPAS/MPAS-Model-6.0/src/framework'
rm -f mpas_kind_types.o mpas_kind_types.mod
ftn -DUNDERSCORE -D_MPI   -DCORE_OCEAN -DMPAS_NAMELIST_SUFFIX=ocean -DMPAS_EXE_NAME=ocean_model -DMPAS_NATIVE_TIMERS -DMPAS_GIT_VERSION=unknown -O3 -m64 -ffree-line-length-none -fconvert=big-endian -ffree-form -fdefault-real-8 -fdefault-double-8 -c mpas_kind_types.F -I/global/u2/h/hgkang/my_programs/ParallelIO_1.9.23/build/pio -I/global/u2/h/hgkang/my_programs/ParallelIO_1.9.23/build/pio -I/global/u2/h/hgkang/MPAS/MPAS-Model-6.0/src/core_ocean/driver  -I/global/u2/h/hgkang/MPAS/MPAS-Model-6.0/src/core_ocean/mode_forward -I/global/u2/h/hgkang/MPAS/MPAS-Model-6.0/src/core_ocean/mode_analysis -I/global/u2/h/hgkang/MPAS/MPAS-Model-6.0/src/core_ocean/mode_init -I/global/u2/h/hgkang/MPAS/MPAS-Model-6.0/src/core_ocean/shared -I/global/u2/h/hgkang/MPAS/MPAS-Model-6.0/src/core_ocean/analysis_members -I/global/u2/h/hgkang/MPAS/MPAS-Model-6.0/src/core_ocean/cvmix -I/global/u2/h/hgkang/MPAS/MPAS-Model-6.0/src/core_ocean/BGC -I../external/esmf_time_f90
rm -f mpas_constants.o mpas_constants.mod
ftn -DUNDERSCORE -D_MPI   -DCORE_OCEAN -DMPAS_NAMELIST_SUFFIX=ocean -DMPAS_EXE_NAME=ocean_model -DMPAS_NATIVE_TIMERS -DMPAS_GIT_VERSION=unknown -O3 -m64 -ffree-line-length-none -fconvert=big-endian -ffree-form -fdefault-real-8 -fdefault-double-8 -c mpas_constants.F -I/global/u2/h/hgkang/my_programs/ParallelIO_1.9.23/build/pio -I/global/u2/h/hgkang/my_programs/ParallelIO_1.9.23/build/pio -I/global/u2/h/hgkang/MPAS/MPAS-Model-6.0/src/core_ocean/driver  -I/global/u2/h/hgkang/MPAS/MPAS-Model-6.0/src/core_ocean/mode_forward -I/global/u2/h/hgkang/MPAS/MPAS-Model-6.0/src/core_ocean/mode_analysis -I/global/u2/h/hgkang/MPAS/MPAS-Model-6.0/src/core_ocean/mode_init -I/global/u2/h/hgkang/MPAS/MPAS-Model-6.0/src/core_ocean/shared -I/global/u2/h/hgkang/MPAS/MPAS-Model-6.0/src/core_ocean/analysis_members -I/global/u2/h/hgkang/MPAS/MPAS-Model-6.0/src/core_ocean/cvmix -I/global/u2/h/hgkang/MPAS/MPAS-Model-6.0/src/core_ocean/BGC -I../external/esmf_time_f90
rm -f mpas_derived_types.o mpas_derived_types.mod
ftn -DUNDERSCORE -D_MPI   -DCORE_OCEAN -DMPAS_NAMELIST_SUFFIX=ocean -DMPAS_EXE_NAME=ocean_model -DMPAS_NATIVE_TIMERS -DMPAS_GIT_VERSION=unknown -O3 -m64 -ffree-line-length-none -fconvert=big-endian -ffree-form -fdefault-real-8 -fdefault-double-8 -c mpas_derived_types.F -I/global/u2/h/hgkang/my_programs/ParallelIO_1.9.23/build/pio -I/global/u2/h/hgkang/my_programs/ParallelIO_1.9.23/build/pio -I/global/u2/h/hgkang/MPAS/MPAS-Model-6.0/src/core_ocean/driver  -I/global/u2/h/hgkang/MPAS/MPAS-Model-6.0/src/core_ocean/mode_forward -I/global/u2/h/hgkang/MPAS/MPAS-Model-6.0/src/core_ocean/mode_analysis -I/global/u2/h/hgkang/MPAS/MPAS-Model-6.0/src/core_ocean/mode_init -I/global/u2/h/hgkang/MPAS/MPAS-Model-6.0/src/core_ocean/shared -I/global/u2/h/hgkang/MPAS/MPAS-Model-6.0/src/core_ocean/analysis_members -I/global/u2/h/hgkang/MPAS/MPAS-Model-6.0/src/core_ocean/cvmix -I/global/u2/h/hgkang/MPAS/MPAS-Model-6.0/src/core_ocean/BGC -I../external/esmf_time_f90
rm -f mpas_io_units.o mpas_io_units.mod
ftn -DUNDERSCORE -D_MPI   -DCORE_OCEAN -DMPAS_NAMELIST_SUFFIX=ocean -DMPAS_EXE_NAME=ocean_model -DMPAS_NATIVE_TIMERS -DMPAS_GIT_VERSION=unknown -O3 -m64 -ffree-line-length-none -fconvert=big-endian -ffree-form -fdefault-real-8 -fdefault-double-8 -c mpas_io_units.F -I/global/u2/h/hgkang/my_programs/ParallelIO_1.9.23/build/pio -I/global/u2/h/hgkang/my_programs/ParallelIO_1.9.23/build/pio -I/global/u2/h/hgkang/MPAS/MPAS-Model-6.0/src/core_ocean/driver  -I/global/u2/h/hgkang/MPAS/MPAS-Model-6.0/src/core_ocean/mode_forward -I/global/u2/h/hgkang/MPAS/MPAS-Model-6.0/src/core_ocean/mode_analysis -I/global/u2/h/hgkang/MPAS/MPAS-Model-6.0/src/core_ocean/mode_init -I/global/u2/h/hgkang/MPAS/MPAS-Model-6.0/src/core_ocean/shared -I/global/u2/h/hgkang/MPAS/MPAS-Model-6.0/src/core_ocean/analysis_members -I/global/u2/h/hgkang/MPAS/MPAS-Model-6.0/src/core_ocean/cvmix -I/global/u2/h/hgkang/MPAS/MPAS-Model-6.0/src/core_ocean/BGC -I../external/esmf_time_f90
rm -f mpas_threading.o mpas_threading.mod
ftn -DUNDERSCORE -D_MPI   -DCORE_OCEAN -DMPAS_NAMELIST_SUFFIX=ocean -DMPAS_EXE_NAME=ocean_model -DMPAS_NATIVE_TIMERS -DMPAS_GIT_VERSION=unknown -O3 -m64 -ffree-line-length-none -fconvert=big-endian -ffree-form -fdefault-real-8 -fdefault-double-8 -c mpas_threading.F -I/global/u2/h/hgkang/my_programs/ParallelIO_1.9.23/build/pio -I/global/u2/h/hgkang/my_programs/ParallelIO_1.9.23/build/pio -I/global/u2/h/hgkang/MPAS/MPAS-Model-6.0/src/core_ocean/driver  -I/global/u2/h/hgkang/MPAS/MPAS-Model-6.0/src/core_ocean/mode_forward -I/global/u2/h/hgkang/MPAS/MPAS-Model-6.0/src/core_ocean/mode_analysis -I/global/u2/h/hgkang/MPAS/MPAS-Model-6.0/src/core_ocean/mode_init -I/global/u2/h/hgkang/MPAS/MPAS-Model-6.0/src/core_ocean/shared -I/global/u2/h/hgkang/MPAS/MPAS-Model-6.0/src/core_ocean/analysis_members -I/global/u2/h/hgkang/MPAS/MPAS-Model-6.0/src/core_ocean/cvmix -I/global/u2/h/hgkang/MPAS/MPAS-Model-6.0/src/core_ocean/BGC -I../external/esmf_time_f90
rm -f mpas_abort.o mpas_abort.mod
ftn -DUNDERSCORE -D_MPI   -DCORE_OCEAN -DMPAS_NAMELIST_SUFFIX=ocean -DMPAS_EXE_NAME=ocean_model -DMPAS_NATIVE_TIMERS -DMPAS_GIT_VERSION=unknown -O3 -m64 -ffree-line-length-none -fconvert=big-endian -ffree-form -fdefault-real-8 -fdefault-double-8 -c mpas_abort.F -I/global/u2/h/hgkang/my_programs/ParallelIO_1.9.23/build/pio -I/global/u2/h/hgkang/my_programs/ParallelIO_1.9.23/build/pio -I/global/u2/h/hgkang/MPAS/MPAS-Model-6.0/src/core_ocean/driver  -I/global/u2/h/hgkang/MPAS/MPAS-Model-6.0/src/core_ocean/mode_forward -I/global/u2/h/hgkang/MPAS/MPAS-Model-6.0/src/core_ocean/mode_analysis -I/global/u2/h/hgkang/MPAS/MPAS-Model-6.0/src/core_ocean/mode_init -I/global/u2/h/hgkang/MPAS/MPAS-Model-6.0/src/core_ocean/shared -I/global/u2/h/hgkang/MPAS/MPAS-Model-6.0/src/core_ocean/analysis_members -I/global/u2/h/hgkang/MPAS/MPAS-Model-6.0/src/core_ocean/cvmix -I/global/u2/h/hgkang/MPAS/MPAS-Model-6.0/src/core_ocean/BGC -I../external/esmf_time_f90
rm -f mpas_c_interfacing.o mpas_c_interfacing.mod
ftn -DUNDERSCORE -D_MPI   -DCORE_OCEAN -DMPAS_NAMELIST_SUFFIX=ocean -DMPAS_EXE_NAME=ocean_model -DMPAS_NATIVE_TIMERS -DMPAS_GIT_VERSION=unknown -O3 -m64 -ffree-line-length-none -fconvert=big-endian -ffree-form -fdefault-real-8 -fdefault-double-8 -c mpas_c_interfacing.F -I/global/u2/h/hgkang/my_programs/ParallelIO_1.9.23/build/pio -I/global/u2/h/hgkang/my_programs/ParallelIO_1.9.23/build/pio -I/global/u2/h/hgkang/MPAS/MPAS-Model-6.0/src/core_ocean/driver  -I/global/u2/h/hgkang/MPAS/MPAS-Model-6.0/src/core_ocean/mode_forward -I/global/u2/h/hgkang/MPAS/MPAS-Model-6.0/src/core_ocean/mode_analysis -I/global/u2/h/hgkang/MPAS/MPAS-Model-6.0/src/core_ocean/mode_init -I/global/u2/h/hgkang/MPAS/MPAS-Model-6.0/src/core_ocean/shared -I/global/u2/h/hgkang/MPAS/MPAS-Model-6.0/src/core_ocean/analysis_members -I/global/u2/h/hgkang/MPAS/MPAS-Model-6.0/src/core_ocean/cvmix -I/global/u2/h/hgkang/MPAS/MPAS-Model-6.0/src/core_ocean/BGC -I../external/esmf_time_f90
rm -f mpas_log.o mpas_log.mod
ftn -DUNDERSCORE -D_MPI   -DCORE_OCEAN -DMPAS_NAMELIST_SUFFIX=ocean -DMPAS_EXE_NAME=ocean_model -DMPAS_NATIVE_TIMERS -DMPAS_GIT_VERSION=unknown -O3 -m64 -ffree-line-length-none -fconvert=big-endian -ffree-form -fdefault-real-8 -fdefault-double-8 -c mpas_log.F -I/global/u2/h/hgkang/my_programs/ParallelIO_1.9.23/build/pio -I/global/u2/h/hgkang/my_programs/ParallelIO_1.9.23/build/pio -I/global/u2/h/hgkang/MPAS/MPAS-Model-6.0/src/core_ocean/driver  -I/global/u2/h/hgkang/MPAS/MPAS-Model-6.0/src/core_ocean/mode_forward -I/global/u2/h/hgkang/MPAS/MPAS-Model-6.0/src/core_ocean/mode_analysis -I/global/u2/h/hgkang/MPAS/MPAS-Model-6.0/src/core_ocean/mode_init -I/global/u2/h/hgkang/MPAS/MPAS-Model-6.0/src/core_ocean/shared -I/global/u2/h/hgkang/MPAS/MPAS-Model-6.0/src/core_ocean/analysis_members -I/global/u2/h/hgkang/MPAS/MPAS-Model-6.0/src/core_ocean/cvmix -I/global/u2/h/hgkang/MPAS/MPAS-Model-6.0/src/core_ocean/BGC -I../external/esmf_time_f90
rm -f mpas_sort.o mpas_sort.mod
ftn -DUNDERSCORE -D_MPI   -DCORE_OCEAN -DMPAS_NAMELIST_SUFFIX=ocean -DMPAS_EXE_NAME=ocean_model -DMPAS_NATIVE_TIMERS -DMPAS_GIT_VERSION=unknown -O3 -m64 -ffree-line-length-none -fconvert=big-endian -ffree-form -fdefault-real-8 -fdefault-double-8 -c mpas_sort.F -I/global/u2/h/hgkang/my_programs/ParallelIO_1.9.23/build/pio -I/global/u2/h/hgkang/my_programs/ParallelIO_1.9.23/build/pio -I/global/u2/h/hgkang/MPAS/MPAS-Model-6.0/src/core_ocean/driver  -I/global/u2/h/hgkang/MPAS/MPAS-Model-6.0/src/core_ocean/mode_forward -I/global/u2/h/hgkang/MPAS/MPAS-Model-6.0/src/core_ocean/mode_analysis -I/global/u2/h/hgkang/MPAS/MPAS-Model-6.0/src/core_ocean/mode_init -I/global/u2/h/hgkang/MPAS/MPAS-Model-6.0/src/core_ocean/shared -I/global/u2/h/hgkang/MPAS/MPAS-Model-6.0/src/core_ocean/analysis_members -I/global/u2/h/hgkang/MPAS/MPAS-Model-6.0/src/core_ocean/cvmix -I/global/u2/h/hgkang/MPAS/MPAS-Model-6.0/src/core_ocean/BGC -I../external/esmf_time_f90
rm -f mpas_hash.o mpas_hash.mod
ftn -DUNDERSCORE -D_MPI   -DCORE_OCEAN -DMPAS_NAMELIST_SUFFIX=ocean -DMPAS_EXE_NAME=ocean_model -DMPAS_NATIVE_TIMERS -DMPAS_GIT_VERSION=unknown -O3 -m64 -ffree-line-length-none -fconvert=big-endian -ffree-form -fdefault-real-8 -fdefault-double-8 -c mpas_hash.F -I/global/u2/h/hgkang/my_programs/ParallelIO_1.9.23/build/pio -I/global/u2/h/hgkang/my_programs/ParallelIO_1.9.23/build/pio -I/global/u2/h/hgkang/MPAS/MPAS-Model-6.0/src/core_ocean/driver  -I/global/u2/h/hgkang/MPAS/MPAS-Model-6.0/src/core_ocean/mode_forward -I/global/u2/h/hgkang/MPAS/MPAS-Model-6.0/src/core_ocean/mode_analysis -I/global/u2/h/hgkang/MPAS/MPAS-Model-6.0/src/core_ocean/mode_init -I/global/u2/h/hgkang/MPAS/MPAS-Model-6.0/src/core_ocean/shared -I/global/u2/h/hgkang/MPAS/MPAS-Model-6.0/src/core_ocean/analysis_members -I/global/u2/h/hgkang/MPAS/MPAS-Model-6.0/src/core_ocean/cvmix -I/global/u2/h/hgkang/MPAS/MPAS-Model-6.0/src/core_ocean/BGC -I../external/esmf_time_f90
rm -f mpas_attlist.o mpas_attlist.mod
ftn -DUNDERSCORE -D_MPI   -DCORE_OCEAN -DMPAS_NAMELIST_SUFFIX=ocean -DMPAS_EXE_NAME=ocean_model -DMPAS_NATIVE_TIMERS -DMPAS_GIT_VERSION=unknown -O3 -m64 -ffree-line-length-none -fconvert=big-endian -ffree-form -fdefault-real-8 -fdefault-double-8 -c mpas_attlist.F -I/global/u2/h/hgkang/my_programs/ParallelIO_1.9.23/build/pio -I/global/u2/h/hgkang/my_programs/ParallelIO_1.9.23/build/pio -I/global/u2/h/hgkang/MPAS/MPAS-Model-6.0/src/core_ocean/driver  -I/global/u2/h/hgkang/MPAS/MPAS-Model-6.0/src/core_ocean/mode_forward -I/global/u2/h/hgkang/MPAS/MPAS-Model-6.0/src/core_ocean/mode_analysis -I/global/u2/h/hgkang/MPAS/MPAS-Model-6.0/src/core_ocean/mode_init -I/global/u2/h/hgkang/MPAS/MPAS-Model-6.0/src/core_ocean/shared -I/global/u2/h/hgkang/MPAS/MPAS-Model-6.0/src/core_ocean/analysis_members -I/global/u2/h/hgkang/MPAS/MPAS-Model-6.0/src/core_ocean/cvmix -I/global/u2/h/hgkang/MPAS/MPAS-Model-6.0/src/core_ocean/BGC -I../external/esmf_time_f90
rm -f mpas_field_routines.o mpas_field_routines.mod
ftn -DUNDERSCORE -D_MPI   -DCORE_OCEAN -DMPAS_NAMELIST_SUFFIX=ocean -DMPAS_EXE_NAME=ocean_model -DMPAS_NATIVE_TIMERS -DMPAS_GIT_VERSION=unknown -O3 -m64 -ffree-line-length-none -fconvert=big-endian -ffree-form -fdefault-real-8 -fdefault-double-8 -c mpas_field_routines.F -I/global/u2/h/hgkang/my_programs/ParallelIO_1.9.23/build/pio -I/global/u2/h/hgkang/my_programs/ParallelIO_1.9.23/build/pio -I/global/u2/h/hgkang/MPAS/MPAS-Model-6.0/src/core_ocean/driver  -I/global/u2/h/hgkang/MPAS/MPAS-Model-6.0/src/core_ocean/mode_forward -I/global/u2/h/hgkang/MPAS/MPAS-Model-6.0/src/core_ocean/mode_analysis -I/global/u2/h/hgkang/MPAS/MPAS-Model-6.0/src/core_ocean/mode_init -I/global/u2/h/hgkang/MPAS/MPAS-Model-6.0/src/core_ocean/shared -I/global/u2/h/hgkang/MPAS/MPAS-Model-6.0/src/core_ocean/analysis_members -I/global/u2/h/hgkang/MPAS/MPAS-Model-6.0/src/core_ocean/cvmix -I/global/u2/h/hgkang/MPAS/MPAS-Model-6.0/src/core_ocean/BGC -I../external/esmf_time_f90
rm -f mpas_pool_routines.o mpas_pool_routines.mod
ftn -DUNDERSCORE -D_MPI   -DCORE_OCEAN -DMPAS_NAMELIST_SUFFIX=ocean -DMPAS_EXE_NAME=ocean_model -DMPAS_NATIVE_TIMERS -DMPAS_GIT_VERSION=unknown -O3 -m64 -ffree-line-length-none -fconvert=big-endian -ffree-form -fdefault-real-8 -fdefault-double-8 -c mpas_pool_routines.F -I/global/u2/h/hgkang/my_programs/ParallelIO_1.9.23/build/pio -I/global/u2/h/hgkang/my_programs/ParallelIO_1.9.23/build/pio -I/global/u2/h/hgkang/MPAS/MPAS-Model-6.0/src/core_ocean/driver  -I/global/u2/h/hgkang/MPAS/MPAS-Model-6.0/src/core_ocean/mode_forward -I/global/u2/h/hgkang/MPAS/MPAS-Model-6.0/src/core_ocean/mode_analysis -I/global/u2/h/hgkang/MPAS/MPAS-Model-6.0/src/core_ocean/mode_init -I/global/u2/h/hgkang/MPAS/MPAS-Model-6.0/src/core_ocean/shared -I/global/u2/h/hgkang/MPAS/MPAS-Model-6.0/src/core_ocean/analysis_members -I/global/u2/h/hgkang/MPAS/MPAS-Model-6.0/src/core_ocean/cvmix -I/global/u2/h/hgkang/MPAS/MPAS-Model-6.0/src/core_ocean/BGC -I../external/esmf_time_f90
rm -f mpas_dmpar.o mpas_dmpar.mod
ftn -DUNDERSCORE -D_MPI   -DCORE_OCEAN -DMPAS_NAMELIST_SUFFIX=ocean -DMPAS_EXE_NAME=ocean_model -DMPAS_NATIVE_TIMERS -DMPAS_GIT_VERSION=unknown -O3 -m64 -ffree-line-length-none -fconvert=big-endian -ffree-form -fdefault-real-8 -fdefault-double-8 -c mpas_dmpar.F -I/global/u2/h/hgkang/my_programs/ParallelIO_1.9.23/build/pio -I/global/u2/h/hgkang/my_programs/ParallelIO_1.9.23/build/pio -I/global/u2/h/hgkang/MPAS/MPAS-Model-6.0/src/core_ocean/driver  -I/global/u2/h/hgkang/MPAS/MPAS-Model-6.0/src/core_ocean/mode_forward -I/global/u2/h/hgkang/MPAS/MPAS-Model-6.0/src/core_ocean/mode_analysis -I/global/u2/h/hgkang/MPAS/MPAS-Model-6.0/src/core_ocean/mode_init -I/global/u2/h/hgkang/MPAS/MPAS-Model-6.0/src/core_ocean/shared -I/global/u2/h/hgkang/MPAS/MPAS-Model-6.0/src/core_ocean/analysis_members -I/global/u2/h/hgkang/MPAS/MPAS-Model-6.0/src/core_ocean/cvmix -I/global/u2/h/hgkang/MPAS/MPAS-Model-6.0/src/core_ocean/BGC -I../external/esmf_time_f90
rm -f mpas_io.o mpas_io.mod
ftn -DUNDERSCORE -D_MPI   -DCORE_OCEAN -DMPAS_NAMELIST_SUFFIX=ocean -DMPAS_EXE_NAME=ocean_model -DMPAS_NATIVE_TIMERS -DMPAS_GIT_VERSION=unknown -O3 -m64 -ffree-line-length-none -fconvert=big-endian -ffree-form -fdefault-real-8 -fdefault-double-8 -c mpas_io.F -I/global/u2/h/hgkang/my_programs/ParallelIO_1.9.23/build/pio -I/global/u2/h/hgkang/my_programs/ParallelIO_1.9.23/build/pio -I/global/u2/h/hgkang/MPAS/MPAS-Model-6.0/src/core_ocean/driver  -I/global/u2/h/hgkang/MPAS/MPAS-Model-6.0/src/core_ocean/mode_forward -I/global/u2/h/hgkang/MPAS/MPAS-Model-6.0/src/core_ocean/mode_analysis -I/global/u2/h/hgkang/MPAS/MPAS-Model-6.0/src/core_ocean/mode_init -I/global/u2/h/hgkang/MPAS/MPAS-Model-6.0/src/core_ocean/shared -I/global/u2/h/hgkang/MPAS/MPAS-Model-6.0/src/core_ocean/analysis_members -I/global/u2/h/hgkang/MPAS/MPAS-Model-6.0/src/core_ocean/cvmix -I/global/u2/h/hgkang/MPAS/MPAS-Model-6.0/src/core_ocean/BGC -I../external/esmf_time_f90
rm -f mpas_domain_routines.o mpas_domain_routines.mod
ftn -DUNDERSCORE -D_MPI   -DCORE_OCEAN -DMPAS_NAMELIST_SUFFIX=ocean -DMPAS_EXE_NAME=ocean_model -DMPAS_NATIVE_TIMERS -DMPAS_GIT_VERSION=unknown -O3 -m64 -ffree-line-length-none -fconvert=big-endian -ffree-form -fdefault-real-8 -fdefault-double-8 -c mpas_domain_routines.F -I/global/u2/h/hgkang/my_programs/ParallelIO_1.9.23/build/pio -I/global/u2/h/hgkang/my_programs/ParallelIO_1.9.23/build/pio -I/global/u2/h/hgkang/MPAS/MPAS-Model-6.0/src/core_ocean/driver  -I/global/u2/h/hgkang/MPAS/MPAS-Model-6.0/src/core_ocean/mode_forward -I/global/u2/h/hgkang/MPAS/MPAS-Model-6.0/src/core_ocean/mode_analysis -I/global/u2/h/hgkang/MPAS/MPAS-Model-6.0/src/core_ocean/mode_init -I/global/u2/h/hgkang/MPAS/MPAS-Model-6.0/src/core_ocean/shared -I/global/u2/h/hgkang/MPAS/MPAS-Model-6.0/src/core_ocean/analysis_members -I/global/u2/h/hgkang/MPAS/MPAS-Model-6.0/src/core_ocean/cvmix -I/global/u2/h/hgkang/MPAS/MPAS-Model-6.0/src/core_ocean/BGC -I../external/esmf_time_f90
rm -f mpas_timer.o mpas_timer.mod
ftn -DUNDERSCORE -D_MPI   -DCORE_OCEAN -DMPAS_NAMELIST_SUFFIX=ocean -DMPAS_EXE_NAME=ocean_model -DMPAS_NATIVE_TIMERS -DMPAS_GIT_VERSION=unknown -O3 -m64 -ffree-line-length-none -fconvert=big-endian -ffree-form -fdefault-real-8 -fdefault-double-8 -c mpas_timer.F -I/global/u2/h/hgkang/my_programs/ParallelIO_1.9.23/build/pio -I/global/u2/h/hgkang/my_programs/ParallelIO_1.9.23/build/pio -I/global/u2/h/hgkang/MPAS/MPAS-Model-6.0/src/core_ocean/driver  -I/global/u2/h/hgkang/MPAS/MPAS-Model-6.0/src/core_ocean/mode_forward -I/global/u2/h/hgkang/MPAS/MPAS-Model-6.0/src/core_ocean/mode_analysis -I/global/u2/h/hgkang/MPAS/MPAS-Model-6.0/src/core_ocean/mode_init -I/global/u2/h/hgkang/MPAS/MPAS-Model-6.0/src/core_ocean/shared -I/global/u2/h/hgkang/MPAS/MPAS-Model-6.0/src/core_ocean/analysis_members -I/global/u2/h/hgkang/MPAS/MPAS-Model-6.0/src/core_ocean/cvmix -I/global/u2/h/hgkang/MPAS/MPAS-Model-6.0/src/core_ocean/BGC -I../external/esmf_time_f90
rm -f mpas_block_decomp.o mpas_block_decomp.mod
ftn -DUNDERSCORE -D_MPI   -DCORE_OCEAN -DMPAS_NAMELIST_SUFFIX=ocean -DMPAS_EXE_NAME=ocean_model -DMPAS_NATIVE_TIMERS -DMPAS_GIT_VERSION=unknown -O3 -m64 -ffree-line-length-none -fconvert=big-endian -ffree-form -fdefault-real-8 -fdefault-double-8 -c mpas_block_decomp.F -I/global/u2/h/hgkang/my_programs/ParallelIO_1.9.23/build/pio -I/global/u2/h/hgkang/my_programs/ParallelIO_1.9.23/build/pio -I/global/u2/h/hgkang/MPAS/MPAS-Model-6.0/src/core_ocean/driver  -I/global/u2/h/hgkang/MPAS/MPAS-Model-6.0/src/core_ocean/mode_forward -I/global/u2/h/hgkang/MPAS/MPAS-Model-6.0/src/core_ocean/mode_analysis -I/global/u2/h/hgkang/MPAS/MPAS-Model-6.0/src/core_ocean/mode_init -I/global/u2/h/hgkang/MPAS/MPAS-Model-6.0/src/core_ocean/shared -I/global/u2/h/hgkang/MPAS/MPAS-Model-6.0/src/core_ocean/analysis_members -I/global/u2/h/hgkang/MPAS/MPAS-Model-6.0/src/core_ocean/cvmix -I/global/u2/h/hgkang/MPAS/MPAS-Model-6.0/src/core_ocean/BGC -I../external/esmf_time_f90
rm -f mpas_timekeeping.o mpas_timekeeping.mod
ftn -DUNDERSCORE -D_MPI   -DCORE_OCEAN -DMPAS_NAMELIST_SUFFIX=ocean -DMPAS_EXE_NAME=ocean_model -DMPAS_NATIVE_TIMERS -DMPAS_GIT_VERSION=unknown -O3 -m64 -ffree-line-length-none -fconvert=big-endian -ffree-form -fdefault-real-8 -fdefault-double-8 -c mpas_timekeeping.F -I/global/u2/h/hgkang/my_programs/ParallelIO_1.9.23/build/pio -I/global/u2/h/hgkang/my_programs/ParallelIO_1.9.23/build/pio -I/global/u2/h/hgkang/MPAS/MPAS-Model-6.0/src/core_ocean/driver  -I/global/u2/h/hgkang/MPAS/MPAS-Model-6.0/src/core_ocean/mode_forward -I/global/u2/h/hgkang/MPAS/MPAS-Model-6.0/src/core_ocean/mode_analysis -I/global/u2/h/hgkang/MPAS/MPAS-Model-6.0/src/core_ocean/mode_init -I/global/u2/h/hgkang/MPAS/MPAS-Model-6.0/src/core_ocean/shared -I/global/u2/h/hgkang/MPAS/MPAS-Model-6.0/src/core_ocean/analysis_members -I/global/u2/h/hgkang/MPAS/MPAS-Model-6.0/src/core_ocean/cvmix -I/global/u2/h/hgkang/MPAS/MPAS-Model-6.0/src/core_ocean/BGC -I../external/esmf_time_f90
rm -f mpas_io_streams.o mpas_io_streams.mod
ftn -DUNDERSCORE -D_MPI   -DCORE_OCEAN -DMPAS_NAMELIST_SUFFIX=ocean -DMPAS_EXE_NAME=ocean_model -DMPAS_NATIVE_TIMERS -DMPAS_GIT_VERSION=unknown -O3 -m64 -ffree-line-length-none -fconvert=big-endian -ffree-form -fdefault-real-8 -fdefault-double-8 -c mpas_io_streams.F -I/global/u2/h/hgkang/my_programs/ParallelIO_1.9.23/build/pio -I/global/u2/h/hgkang/my_programs/ParallelIO_1.9.23/build/pio -I/global/u2/h/hgkang/MPAS/MPAS-Model-6.0/src/core_ocean/driver  -I/global/u2/h/hgkang/MPAS/MPAS-Model-6.0/src/core_ocean/mode_forward -I/global/u2/h/hgkang/MPAS/MPAS-Model-6.0/src/core_ocean/mode_analysis -I/global/u2/h/hgkang/MPAS/MPAS-Model-6.0/src/core_ocean/mode_init -I/global/u2/h/hgkang/MPAS/MPAS-Model-6.0/src/core_ocean/shared -I/global/u2/h/hgkang/MPAS/MPAS-Model-6.0/src/core_ocean/analysis_members -I/global/u2/h/hgkang/MPAS/MPAS-Model-6.0/src/core_ocean/cvmix -I/global/u2/h/hgkang/MPAS/MPAS-Model-6.0/src/core_ocean/BGC -I../external/esmf_time_f90
cc -O3 -m64 -DUNDERSCORE -D_MPI   -DCORE_OCEAN -DMPAS_NAMELIST_SUFFIX=ocean -DMPAS_EXE_NAME=ocean_model -DMPAS_NATIVE_TIMERS -DMPAS_GIT_VERSION=unknown -I/global/u2/h/hgkang/my_programs/ParallelIO_1.9.23/build/pio -I../external/ezxml -c regex_matching.c
rm -f mpas_stream_list.o mpas_stream_list.mod
ftn -DUNDERSCORE -D_MPI   -DCORE_OCEAN -DMPAS_NAMELIST_SUFFIX=ocean -DMPAS_EXE_NAME=ocean_model -DMPAS_NATIVE_TIMERS -DMPAS_GIT_VERSION=unknown -O3 -m64 -ffree-line-length-none -fconvert=big-endian -ffree-form -fdefault-real-8 -fdefault-double-8 -c mpas_stream_list.F -I/global/u2/h/hgkang/my_programs/ParallelIO_1.9.23/build/pio -I/global/u2/h/hgkang/my_programs/ParallelIO_1.9.23/build/pio -I/global/u2/h/hgkang/MPAS/MPAS-Model-6.0/src/core_ocean/driver  -I/global/u2/h/hgkang/MPAS/MPAS-Model-6.0/src/core_ocean/mode_forward -I/global/u2/h/hgkang/MPAS/MPAS-Model-6.0/src/core_ocean/mode_analysis -I/global/u2/h/hgkang/MPAS/MPAS-Model-6.0/src/core_ocean/mode_init -I/global/u2/h/hgkang/MPAS/MPAS-Model-6.0/src/core_ocean/shared -I/global/u2/h/hgkang/MPAS/MPAS-Model-6.0/src/core_ocean/analysis_members -I/global/u2/h/hgkang/MPAS/MPAS-Model-6.0/src/core_ocean/cvmix -I/global/u2/h/hgkang/MPAS/MPAS-Model-6.0/src/core_ocean/BGC -I../external/esmf_time_f90
rm -f mpas_stream_manager.o mpas_stream_manager.mod
ftn -DUNDERSCORE -D_MPI   -DCORE_OCEAN -DMPAS_NAMELIST_SUFFIX=ocean -DMPAS_EXE_NAME=ocean_model -DMPAS_NATIVE_TIMERS -DMPAS_GIT_VERSION=unknown -O3 -m64 -ffree-line-length-none -fconvert=big-endian -ffree-form -fdefault-real-8 -fdefault-double-8 -c mpas_stream_manager.F -I/global/u2/h/hgkang/my_programs/ParallelIO_1.9.23/build/pio -I/global/u2/h/hgkang/my_programs/ParallelIO_1.9.23/build/pio -I/global/u2/h/hgkang/MPAS/MPAS-Model-6.0/src/core_ocean/driver  -I/global/u2/h/hgkang/MPAS/MPAS-Model-6.0/src/core_ocean/mode_forward -I/global/u2/h/hgkang/MPAS/MPAS-Model-6.0/src/core_ocean/mode_analysis -I/global/u2/h/hgkang/MPAS/MPAS-Model-6.0/src/core_ocean/mode_init -I/global/u2/h/hgkang/MPAS/MPAS-Model-6.0/src/core_ocean/shared -I/global/u2/h/hgkang/MPAS/MPAS-Model-6.0/src/core_ocean/analysis_members -I/global/u2/h/hgkang/MPAS/MPAS-Model-6.0/src/core_ocean/cvmix -I/global/u2/h/hgkang/MPAS/MPAS-Model-6.0/src/core_ocean/BGC -I../external/esmf_time_f90
rm -f mpas_framework.o mpas_framework.mod
ftn -DUNDERSCORE -D_MPI   -DCORE_OCEAN -DMPAS_NAMELIST_SUFFIX=ocean -DMPAS_EXE_NAME=ocean_model -DMPAS_NATIVE_TIMERS -DMPAS_GIT_VERSION=unknown -O3 -m64 -ffree-line-length-none -fconvert=big-endian -ffree-form -fdefault-real-8 -fdefault-double-8 -c mpas_framework.F -I/global/u2/h/hgkang/my_programs/ParallelIO_1.9.23/build/pio -I/global/u2/h/hgkang/my_programs/ParallelIO_1.9.23/build/pio -I/global/u2/h/hgkang/MPAS/MPAS-Model-6.0/src/core_ocean/driver  -I/global/u2/h/hgkang/MPAS/MPAS-Model-6.0/src/core_ocean/mode_forward -I/global/u2/h/hgkang/MPAS/MPAS-Model-6.0/src/core_ocean/mode_analysis -I/global/u2/h/hgkang/MPAS/MPAS-Model-6.0/src/core_ocean/mode_init -I/global/u2/h/hgkang/MPAS/MPAS-Model-6.0/src/core_ocean/shared -I/global/u2/h/hgkang/MPAS/MPAS-Model-6.0/src/core_ocean/analysis_members -I/global/u2/h/hgkang/MPAS/MPAS-Model-6.0/src/core_ocean/cvmix -I/global/u2/h/hgkang/MPAS/MPAS-Model-6.0/src/core_ocean/BGC -I../external/esmf_time_f90
rm -f mpas_decomp.o mpas_decomp.mod
ftn -DUNDERSCORE -D_MPI   -DCORE_OCEAN -DMPAS_NAMELIST_SUFFIX=ocean -DMPAS_EXE_NAME=ocean_model -DMPAS_NATIVE_TIMERS -DMPAS_GIT_VERSION=unknown -O3 -m64 -ffree-line-length-none -fconvert=big-endian -ffree-form -fdefault-real-8 -fdefault-double-8 -c mpas_decomp.F -I/global/u2/h/hgkang/my_programs/ParallelIO_1.9.23/build/pio -I/global/u2/h/hgkang/my_programs/ParallelIO_1.9.23/build/pio -I/global/u2/h/hgkang/MPAS/MPAS-Model-6.0/src/core_ocean/driver  -I/global/u2/h/hgkang/MPAS/MPAS-Model-6.0/src/core_ocean/mode_forward -I/global/u2/h/hgkang/MPAS/MPAS-Model-6.0/src/core_ocean/mode_analysis -I/global/u2/h/hgkang/MPAS/MPAS-Model-6.0/src/core_ocean/mode_init -I/global/u2/h/hgkang/MPAS/MPAS-Model-6.0/src/core_ocean/shared -I/global/u2/h/hgkang/MPAS/MPAS-Model-6.0/src/core_ocean/analysis_members -I/global/u2/h/hgkang/MPAS/MPAS-Model-6.0/src/core_ocean/cvmix -I/global/u2/h/hgkang/MPAS/MPAS-Model-6.0/src/core_ocean/BGC -I../external/esmf_time_f90
rm -f mpas_block_creator.o mpas_block_creator.mod
ftn -DUNDERSCORE -D_MPI   -DCORE_OCEAN -DMPAS_NAMELIST_SUFFIX=ocean -DMPAS_EXE_NAME=ocean_model -DMPAS_NATIVE_TIMERS -DMPAS_GIT_VERSION=unknown -O3 -m64 -ffree-line-length-none -fconvert=big-endian -ffree-form -fdefault-real-8 -fdefault-double-8 -c mpas_block_creator.F -I/global/u2/h/hgkang/my_programs/ParallelIO_1.9.23/build/pio -I/global/u2/h/hgkang/my_programs/ParallelIO_1.9.23/build/pio -I/global/u2/h/hgkang/MPAS/MPAS-Model-6.0/src/core_ocean/driver  -I/global/u2/h/hgkang/MPAS/MPAS-Model-6.0/src/core_ocean/mode_forward -I/global/u2/h/hgkang/MPAS/MPAS-Model-6.0/src/core_ocean/mode_analysis -I/global/u2/h/hgkang/MPAS/MPAS-Model-6.0/src/core_ocean/mode_init -I/global/u2/h/hgkang/MPAS/MPAS-Model-6.0/src/core_ocean/shared -I/global/u2/h/hgkang/MPAS/MPAS-Model-6.0/src/core_ocean/analysis_members -I/global/u2/h/hgkang/MPAS/MPAS-Model-6.0/src/core_ocean/cvmix -I/global/u2/h/hgkang/MPAS/MPAS-Model-6.0/src/core_ocean/BGC -I../external/esmf_time_f90
cc -O3 -m64 -DUNDERSCORE -D_MPI   -DCORE_OCEAN -DMPAS_NAMELIST_SUFFIX=ocean -DMPAS_EXE_NAME=ocean_model -DMPAS_NATIVE_TIMERS -DMPAS_GIT_VERSION=unknown -I/global/u2/h/hgkang/my_programs/ParallelIO_1.9.23/build/pio -I../external/ezxml -c random_id.c
rm -f mpas_bootstrapping.o mpas_bootstrapping.mod
ftn -DUNDERSCORE -D_MPI   -DCORE_OCEAN -DMPAS_NAMELIST_SUFFIX=ocean -DMPAS_EXE_NAME=ocean_model -DMPAS_NATIVE_TIMERS -DMPAS_GIT_VERSION=unknown -O3 -m64 -ffree-line-length-none -fconvert=big-endian -ffree-form -fdefault-real-8 -fdefault-double-8 -c mpas_bootstrapping.F -I/global/u2/h/hgkang/my_programs/ParallelIO_1.9.23/build/pio -I/global/u2/h/hgkang/my_programs/ParallelIO_1.9.23/build/pio -I/global/u2/h/hgkang/MPAS/MPAS-Model-6.0/src/core_ocean/driver  -I/global/u2/h/hgkang/MPAS/MPAS-Model-6.0/src/core_ocean/mode_forward -I/global/u2/h/hgkang/MPAS/MPAS-Model-6.0/src/core_ocean/mode_analysis -I/global/u2/h/hgkang/MPAS/MPAS-Model-6.0/src/core_ocean/mode_init -I/global/u2/h/hgkang/MPAS/MPAS-Model-6.0/src/core_ocean/shared -I/global/u2/h/hgkang/MPAS/MPAS-Model-6.0/src/core_ocean/analysis_members -I/global/u2/h/hgkang/MPAS/MPAS-Model-6.0/src/core_ocean/cvmix -I/global/u2/h/hgkang/MPAS/MPAS-Model-6.0/src/core_ocean/BGC -I../external/esmf_time_f90
rm -f mpas_forcing.o mpas_forcing.mod
ftn -DUNDERSCORE -D_MPI   -DCORE_OCEAN -DMPAS_NAMELIST_SUFFIX=ocean -DMPAS_EXE_NAME=ocean_model -DMPAS_NATIVE_TIMERS -DMPAS_GIT_VERSION=unknown -O3 -m64 -ffree-line-length-none -fconvert=big-endian -ffree-form -fdefault-real-8 -fdefault-double-8 -c mpas_forcing.F -I/global/u2/h/hgkang/my_programs/ParallelIO_1.9.23/build/pio -I/global/u2/h/hgkang/my_programs/ParallelIO_1.9.23/build/pio -I/global/u2/h/hgkang/MPAS/MPAS-Model-6.0/src/core_ocean/driver  -I/global/u2/h/hgkang/MPAS/MPAS-Model-6.0/src/core_ocean/mode_forward -I/global/u2/h/hgkang/MPAS/MPAS-Model-6.0/src/core_ocean/mode_analysis -I/global/u2/h/hgkang/MPAS/MPAS-Model-6.0/src/core_ocean/mode_init -I/global/u2/h/hgkang/MPAS/MPAS-Model-6.0/src/core_ocean/shared -I/global/u2/h/hgkang/MPAS/MPAS-Model-6.0/src/core_ocean/analysis_members -I/global/u2/h/hgkang/MPAS/MPAS-Model-6.0/src/core_ocean/cvmix -I/global/u2/h/hgkang/MPAS/MPAS-Model-6.0/src/core_ocean/BGC -I../external/esmf_time_f90
cc -O3 -m64 -DUNDERSCORE -D_MPI   -DCORE_OCEAN -DMPAS_NAMELIST_SUFFIX=ocean -DMPAS_EXE_NAME=ocean_model -DMPAS_NATIVE_TIMERS -DMPAS_GIT_VERSION=unknown -I/global/u2/h/hgkang/my_programs/ParallelIO_1.9.23/build/pio -I../external/ezxml -c pool_hash.c
cc -O3 -m64 -DUNDERSCORE -D_MPI   -DCORE_OCEAN -DMPAS_NAMELIST_SUFFIX=ocean -DMPAS_EXE_NAME=ocean_model -DMPAS_NATIVE_TIMERS -DMPAS_GIT_VERSION=unknown -I/global/u2/h/hgkang/my_programs/ParallelIO_1.9.23/build/pio -I../external/ezxml -c xml_stream_parser.c
xml_stream_parser.c: In function 'xml_stream_parser':
xml_stream_parser.c:1732:6: warning: implicit declaration of function 'stream_mgr_add_field_c'; did you mean 'stream_mgr_add_pkg_c'? [-Wimplicit-function-declaration]
      stream_mgr_add_field_c(manager, streamID, (const char *)fieldname, packages_local, &err);
      ^~~~~~~~~~~~~~~~~~~~~~
      stream_mgr_add_pkg_c
xml_stream_parser.c:1788:4: warning: implicit declaration of function 'stream_mgr_add_pool_c'; did you mean 'stream_mgr_add_pkg_c'? [-Wimplicit-function-declaration]
    stream_mgr_add_pool_c(manager, streamID, structname_const, packages_local, &err);
    ^~~~~~~~~~~~~~~~~~~~~
    stream_mgr_add_pkg_c
xml_stream_parser.c:1808:4: warning: implicit declaration of function 'stream_mgr_add_immutable_stream_fields_c'; did you mean 'mpas_stream_mgr_add_immutable_stream_fields_c'? [-Wimplicit-function-declaration]
    stream_mgr_add_immutable_stream_fields_c(manager, streamID, streamname_const, packages_local, &err);
    ^~~~~~~~~~~~~~~~~~~~~~~~~~~~~~~~~~~~~~~~
    mpas_stream_mgr_add_immutable_stream_fields_c
rm -f mpas_field_accessor.o mpas_field_accessor.mod
ftn -DUNDERSCORE -D_MPI   -DCORE_OCEAN -DMPAS_NAMELIST_SUFFIX=ocean -DMPAS_EXE_NAME=ocean_model -DMPAS_NATIVE_TIMERS -DMPAS_GIT_VERSION=unknown -O3 -m64 -ffree-line-length-none -fconvert=big-endian -ffree-form -fdefault-real-8 -fdefault-double-8 -c mpas_field_accessor.F -I/global/u2/h/hgkang/my_programs/ParallelIO_1.9.23/build/pio -I/global/u2/h/hgkang/my_programs/ParallelIO_1.9.23/build/pio -I/global/u2/h/hgkang/MPAS/MPAS-Model-6.0/src/core_ocean/driver  -I/global/u2/h/hgkang/MPAS/MPAS-Model-6.0/src/core_ocean/mode_forward -I/global/u2/h/hgkang/MPAS/MPAS-Model-6.0/src/core_ocean/mode_analysis -I/global/u2/h/hgkang/MPAS/MPAS-Model-6.0/src/core_ocean/mode_init -I/global/u2/h/hgkang/MPAS/MPAS-Model-6.0/src/core_ocean/shared -I/global/u2/h/hgkang/MPAS/MPAS-Model-6.0/src/core_ocean/analysis_members -I/global/u2/h/hgkang/MPAS/MPAS-Model-6.0/src/core_ocean/cvmix -I/global/u2/h/hgkang/MPAS/MPAS-Model-6.0/src/core_ocean/BGC -I../external/esmf_time_f90
ar -ru libframework.a mpas_kind_types.o mpas_framework.o mpas_timer.o mpas_timekeeping.o mpas_constants.o mpas_attlist.o mpas_hash.o mpas_sort.o mpas_block_decomp.o mpas_block_creator.o mpas_dmpar.o mpas_abort.o mpas_decomp.o mpas_threading.o mpas_io.o mpas_io_streams.o mpas_bootstrapping.o mpas_io_units.o mpas_stream_manager.o mpas_stream_list.o mpas_forcing.o mpas_c_interfacing.o random_id.o pool_hash.o mpas_derived_types.o mpas_domain_routines.o mpas_field_routines.o mpas_pool_routines.o xml_stream_parser.o regex_matching.o mpas_field_accessor.o mpas_log.o ../external/ezxml/ezxml.o
ar: creating libframework.a
make[3]: Leaving directory '/global/u2/h/hgkang/MPAS/MPAS-Model-6.0/src/framework'
ln -sf framework/libframework.a libframework.a
( cd operators; make CPPFLAGS="-DUNDERSCORE -D_MPI   -DCORE_OCEAN -DMPAS_NAMELIST_SUFFIX=ocean -DMPAS_EXE_NAME=ocean_model -DMPAS_NATIVE_TIMERS -DMPAS_GIT_VERSION=unknown" CPPINCLUDES="-I/global/u2/h/hgkang/my_programs/ParallelIO_1.9.23/build/pio" all ) 
make[3]: Entering directory '/global/u2/h/hgkang/MPAS/MPAS-Model-6.0/src/operators'
rm -f mpas_vector_operations.o mpas_vector_operations.mod
ftn -DUNDERSCORE -D_MPI   -DCORE_OCEAN -DMPAS_NAMELIST_SUFFIX=ocean -DMPAS_EXE_NAME=ocean_model -DMPAS_NATIVE_TIMERS -DMPAS_GIT_VERSION=unknown -O3 -m64 -ffree-line-length-none -fconvert=big-endian -ffree-form -fdefault-real-8 -fdefault-double-8 -c mpas_vector_operations.F -I/global/u2/h/hgkang/my_programs/ParallelIO_1.9.23/build/pio -I/global/u2/h/hgkang/my_programs/ParallelIO_1.9.23/build/pio -I/global/u2/h/hgkang/MPAS/MPAS-Model-6.0/src/core_ocean/driver  -I/global/u2/h/hgkang/MPAS/MPAS-Model-6.0/src/core_ocean/mode_forward -I/global/u2/h/hgkang/MPAS/MPAS-Model-6.0/src/core_ocean/mode_analysis -I/global/u2/h/hgkang/MPAS/MPAS-Model-6.0/src/core_ocean/mode_init -I/global/u2/h/hgkang/MPAS/MPAS-Model-6.0/src/core_ocean/shared -I/global/u2/h/hgkang/MPAS/MPAS-Model-6.0/src/core_ocean/analysis_members -I/global/u2/h/hgkang/MPAS/MPAS-Model-6.0/src/core_ocean/cvmix -I/global/u2/h/hgkang/MPAS/MPAS-Model-6.0/src/core_ocean/BGC -I../framework -I../external/esmf_time_f90
rm -f mpas_matrix_operations.o mpas_matrix_operations.mod
ftn -DUNDERSCORE -D_MPI   -DCORE_OCEAN -DMPAS_NAMELIST_SUFFIX=ocean -DMPAS_EXE_NAME=ocean_model -DMPAS_NATIVE_TIMERS -DMPAS_GIT_VERSION=unknown -O3 -m64 -ffree-line-length-none -fconvert=big-endian -ffree-form -fdefault-real-8 -fdefault-double-8 -c mpas_matrix_operations.F -I/global/u2/h/hgkang/my_programs/ParallelIO_1.9.23/build/pio -I/global/u2/h/hgkang/my_programs/ParallelIO_1.9.23/build/pio -I/global/u2/h/hgkang/MPAS/MPAS-Model-6.0/src/core_ocean/driver  -I/global/u2/h/hgkang/MPAS/MPAS-Model-6.0/src/core_ocean/mode_forward -I/global/u2/h/hgkang/MPAS/MPAS-Model-6.0/src/core_ocean/mode_analysis -I/global/u2/h/hgkang/MPAS/MPAS-Model-6.0/src/core_ocean/mode_init -I/global/u2/h/hgkang/MPAS/MPAS-Model-6.0/src/core_ocean/shared -I/global/u2/h/hgkang/MPAS/MPAS-Model-6.0/src/core_ocean/analysis_members -I/global/u2/h/hgkang/MPAS/MPAS-Model-6.0/src/core_ocean/cvmix -I/global/u2/h/hgkang/MPAS/MPAS-Model-6.0/src/core_ocean/BGC -I../framework -I../external/esmf_time_f90
rm -f mpas_tensor_operations.o mpas_tensor_operations.mod
ftn -DUNDERSCORE -D_MPI   -DCORE_OCEAN -DMPAS_NAMELIST_SUFFIX=ocean -DMPAS_EXE_NAME=ocean_model -DMPAS_NATIVE_TIMERS -DMPAS_GIT_VERSION=unknown -O3 -m64 -ffree-line-length-none -fconvert=big-endian -ffree-form -fdefault-real-8 -fdefault-double-8 -c mpas_tensor_operations.F -I/global/u2/h/hgkang/my_programs/ParallelIO_1.9.23/build/pio -I/global/u2/h/hgkang/my_programs/ParallelIO_1.9.23/build/pio -I/global/u2/h/hgkang/MPAS/MPAS-Model-6.0/src/core_ocean/driver  -I/global/u2/h/hgkang/MPAS/MPAS-Model-6.0/src/core_ocean/mode_forward -I/global/u2/h/hgkang/MPAS/MPAS-Model-6.0/src/core_ocean/mode_analysis -I/global/u2/h/hgkang/MPAS/MPAS-Model-6.0/src/core_ocean/mode_init -I/global/u2/h/hgkang/MPAS/MPAS-Model-6.0/src/core_ocean/shared -I/global/u2/h/hgkang/MPAS/MPAS-Model-6.0/src/core_ocean/analysis_members -I/global/u2/h/hgkang/MPAS/MPAS-Model-6.0/src/core_ocean/cvmix -I/global/u2/h/hgkang/MPAS/MPAS-Model-6.0/src/core_ocean/BGC -I../framework -I../external/esmf_time_f90
rm -f mpas_rbf_interpolation.o mpas_rbf_interpolation.mod
ftn -DUNDERSCORE -D_MPI   -DCORE_OCEAN -DMPAS_NAMELIST_SUFFIX=ocean -DMPAS_EXE_NAME=ocean_model -DMPAS_NATIVE_TIMERS -DMPAS_GIT_VERSION=unknown -O3 -m64 -ffree-line-length-none -fconvert=big-endian -ffree-form -fdefault-real-8 -fdefault-double-8 -c mpas_rbf_interpolation.F -I/global/u2/h/hgkang/my_programs/ParallelIO_1.9.23/build/pio -I/global/u2/h/hgkang/my_programs/ParallelIO_1.9.23/build/pio -I/global/u2/h/hgkang/MPAS/MPAS-Model-6.0/src/core_ocean/driver  -I/global/u2/h/hgkang/MPAS/MPAS-Model-6.0/src/core_ocean/mode_forward -I/global/u2/h/hgkang/MPAS/MPAS-Model-6.0/src/core_ocean/mode_analysis -I/global/u2/h/hgkang/MPAS/MPAS-Model-6.0/src/core_ocean/mode_init -I/global/u2/h/hgkang/MPAS/MPAS-Model-6.0/src/core_ocean/shared -I/global/u2/h/hgkang/MPAS/MPAS-Model-6.0/src/core_ocean/analysis_members -I/global/u2/h/hgkang/MPAS/MPAS-Model-6.0/src/core_ocean/cvmix -I/global/u2/h/hgkang/MPAS/MPAS-Model-6.0/src/core_ocean/BGC -I../framework -I../external/esmf_time_f90
rm -f mpas_vector_reconstruction.o mpas_vector_reconstruction.mod
ftn -DUNDERSCORE -D_MPI   -DCORE_OCEAN -DMPAS_NAMELIST_SUFFIX=ocean -DMPAS_EXE_NAME=ocean_model -DMPAS_NATIVE_TIMERS -DMPAS_GIT_VERSION=unknown -O3 -m64 -ffree-line-length-none -fconvert=big-endian -ffree-form -fdefault-real-8 -fdefault-double-8 -c mpas_vector_reconstruction.F -I/global/u2/h/hgkang/my_programs/ParallelIO_1.9.23/build/pio -I/global/u2/h/hgkang/my_programs/ParallelIO_1.9.23/build/pio -I/global/u2/h/hgkang/MPAS/MPAS-Model-6.0/src/core_ocean/driver  -I/global/u2/h/hgkang/MPAS/MPAS-Model-6.0/src/core_ocean/mode_forward -I/global/u2/h/hgkang/MPAS/MPAS-Model-6.0/src/core_ocean/mode_analysis -I/global/u2/h/hgkang/MPAS/MPAS-Model-6.0/src/core_ocean/mode_init -I/global/u2/h/hgkang/MPAS/MPAS-Model-6.0/src/core_ocean/shared -I/global/u2/h/hgkang/MPAS/MPAS-Model-6.0/src/core_ocean/analysis_members -I/global/u2/h/hgkang/MPAS/MPAS-Model-6.0/src/core_ocean/cvmix -I/global/u2/h/hgkang/MPAS/MPAS-Model-6.0/src/core_ocean/BGC -I../framework -I../external/esmf_time_f90
rm -f mpas_spline_interpolation.o mpas_spline_interpolation.mod
ftn -DUNDERSCORE -D_MPI   -DCORE_OCEAN -DMPAS_NAMELIST_SUFFIX=ocean -DMPAS_EXE_NAME=ocean_model -DMPAS_NATIVE_TIMERS -DMPAS_GIT_VERSION=unknown -O3 -m64 -ffree-line-length-none -fconvert=big-endian -ffree-form -fdefault-real-8 -fdefault-double-8 -c mpas_spline_interpolation.F -I/global/u2/h/hgkang/my_programs/ParallelIO_1.9.23/build/pio -I/global/u2/h/hgkang/my_programs/ParallelIO_1.9.23/build/pio -I/global/u2/h/hgkang/MPAS/MPAS-Model-6.0/src/core_ocean/driver  -I/global/u2/h/hgkang/MPAS/MPAS-Model-6.0/src/core_ocean/mode_forward -I/global/u2/h/hgkang/MPAS/MPAS-Model-6.0/src/core_ocean/mode_analysis -I/global/u2/h/hgkang/MPAS/MPAS-Model-6.0/src/core_ocean/mode_init -I/global/u2/h/hgkang/MPAS/MPAS-Model-6.0/src/core_ocean/shared -I/global/u2/h/hgkang/MPAS/MPAS-Model-6.0/src/core_ocean/analysis_members -I/global/u2/h/hgkang/MPAS/MPAS-Model-6.0/src/core_ocean/cvmix -I/global/u2/h/hgkang/MPAS/MPAS-Model-6.0/src/core_ocean/BGC -I../framework -I../external/esmf_time_f90
rm -f mpas_geometry_utils.o mpas_geometry_utils.mod
ftn -DUNDERSCORE -D_MPI   -DCORE_OCEAN -DMPAS_NAMELIST_SUFFIX=ocean -DMPAS_EXE_NAME=ocean_model -DMPAS_NATIVE_TIMERS -DMPAS_GIT_VERSION=unknown -O3 -m64 -ffree-line-length-none -fconvert=big-endian -ffree-form -fdefault-real-8 -fdefault-double-8 -c mpas_geometry_utils.F -I/global/u2/h/hgkang/my_programs/ParallelIO_1.9.23/build/pio -I/global/u2/h/hgkang/my_programs/ParallelIO_1.9.23/build/pio -I/global/u2/h/hgkang/MPAS/MPAS-Model-6.0/src/core_ocean/driver  -I/global/u2/h/hgkang/MPAS/MPAS-Model-6.0/src/core_ocean/mode_forward -I/global/u2/h/hgkang/MPAS/MPAS-Model-6.0/src/core_ocean/mode_analysis -I/global/u2/h/hgkang/MPAS/MPAS-Model-6.0/src/core_ocean/mode_init -I/global/u2/h/hgkang/MPAS/MPAS-Model-6.0/src/core_ocean/shared -I/global/u2/h/hgkang/MPAS/MPAS-Model-6.0/src/core_ocean/analysis_members -I/global/u2/h/hgkang/MPAS/MPAS-Model-6.0/src/core_ocean/cvmix -I/global/u2/h/hgkang/MPAS/MPAS-Model-6.0/src/core_ocean/BGC -I../framework -I../external/esmf_time_f90
rm -f mpas_tracer_advection_helpers.o mpas_tracer_advection_helpers.mod
ftn -DUNDERSCORE -D_MPI   -DCORE_OCEAN -DMPAS_NAMELIST_SUFFIX=ocean -DMPAS_EXE_NAME=ocean_model -DMPAS_NATIVE_TIMERS -DMPAS_GIT_VERSION=unknown -O3 -m64 -ffree-line-length-none -fconvert=big-endian -ffree-form -fdefault-real-8 -fdefault-double-8 -c mpas_tracer_advection_helpers.F -I/global/u2/h/hgkang/my_programs/ParallelIO_1.9.23/build/pio -I/global/u2/h/hgkang/my_programs/ParallelIO_1.9.23/build/pio -I/global/u2/h/hgkang/MPAS/MPAS-Model-6.0/src/core_ocean/driver  -I/global/u2/h/hgkang/MPAS/MPAS-Model-6.0/src/core_ocean/mode_forward -I/global/u2/h/hgkang/MPAS/MPAS-Model-6.0/src/core_ocean/mode_analysis -I/global/u2/h/hgkang/MPAS/MPAS-Model-6.0/src/core_ocean/mode_init -I/global/u2/h/hgkang/MPAS/MPAS-Model-6.0/src/core_ocean/shared -I/global/u2/h/hgkang/MPAS/MPAS-Model-6.0/src/core_ocean/analysis_members -I/global/u2/h/hgkang/MPAS/MPAS-Model-6.0/src/core_ocean/cvmix -I/global/u2/h/hgkang/MPAS/MPAS-Model-6.0/src/core_ocean/BGC -I../framework -I../external/esmf_time_f90
rm -f mpas_tracer_advection_mono.o mpas_tracer_advection_mono.mod
ftn -DUNDERSCORE -D_MPI   -DCORE_OCEAN -DMPAS_NAMELIST_SUFFIX=ocean -DMPAS_EXE_NAME=ocean_model -DMPAS_NATIVE_TIMERS -DMPAS_GIT_VERSION=unknown -O3 -m64 -ffree-line-length-none -fconvert=big-endian -ffree-form -fdefault-real-8 -fdefault-double-8 -c mpas_tracer_advection_mono.F -I/global/u2/h/hgkang/my_programs/ParallelIO_1.9.23/build/pio -I/global/u2/h/hgkang/my_programs/ParallelIO_1.9.23/build/pio -I/global/u2/h/hgkang/MPAS/MPAS-Model-6.0/src/core_ocean/driver  -I/global/u2/h/hgkang/MPAS/MPAS-Model-6.0/src/core_ocean/mode_forward -I/global/u2/h/hgkang/MPAS/MPAS-Model-6.0/src/core_ocean/mode_analysis -I/global/u2/h/hgkang/MPAS/MPAS-Model-6.0/src/core_ocean/mode_init -I/global/u2/h/hgkang/MPAS/MPAS-Model-6.0/src/core_ocean/shared -I/global/u2/h/hgkang/MPAS/MPAS-Model-6.0/src/core_ocean/analysis_members -I/global/u2/h/hgkang/MPAS/MPAS-Model-6.0/src/core_ocean/cvmix -I/global/u2/h/hgkang/MPAS/MPAS-Model-6.0/src/core_ocean/BGC -I../framework -I../external/esmf_time_f90
rm -f mpas_tracer_advection_std.o mpas_tracer_advection_std.mod
ftn -DUNDERSCORE -D_MPI   -DCORE_OCEAN -DMPAS_NAMELIST_SUFFIX=ocean -DMPAS_EXE_NAME=ocean_model -DMPAS_NATIVE_TIMERS -DMPAS_GIT_VERSION=unknown -O3 -m64 -ffree-line-length-none -fconvert=big-endian -ffree-form -fdefault-real-8 -fdefault-double-8 -c mpas_tracer_advection_std.F -I/global/u2/h/hgkang/my_programs/ParallelIO_1.9.23/build/pio -I/global/u2/h/hgkang/my_programs/ParallelIO_1.9.23/build/pio -I/global/u2/h/hgkang/MPAS/MPAS-Model-6.0/src/core_ocean/driver  -I/global/u2/h/hgkang/MPAS/MPAS-Model-6.0/src/core_ocean/mode_forward -I/global/u2/h/hgkang/MPAS/MPAS-Model-6.0/src/core_ocean/mode_analysis -I/global/u2/h/hgkang/MPAS/MPAS-Model-6.0/src/core_ocean/mode_init -I/global/u2/h/hgkang/MPAS/MPAS-Model-6.0/src/core_ocean/shared -I/global/u2/h/hgkang/MPAS/MPAS-Model-6.0/src/core_ocean/analysis_members -I/global/u2/h/hgkang/MPAS/MPAS-Model-6.0/src/core_ocean/cvmix -I/global/u2/h/hgkang/MPAS/MPAS-Model-6.0/src/core_ocean/BGC -I../framework -I../external/esmf_time_f90
ar -ru libops.a mpas_vector_operations.o mpas_matrix_operations.o mpas_tensor_operations.o mpas_rbf_interpolation.o mpas_vector_reconstruction.o mpas_spline_interpolation.o mpas_tracer_advection_helpers.o mpas_tracer_advection_mono.o mpas_tracer_advection_std.o mpas_geometry_utils.o
ar: creating libops.a
make[3]: Leaving directory '/global/u2/h/hgkang/MPAS/MPAS-Model-6.0/src/operators'
ln -sf operators/libops.a libops.a
(cd tools; make CPPFLAGS="-DUNDERSCORE -D_MPI   -DCORE_OCEAN -DMPAS_NAMELIST_SUFFIX=ocean -DMPAS_EXE_NAME=ocean_model -DMPAS_NATIVE_TIMERS -DMPAS_GIT_VERSION=unknown" CC="cc" CFLAGS="-O3 -m64")
make[3]: Entering directory '/global/u2/h/hgkang/MPAS/MPAS-Model-6.0/src/tools'
( make build_registry CPPFLAGS="-DUNDERSCORE -D_MPI   -DCORE_OCEAN -DMPAS_NAMELIST_SUFFIX=ocean -DMPAS_EXE_NAME=ocean_model -DMPAS_NATIVE_TIMERS -DMPAS_GIT_VERSION=unknown" CC="cc" CFLAGS="-O3 -m64" )
make[4]: Entering directory '/global/u2/h/hgkang/MPAS/MPAS-Model-6.0/src/tools'
*** Building MPAS tools from source ***
(cd registry; make CPPFLAGS="-DUNDERSCORE -D_MPI   -DCORE_OCEAN -DMPAS_NAMELIST_SUFFIX=ocean -DMPAS_EXE_NAME=ocean_model -DMPAS_NATIVE_TIMERS -DMPAS_GIT_VERSION=unknown" CC="cc" CFLAGS="-O3 -m64")
make[5]: Entering directory '/global/u2/h/hgkang/MPAS/MPAS-Model-6.0/src/tools/registry'
(cd ../../external/ezxml; make CFLAGS="-O3 -m64 ")
make[6]: Entering directory '/global/u2/h/hgkang/MPAS/MPAS-Model-6.0/src/external/ezxml'
rm -f *.o *.i
make -j 1 library
make[7]: Entering directory '/global/u2/h/hgkang/MPAS/MPAS-Model-6.0/src/external/ezxml'
cc -O3 -m64  -DUNDERSCORE -D_MPI   -DCORE_OCEAN -DMPAS_NAMELIST_SUFFIX=ocean -DMPAS_EXE_NAME=ocean_model -DMPAS_NATIVE_TIMERS -DMPAS_GIT_VERSION=unknown -c ezxml.c
make[7]: Leaving directory '/global/u2/h/hgkang/MPAS/MPAS-Model-6.0/src/external/ezxml'
make[6]: Leaving directory '/global/u2/h/hgkang/MPAS/MPAS-Model-6.0/src/external/ezxml'
#(make ezxml CPPFLAGS="-DUNDERSCORE -D_MPI   -DCORE_OCEAN -DMPAS_NAMELIST_SUFFIX=ocean -DMPAS_EXE_NAME=ocean_model -DMPAS_NATIVE_TIMERS -DMPAS_GIT_VERSION=unknown" CPPINCLUDES="-I/global/u2/h/hgkang/my_programs/ParallelIO_1.9.23/build/pio")
(make parse CPPFLAGS="-DUNDERSCORE -D_MPI   -DCORE_OCEAN -DMPAS_NAMELIST_SUFFIX=ocean -DMPAS_EXE_NAME=ocean_model -DMPAS_NATIVE_TIMERS -DMPAS_GIT_VERSION=unknown" CPPINCLUDES="-I/global/u2/h/hgkang/my_programs/ParallelIO_1.9.23/build/pio")
make[6]: Entering directory '/global/u2/h/hgkang/MPAS/MPAS-Model-6.0/src/tools/registry'
cc  -O3 -m64 -DUNDERSCORE -D_MPI   -DCORE_OCEAN -DMPAS_NAMELIST_SUFFIX=ocean -DMPAS_EXE_NAME=ocean_model -DMPAS_NATIVE_TIMERS -DMPAS_GIT_VERSION=unknown -I../../external/ezxml -c parse.c
parse.c: In function 'parse_reg_xml':
parse.c:758:8: warning: implicit declaration of function 'generate_immutable_streams' [-Wimplicit-function-declaration]
  err = generate_immutable_streams(registry);
        ^~~~~~~~~~~~~~~~~~~~~~~~~~
cc  -O3 -m64 -DUNDERSCORE -D_MPI   -DCORE_OCEAN -DMPAS_NAMELIST_SUFFIX=ocean -DMPAS_EXE_NAME=ocean_model -DMPAS_NATIVE_TIMERS -DMPAS_GIT_VERSION=unknown -I../../external/ezxml -c dictionary.c
cc  -O3 -m64 -DUNDERSCORE -D_MPI   -DCORE_OCEAN -DMPAS_NAMELIST_SUFFIX=ocean -DMPAS_EXE_NAME=ocean_model -DMPAS_NATIVE_TIMERS -DMPAS_GIT_VERSION=unknown -I../../external/ezxml -c gen_inc.c
cc  -O3 -m64 -DUNDERSCORE -D_MPI   -DCORE_OCEAN -DMPAS_NAMELIST_SUFFIX=ocean -DMPAS_EXE_NAME=ocean_model -DMPAS_NATIVE_TIMERS -DMPAS_GIT_VERSION=unknown -I../../external/ezxml -c fortprintf.c
cc  -O3 -m64 -DUNDERSCORE -D_MPI   -DCORE_OCEAN -DMPAS_NAMELIST_SUFFIX=ocean -DMPAS_EXE_NAME=ocean_model -DMPAS_NATIVE_TIMERS -DMPAS_GIT_VERSION=unknown -I../../external/ezxml -c utility.c
cc -DUNDERSCORE -D_MPI   -DCORE_OCEAN -DMPAS_NAMELIST_SUFFIX=ocean -DMPAS_EXE_NAME=ocean_model -DMPAS_NATIVE_TIMERS -DMPAS_GIT_VERSION=unknown -O3 -m64 ../../external/ezxml/ezxml.o  -I../../external/ezxml -o parse parse.o dictionary.o gen_inc.o fortprintf.o utility.o
make[6]: Leaving directory '/global/u2/h/hgkang/MPAS/MPAS-Model-6.0/src/tools/registry'
make[5]: Leaving directory '/global/u2/h/hgkang/MPAS/MPAS-Model-6.0/src/tools/registry'
make[4]: Leaving directory '/global/u2/h/hgkang/MPAS/MPAS-Model-6.0/src/tools'
( make build_input_gen CPPFLAGS="-DUNDERSCORE -D_MPI   -DCORE_OCEAN -DMPAS_NAMELIST_SUFFIX=ocean -DMPAS_EXE_NAME=ocean_model -DMPAS_NATIVE_TIMERS -DMPAS_GIT_VERSION=unknown" CC="cc" CFLAGS="-O3 -m64" )
make[4]: Entering directory '/global/u2/h/hgkang/MPAS/MPAS-Model-6.0/src/tools'
*** Building MPAS tools from source ***
(cd input_gen; make CPPFLAGS="-DUNDERSCORE -D_MPI   -DCORE_OCEAN -DMPAS_NAMELIST_SUFFIX=ocean -DMPAS_EXE_NAME=ocean_model -DMPAS_NATIVE_TIMERS -DMPAS_GIT_VERSION=unknown" CC="cc" CFLAGS="-O3 -m64")
make[5]: Entering directory '/global/u2/h/hgkang/MPAS/MPAS-Model-6.0/src/tools/input_gen'
(cd ../../external/ezxml; make CFLAGS="-O3 -m64 ")
make[6]: Entering directory '/global/u2/h/hgkang/MPAS/MPAS-Model-6.0/src/external/ezxml'
rm -f *.o *.i
make -j 1 library
make[7]: Entering directory '/global/u2/h/hgkang/MPAS/MPAS-Model-6.0/src/external/ezxml'
cc -O3 -m64  -DUNDERSCORE -D_MPI   -DCORE_OCEAN -DMPAS_NAMELIST_SUFFIX=ocean -DMPAS_EXE_NAME=ocean_model -DMPAS_NATIVE_TIMERS -DMPAS_GIT_VERSION=unknown -c ezxml.c
make[7]: Leaving directory '/global/u2/h/hgkang/MPAS/MPAS-Model-6.0/src/external/ezxml'
make[6]: Leaving directory '/global/u2/h/hgkang/MPAS/MPAS-Model-6.0/src/external/ezxml'
(make -j 1 namelist_gen CPPFLAGS="-DUNDERSCORE -D_MPI   -DCORE_OCEAN -DMPAS_NAMELIST_SUFFIX=ocean -DMPAS_EXE_NAME=ocean_model -DMPAS_NATIVE_TIMERS -DMPAS_GIT_VERSION=unknown" CPPINCLUDES="-I/global/u2/h/hgkang/my_programs/ParallelIO_1.9.23/build/pio")
make[6]: Entering directory '/global/u2/h/hgkang/MPAS/MPAS-Model-6.0/src/tools/input_gen'
(cd ../../external/ezxml; make CFLAGS="-O3 -m64 ")
make[7]: Entering directory '/global/u2/h/hgkang/MPAS/MPAS-Model-6.0/src/external/ezxml'
rm -f *.o *.i
make -j 1 library
make[8]: Entering directory '/global/u2/h/hgkang/MPAS/MPAS-Model-6.0/src/external/ezxml'
cc -O3 -m64  -DUNDERSCORE -D_MPI   -DCORE_OCEAN -DMPAS_NAMELIST_SUFFIX=ocean -DMPAS_EXE_NAME=ocean_model -DMPAS_NATIVE_TIMERS -DMPAS_GIT_VERSION=unknown -c ezxml.c
make[8]: Leaving directory '/global/u2/h/hgkang/MPAS/MPAS-Model-6.0/src/external/ezxml'
make[7]: Leaving directory '/global/u2/h/hgkang/MPAS/MPAS-Model-6.0/src/external/ezxml'
cc  -O3 -m64 -DUNDERSCORE -D_MPI   -DCORE_OCEAN -DMPAS_NAMELIST_SUFFIX=ocean -DMPAS_EXE_NAME=ocean_model -DMPAS_NATIVE_TIMERS -DMPAS_GIT_VERSION=unknown -I../../external/ezxml -c namelist_gen.c
cc  -O3 -m64 -DUNDERSCORE -D_MPI   -DCORE_OCEAN -DMPAS_NAMELIST_SUFFIX=ocean -DMPAS_EXE_NAME=ocean_model -DMPAS_NATIVE_TIMERS -DMPAS_GIT_VERSION=unknown -I../../external/ezxml -c test_functions.c
cc -DUNDERSCORE -D_MPI   -DCORE_OCEAN -DMPAS_NAMELIST_SUFFIX=ocean -DMPAS_EXE_NAME=ocean_model -DMPAS_NATIVE_TIMERS -DMPAS_GIT_VERSION=unknown -O3 -m64 -I../../external/ezxml -o namelist_gen namelist_gen.o test_functions.o ../../external/ezxml/ezxml.o
make[6]: Leaving directory '/global/u2/h/hgkang/MPAS/MPAS-Model-6.0/src/tools/input_gen'
(make -j 1 streams_gen CPPFLAGS="-DUNDERSCORE -D_MPI   -DCORE_OCEAN -DMPAS_NAMELIST_SUFFIX=ocean -DMPAS_EXE_NAME=ocean_model -DMPAS_NATIVE_TIMERS -DMPAS_GIT_VERSION=unknown" CPPINCLUDES="-I/global/u2/h/hgkang/my_programs/ParallelIO_1.9.23/build/pio")
make[6]: Entering directory '/global/u2/h/hgkang/MPAS/MPAS-Model-6.0/src/tools/input_gen'
(cd ../../external/ezxml; make CFLAGS="-O3 -m64 ")
make[7]: Entering directory '/global/u2/h/hgkang/MPAS/MPAS-Model-6.0/src/external/ezxml'
rm -f *.o *.i
make -j 1 library
make[8]: Entering directory '/global/u2/h/hgkang/MPAS/MPAS-Model-6.0/src/external/ezxml'
cc -O3 -m64  -DUNDERSCORE -D_MPI   -DCORE_OCEAN -DMPAS_NAMELIST_SUFFIX=ocean -DMPAS_EXE_NAME=ocean_model -DMPAS_NATIVE_TIMERS -DMPAS_GIT_VERSION=unknown -c ezxml.c
make[8]: Leaving directory '/global/u2/h/hgkang/MPAS/MPAS-Model-6.0/src/external/ezxml'
make[7]: Leaving directory '/global/u2/h/hgkang/MPAS/MPAS-Model-6.0/src/external/ezxml'
cc  -O3 -m64 -DUNDERSCORE -D_MPI   -DCORE_OCEAN -DMPAS_NAMELIST_SUFFIX=ocean -DMPAS_EXE_NAME=ocean_model -DMPAS_NATIVE_TIMERS -DMPAS_GIT_VERSION=unknown -I../../external/ezxml -c streams_gen.c
cc -DUNDERSCORE -D_MPI   -DCORE_OCEAN -DMPAS_NAMELIST_SUFFIX=ocean -DMPAS_EXE_NAME=ocean_model -DMPAS_NATIVE_TIMERS -DMPAS_GIT_VERSION=unknown -O3 -m64 -I../../external/ezxml -o streams_gen streams_gen.o test_functions.o ../../external/ezxml/ezxml.o
make[6]: Leaving directory '/global/u2/h/hgkang/MPAS/MPAS-Model-6.0/src/tools/input_gen'
make[5]: Leaving directory '/global/u2/h/hgkang/MPAS/MPAS-Model-6.0/src/tools/input_gen'
make[4]: Leaving directory '/global/u2/h/hgkang/MPAS/MPAS-Model-6.0/src/tools'
make[3]: Leaving directory '/global/u2/h/hgkang/MPAS/MPAS-Model-6.0/src/tools'
( cd core_ocean; make CPPFLAGS="-DUNDERSCORE -D_MPI   -DCORE_OCEAN -DMPAS_NAMELIST_SUFFIX=ocean -DMPAS_EXE_NAME=ocean_model -DMPAS_NATIVE_TIMERS -DMPAS_GIT_VERSION=unknown" CPPINCLUDES="-I/global/u2/h/hgkang/my_programs/ParallelIO_1.9.23/build/pio" REG_PARSE="/global/homes/h/hgkang/MPAS/MPAS-Model-6.0/src/tools/registry/parse" gen_includes )
make[3]: Entering directory '/global/u2/h/hgkang/MPAS/MPAS-Model-6.0/src/core_ocean'
cpp -P -traditional -DUNDERSCORE -D_MPI   -DCORE_OCEAN -DMPAS_NAMELIST_SUFFIX=ocean -DMPAS_EXE_NAME=ocean_model -DMPAS_NATIVE_TIMERS -DMPAS_GIT_VERSION=unknown -I/global/u2/h/hgkang/my_programs/ParallelIO_1.9.23/build/pio Registry.xml > Registry_processed.xml
(if [ ! -d inc ]; then mkdir -p inc; fi) # To generate *.inc files
(cd inc; /global/homes/h/hgkang/MPAS/MPAS-Model-6.0/src/tools/registry/parse < ../Registry_processed.xml )
Reading registry file from standard input
WARNING: time_levs attribute on var psiVertex in var_struct scratch is 0. It will be replaced with 1.
WARNING: time_levs attribute on var isomip_bottomPressure in var_struct scratch is 0. It will be replaced with 1.
---- GENERATING IMMUTABLE STREAMS ----
make[3]: Leaving directory '/global/u2/h/hgkang/MPAS/MPAS-Model-6.0/src/core_ocean'
( cd core_ocean; make CPPFLAGS="-DUNDERSCORE -D_MPI   -DCORE_OCEAN -DMPAS_NAMELIST_SUFFIX=ocean -DMPAS_EXE_NAME=ocean_model -DMPAS_NATIVE_TIMERS -DMPAS_GIT_VERSION=unknown" CPPINCLUDES="-I/global/u2/h/hgkang/my_programs/ParallelIO_1.9.23/build/pio" NL_GEN="/global/homes/h/hgkang/MPAS/MPAS-Model-6.0/src/tools/input_gen/namelist_gen" ST_GEN="/global/homes/h/hgkang/MPAS/MPAS-Model-6.0/src/tools/input_gen/streams_gen" core_input_gen )
make[3]: Entering directory '/global/u2/h/hgkang/MPAS/MPAS-Model-6.0/src/core_ocean'
if [ ! -e default_inputs ]; then  mkdir default_inputs; fi
(cd default_inputs; /global/homes/h/hgkang/MPAS/MPAS-Model-6.0/src/tools/input_gen/namelist_gen ../Registry_processed.xml namelist.ocean )
(cd default_inputs; /global/homes/h/hgkang/MPAS/MPAS-Model-6.0/src/tools/input_gen/namelist_gen ../Registry_processed.xml namelist.ocean.forward mode=forward )
(cd default_inputs; /global/homes/h/hgkang/MPAS/MPAS-Model-6.0/src/tools/input_gen/namelist_gen ../Registry_processed.xml namelist.ocean.analysis mode=analysis )
(cd default_inputs; /global/homes/h/hgkang/MPAS/MPAS-Model-6.0/src/tools/input_gen/namelist_gen ../Registry_processed.xml namelist.ocean.init mode=init )
(cd default_inputs; /global/homes/h/hgkang/MPAS/MPAS-Model-6.0/src/tools/input_gen/streams_gen ../Registry_processed.xml streams.ocean stream_list.ocean. mutable )
(cd default_inputs; /global/homes/h/hgkang/MPAS/MPAS-Model-6.0/src/tools/input_gen/streams_gen ../Registry_processed.xml streams.ocean.forward stream_list.ocean.forward. mutable mode=forward )
(cd default_inputs; /global/homes/h/hgkang/MPAS/MPAS-Model-6.0/src/tools/input_gen/streams_gen ../Registry_processed.xml streams.ocean.analysis stream_list.ocean.analysis. mutable mode=analysis )
(cd default_inputs; /global/homes/h/hgkang/MPAS/MPAS-Model-6.0/src/tools/input_gen/streams_gen ../Registry_processed.xml streams.ocean.init stream_list.ocean.init. mutable mode=init )
make[3]: Leaving directory '/global/u2/h/hgkang/MPAS/MPAS-Model-6.0/src/core_ocean'
( cd core_ocean; make CPPFLAGS="-DUNDERSCORE -D_MPI   -DCORE_OCEAN -DMPAS_NAMELIST_SUFFIX=ocean -DMPAS_EXE_NAME=ocean_model -DMPAS_NATIVE_TIMERS -DMPAS_GIT_VERSION=unknown" CPPINCLUDES="-I/global/u2/h/hgkang/my_programs/ParallelIO_1.9.23/build/pio" all ) 
make[3]: Entering directory '/global/u2/h/hgkang/MPAS/MPAS-Model-6.0/src/core_ocean'
(/bin/bash ./get_cvmix.sh)
CVmix version is current. Skip update
(cd cvmix)
if [ -d cvmix ]; then \
	(cd cvmix; make all FC="ftn" FCFLAGS="-O3 -m64 -ffree-line-length-none -fconvert=big-endian -ffree-form -fdefault-real-8 -fdefault-double-8" FINCLUDES="") \
else \
	(exit 1) \
fi
make[4]: Entering directory '/global/u2/h/hgkang/MPAS/MPAS-Model-6.0/src/core_ocean/.cvmix_all/src/shared'
./makedep.py ./shared_deps.d . .
cvmix_tidal.o depends on cvmix_kinds_and_types.o
cvmix_tidal.o depends on cvmix_utils.o
cvmix_tidal.o depends on cvmix_put_get.o
cvmix_background.o depends on cvmix_kinds_and_types.o
cvmix_background.o depends on cvmix_put_get.o
cvmix_background.o depends on cvmix_utils.o
cvmix_utils.o depends on cvmix_kinds_and_types.o
cvmix_math.o depends on cvmix_kinds_and_types.o
cvmix_convection.o depends on cvmix_kinds_and_types.o
cvmix_convection.o depends on cvmix_utils.o
cvmix_convection.o depends on cvmix_put_get.o
cvmix_shear.o depends on cvmix_kinds_and_types.o
cvmix_shear.o depends on cvmix_put_get.o
cvmix_shear.o depends on cvmix_utils.o
cvmix_kpp.o depends on cvmix_kinds_and_types.o
cvmix_kpp.o depends on cvmix_math.o
cvmix_kpp.o depends on cvmix_put_get.o
cvmix_kpp.o depends on cvmix_utils.o
cvmix_put_get.o depends on cvmix_kinds_and_types.o
cvmix_put_get.o depends on cvmix_utils.o
cvmix_ddiff.o depends on cvmix_kinds_and_types.o
cvmix_ddiff.o depends on cvmix_put_get.o
cvmix_ddiff.o depends on cvmix_utils.o
Generated dependencies!
make -e -f ./Makefile ./libcvmix.a  USE_DEPS=TRUE
make[5]: Entering directory '/global/u2/h/hgkang/MPAS/MPAS-Model-6.0/src/core_ocean/.cvmix_all/src/shared'
ftn -O3 -m64 -ffree-line-length-none -fconvert=big-endian -ffree-form -fdefault-real-8 -fdefault-double-8 -c cvmix_kinds_and_types.F90 -o cvmix_kinds_and_types.o
ftn -O3 -m64 -ffree-line-length-none -fconvert=big-endian -ffree-form -fdefault-real-8 -fdefault-double-8 -c cvmix_utils.F90 -o cvmix_utils.o
ftn -O3 -m64 -ffree-line-length-none -fconvert=big-endian -ffree-form -fdefault-real-8 -fdefault-double-8 -c cvmix_put_get.F90 -o cvmix_put_get.o
ftn -O3 -m64 -ffree-line-length-none -fconvert=big-endian -ffree-form -fdefault-real-8 -fdefault-double-8 -c cvmix_background.F90 -o cvmix_background.o
ftn -O3 -m64 -ffree-line-length-none -fconvert=big-endian -ffree-form -fdefault-real-8 -fdefault-double-8 -c cvmix_convection.F90 -o cvmix_convection.o
ftn -O3 -m64 -ffree-line-length-none -fconvert=big-endian -ffree-form -fdefault-real-8 -fdefault-double-8 -c cvmix_ddiff.F90 -o cvmix_ddiff.o
ftn -O3 -m64 -ffree-line-length-none -fconvert=big-endian -ffree-form -fdefault-real-8 -fdefault-double-8 -c cvmix_math.F90 -o cvmix_math.o
ftn -O3 -m64 -ffree-line-length-none -fconvert=big-endian -ffree-form -fdefault-real-8 -fdefault-double-8 -c cvmix_kpp.F90 -o cvmix_kpp.o
ftn -O3 -m64 -ffree-line-length-none -fconvert=big-endian -ffree-form -fdefault-real-8 -fdefault-double-8 -c cvmix_shear.F90 -o cvmix_shear.o
ftn -O3 -m64 -ffree-line-length-none -fconvert=big-endian -ffree-form -fdefault-real-8 -fdefault-double-8 -c cvmix_tidal.F90 -o cvmix_tidal.o
ar -ru ./libcvmix.a ./cvmix_kinds_and_types.o ./cvmix_background.o ./cvmix_convection.o ./cvmix_ddiff.o ./cvmix_kpp.o ./cvmix_math.o ./cvmix_put_get.o ./cvmix_shear.o ./cvmix_tidal.o ./cvmix_utils.o
ar: creating ./libcvmix.a
make[5]: Leaving directory '/global/u2/h/hgkang/MPAS/MPAS-Model-6.0/src/core_ocean/.cvmix_all/src/shared'
make[4]: Leaving directory '/global/u2/h/hgkang/MPAS/MPAS-Model-6.0/src/core_ocean/.cvmix_all/src/shared'
(/bin/bash ./get_BGC.sh)
BGC version is current. Skip update
(cd BGC)
if [ -d BGC ]; then \
	(cd BGC; make all FC="ftn" FCFLAGS="-O3 -m64 -ffree-line-length-none -fconvert=big-endian -ffree-form -fdefault-real-8 -fdefault-double-8" FINCLUDES="") \
else \
	(exit 1) \
fi
make[4]: Entering directory '/global/u2/h/hgkang/MPAS/MPAS-Model-6.0/src/core_ocean/.BGC_all'
./makedep.py ./shared_deps.d . .
MACROS_mod.o depends on MACROS_parms.o
DMS_mod.o depends on DMS_parms.o
co2calc.o depends on BGC_parms.o
BGC_mod.o depends on BGC_parms.o
BGC_mod.o depends on co2calc.o
Generated dependencies!
make -e -f ./Makefile ./libBGC.a  USE_DEPS=TRUE
make[5]: Entering directory '/global/u2/h/hgkang/MPAS/MPAS-Model-6.0/src/core_ocean/.BGC_all'
ftn -O3 -m64 -ffree-line-length-none -fconvert=big-endian -ffree-form -fdefault-real-8 -fdefault-double-8 -c BGC_parms.F90 -o BGC_parms.o
ftn -O3 -m64 -ffree-line-length-none -fconvert=big-endian -ffree-form -fdefault-real-8 -fdefault-double-8 -c co2calc.F90 -o co2calc.o
ftn -O3 -m64 -ffree-line-length-none -fconvert=big-endian -ffree-form -fdefault-real-8 -fdefault-double-8 -c BGC_mod.F90 -o BGC_mod.o
ftn -O3 -m64 -ffree-line-length-none -fconvert=big-endian -ffree-form -fdefault-real-8 -fdefault-double-8 -c DMS_parms.F90 -o DMS_parms.o
ftn -O3 -m64 -ffree-line-length-none -fconvert=big-endian -ffree-form -fdefault-real-8 -fdefault-double-8 -c DMS_mod.F90 -o DMS_mod.o
ftn -O3 -m64 -ffree-line-length-none -fconvert=big-endian -ffree-form -fdefault-real-8 -fdefault-double-8 -c MACROS_parms.F90 -o MACROS_parms.o
ftn -O3 -m64 -ffree-line-length-none -fconvert=big-endian -ffree-form -fdefault-real-8 -fdefault-double-8 -c MACROS_mod.F90 -o MACROS_mod.o
ar -ru ./libBGC.a ./BGC_mod.o ./BGC_parms.o ./DMS_mod.o ./DMS_parms.o ./MACROS_mod.o ./MACROS_parms.o ./co2calc.o
ar: creating ./libBGC.a
make[5]: Leaving directory '/global/u2/h/hgkang/MPAS/MPAS-Model-6.0/src/core_ocean/.BGC_all'
make[4]: Leaving directory '/global/u2/h/hgkang/MPAS/MPAS-Model-6.0/src/core_ocean/.BGC_all'
(cd shared; make FCINCLUDES="-I/global/u2/h/hgkang/my_programs/ParallelIO_1.9.23/build/pio -I/global/u2/h/hgkang/MPAS/MPAS-Model-6.0/src/core_ocean/driver  -I/global/u2/h/hgkang/MPAS/MPAS-Model-6.0/src/core_ocean/mode_forward -I/global/u2/h/hgkang/MPAS/MPAS-Model-6.0/src/core_ocean/mode_analysis -I/global/u2/h/hgkang/MPAS/MPAS-Model-6.0/src/core_ocean/mode_init -I/global/u2/h/hgkang/MPAS/MPAS-Model-6.0/src/core_ocean/shared -I/global/u2/h/hgkang/MPAS/MPAS-Model-6.0/src/core_ocean/analysis_members -I/global/u2/h/hgkang/MPAS/MPAS-Model-6.0/src/core_ocean/cvmix -I/global/u2/h/hgkang/MPAS/MPAS-Model-6.0/src/core_ocean/BGC -I/global/homes/h/hgkang/MPAS/MPAS-Model-6.0/src/core_ocean/../framework -I/global/homes/h/hgkang/MPAS/MPAS-Model-6.0/src/core_ocean/../external/esmf_time_f90 -I/global/homes/h/hgkang/MPAS/MPAS-Model-6.0/src/core_ocean/../operators -I/global/homes/h/hgkang/MPAS/MPAS-Model-6.0/src/core_ocean/BGC -I/global/homes/h/hgkang/MPAS/MPAS-Model-6.0/src/core_ocean/shared -I/global/homes/h/hgkang/MPAS/MPAS-Model-6.0/src/core_ocean/analysis_members -I/global/homes/h/hgkang/MPAS/MPAS-Model-6.0/src/core_ocean/cvmix -I/global/homes/h/hgkang/MPAS/MPAS-Model-6.0/src/core_ocean/mode_forward -I/global/homes/h/hgkang/MPAS/MPAS-Model-6.0/src/core_ocean/mode_analysis -I/global/homes/h/hgkang/MPAS/MPAS-Model-6.0/src/core_ocean/mode_init")
make[4]: Entering directory '/global/u2/h/hgkang/MPAS/MPAS-Model-6.0/src/core_ocean/shared'
rm -f mpas_ocn_constants.o mpas_ocn_constants.mod
ftn -DUNDERSCORE -D_MPI   -DCORE_OCEAN -DMPAS_NAMELIST_SUFFIX=ocean -DMPAS_EXE_NAME=ocean_model -DMPAS_NATIVE_TIMERS -DMPAS_GIT_VERSION=unknown -O3 -m64 -ffree-line-length-none -fconvert=big-endian -ffree-form -fdefault-real-8 -fdefault-double-8 -c mpas_ocn_constants.F -I/global/u2/h/hgkang/my_programs/ParallelIO_1.9.23/build/pio -I/global/u2/h/hgkang/my_programs/ParallelIO_1.9.23/build/pio -I/global/u2/h/hgkang/MPAS/MPAS-Model-6.0/src/core_ocean/driver  -I/global/u2/h/hgkang/MPAS/MPAS-Model-6.0/src/core_ocean/mode_forward -I/global/u2/h/hgkang/MPAS/MPAS-Model-6.0/src/core_ocean/mode_analysis -I/global/u2/h/hgkang/MPAS/MPAS-Model-6.0/src/core_ocean/mode_init -I/global/u2/h/hgkang/MPAS/MPAS-Model-6.0/src/core_ocean/shared -I/global/u2/h/hgkang/MPAS/MPAS-Model-6.0/src/core_ocean/analysis_members -I/global/u2/h/hgkang/MPAS/MPAS-Model-6.0/src/core_ocean/cvmix -I/global/u2/h/hgkang/MPAS/MPAS-Model-6.0/src/core_ocean/BGC -I/global/homes/h/hgkang/MPAS/MPAS-Model-6.0/src/core_ocean/../framework -I/global/homes/h/hgkang/MPAS/MPAS-Model-6.0/src/core_ocean/../external/esmf_time_f90 -I/global/homes/h/hgkang/MPAS/MPAS-Model-6.0/src/core_ocean/../operators -I/global/homes/h/hgkang/MPAS/MPAS-Model-6.0/src/core_ocean/BGC -I/global/homes/h/hgkang/MPAS/MPAS-Model-6.0/src/core_ocean/shared -I/global/homes/h/hgkang/MPAS/MPAS-Model-6.0/src/core_ocean/analysis_members -I/global/homes/h/hgkang/MPAS/MPAS-Model-6.0/src/core_ocean/cvmix -I/global/homes/h/hgkang/MPAS/MPAS-Model-6.0/src/core_ocean/mode_forward -I/global/homes/h/hgkang/MPAS/MPAS-Model-6.0/src/core_ocean/mode_analysis -I/global/homes/h/hgkang/MPAS/MPAS-Model-6.0/src/core_ocean/mode_init
rm -f mpas_ocn_thick_ale.o mpas_ocn_thick_ale.mod
ftn -DUNDERSCORE -D_MPI   -DCORE_OCEAN -DMPAS_NAMELIST_SUFFIX=ocean -DMPAS_EXE_NAME=ocean_model -DMPAS_NATIVE_TIMERS -DMPAS_GIT_VERSION=unknown -O3 -m64 -ffree-line-length-none -fconvert=big-endian -ffree-form -fdefault-real-8 -fdefault-double-8 -c mpas_ocn_thick_ale.F -I/global/u2/h/hgkang/my_programs/ParallelIO_1.9.23/build/pio -I/global/u2/h/hgkang/my_programs/ParallelIO_1.9.23/build/pio -I/global/u2/h/hgkang/MPAS/MPAS-Model-6.0/src/core_ocean/driver  -I/global/u2/h/hgkang/MPAS/MPAS-Model-6.0/src/core_ocean/mode_forward -I/global/u2/h/hgkang/MPAS/MPAS-Model-6.0/src/core_ocean/mode_analysis -I/global/u2/h/hgkang/MPAS/MPAS-Model-6.0/src/core_ocean/mode_init -I/global/u2/h/hgkang/MPAS/MPAS-Model-6.0/src/core_ocean/shared -I/global/u2/h/hgkang/MPAS/MPAS-Model-6.0/src/core_ocean/analysis_members -I/global/u2/h/hgkang/MPAS/MPAS-Model-6.0/src/core_ocean/cvmix -I/global/u2/h/hgkang/MPAS/MPAS-Model-6.0/src/core_ocean/BGC -I/global/homes/h/hgkang/MPAS/MPAS-Model-6.0/src/core_ocean/../framework -I/global/homes/h/hgkang/MPAS/MPAS-Model-6.0/src/core_ocean/../external/esmf_time_f90 -I/global/homes/h/hgkang/MPAS/MPAS-Model-6.0/src/core_ocean/../operators -I/global/homes/h/hgkang/MPAS/MPAS-Model-6.0/src/core_ocean/BGC -I/global/homes/h/hgkang/MPAS/MPAS-Model-6.0/src/core_ocean/shared -I/global/homes/h/hgkang/MPAS/MPAS-Model-6.0/src/core_ocean/analysis_members -I/global/homes/h/hgkang/MPAS/MPAS-Model-6.0/src/core_ocean/cvmix -I/global/homes/h/hgkang/MPAS/MPAS-Model-6.0/src/core_ocean/mode_forward -I/global/homes/h/hgkang/MPAS/MPAS-Model-6.0/src/core_ocean/mode_analysis -I/global/homes/h/hgkang/MPAS/MPAS-Model-6.0/src/core_ocean/mode_init
rm -f mpas_ocn_diagnostics_routines.o mpas_ocn_diagnostics_routines.mod
ftn -DUNDERSCORE -D_MPI   -DCORE_OCEAN -DMPAS_NAMELIST_SUFFIX=ocean -DMPAS_EXE_NAME=ocean_model -DMPAS_NATIVE_TIMERS -DMPAS_GIT_VERSION=unknown -O3 -m64 -ffree-line-length-none -fconvert=big-endian -ffree-form -fdefault-real-8 -fdefault-double-8 -c mpas_ocn_diagnostics_routines.F -I/global/u2/h/hgkang/my_programs/ParallelIO_1.9.23/build/pio -I/global/u2/h/hgkang/my_programs/ParallelIO_1.9.23/build/pio -I/global/u2/h/hgkang/MPAS/MPAS-Model-6.0/src/core_ocean/driver  -I/global/u2/h/hgkang/MPAS/MPAS-Model-6.0/src/core_ocean/mode_forward -I/global/u2/h/hgkang/MPAS/MPAS-Model-6.0/src/core_ocean/mode_analysis -I/global/u2/h/hgkang/MPAS/MPAS-Model-6.0/src/core_ocean/mode_init -I/global/u2/h/hgkang/MPAS/MPAS-Model-6.0/src/core_ocean/shared -I/global/u2/h/hgkang/MPAS/MPAS-Model-6.0/src/core_ocean/analysis_members -I/global/u2/h/hgkang/MPAS/MPAS-Model-6.0/src/core_ocean/cvmix -I/global/u2/h/hgkang/MPAS/MPAS-Model-6.0/src/core_ocean/BGC -I/global/homes/h/hgkang/MPAS/MPAS-Model-6.0/src/core_ocean/../framework -I/global/homes/h/hgkang/MPAS/MPAS-Model-6.0/src/core_ocean/../external/esmf_time_f90 -I/global/homes/h/hgkang/MPAS/MPAS-Model-6.0/src/core_ocean/../operators -I/global/homes/h/hgkang/MPAS/MPAS-Model-6.0/src/core_ocean/BGC -I/global/homes/h/hgkang/MPAS/MPAS-Model-6.0/src/core_ocean/shared -I/global/homes/h/hgkang/MPAS/MPAS-Model-6.0/src/core_ocean/analysis_members -I/global/homes/h/hgkang/MPAS/MPAS-Model-6.0/src/core_ocean/cvmix -I/global/homes/h/hgkang/MPAS/MPAS-Model-6.0/src/core_ocean/mode_forward -I/global/homes/h/hgkang/MPAS/MPAS-Model-6.0/src/core_ocean/mode_analysis -I/global/homes/h/hgkang/MPAS/MPAS-Model-6.0/src/core_ocean/mode_init
rm -f mpas_ocn_equation_of_state_jm.o mpas_ocn_equation_of_state_jm.mod
ftn -DUNDERSCORE -D_MPI   -DCORE_OCEAN -DMPAS_NAMELIST_SUFFIX=ocean -DMPAS_EXE_NAME=ocean_model -DMPAS_NATIVE_TIMERS -DMPAS_GIT_VERSION=unknown -O3 -m64 -ffree-line-length-none -fconvert=big-endian -ffree-form -fdefault-real-8 -fdefault-double-8 -c mpas_ocn_equation_of_state_jm.F -I/global/u2/h/hgkang/my_programs/ParallelIO_1.9.23/build/pio -I/global/u2/h/hgkang/my_programs/ParallelIO_1.9.23/build/pio -I/global/u2/h/hgkang/MPAS/MPAS-Model-6.0/src/core_ocean/driver  -I/global/u2/h/hgkang/MPAS/MPAS-Model-6.0/src/core_ocean/mode_forward -I/global/u2/h/hgkang/MPAS/MPAS-Model-6.0/src/core_ocean/mode_analysis -I/global/u2/h/hgkang/MPAS/MPAS-Model-6.0/src/core_ocean/mode_init -I/global/u2/h/hgkang/MPAS/MPAS-Model-6.0/src/core_ocean/shared -I/global/u2/h/hgkang/MPAS/MPAS-Model-6.0/src/core_ocean/analysis_members -I/global/u2/h/hgkang/MPAS/MPAS-Model-6.0/src/core_ocean/cvmix -I/global/u2/h/hgkang/MPAS/MPAS-Model-6.0/src/core_ocean/BGC -I/global/homes/h/hgkang/MPAS/MPAS-Model-6.0/src/core_ocean/../framework -I/global/homes/h/hgkang/MPAS/MPAS-Model-6.0/src/core_ocean/../external/esmf_time_f90 -I/global/homes/h/hgkang/MPAS/MPAS-Model-6.0/src/core_ocean/../operators -I/global/homes/h/hgkang/MPAS/MPAS-Model-6.0/src/core_ocean/BGC -I/global/homes/h/hgkang/MPAS/MPAS-Model-6.0/src/core_ocean/shared -I/global/homes/h/hgkang/MPAS/MPAS-Model-6.0/src/core_ocean/analysis_members -I/global/homes/h/hgkang/MPAS/MPAS-Model-6.0/src/core_ocean/cvmix -I/global/homes/h/hgkang/MPAS/MPAS-Model-6.0/src/core_ocean/mode_forward -I/global/homes/h/hgkang/MPAS/MPAS-Model-6.0/src/core_ocean/mode_analysis -I/global/homes/h/hgkang/MPAS/MPAS-Model-6.0/src/core_ocean/mode_init
rm -f mpas_ocn_equation_of_state_linear.o mpas_ocn_equation_of_state_linear.mod
ftn -DUNDERSCORE -D_MPI   -DCORE_OCEAN -DMPAS_NAMELIST_SUFFIX=ocean -DMPAS_EXE_NAME=ocean_model -DMPAS_NATIVE_TIMERS -DMPAS_GIT_VERSION=unknown -O3 -m64 -ffree-line-length-none -fconvert=big-endian -ffree-form -fdefault-real-8 -fdefault-double-8 -c mpas_ocn_equation_of_state_linear.F -I/global/u2/h/hgkang/my_programs/ParallelIO_1.9.23/build/pio -I/global/u2/h/hgkang/my_programs/ParallelIO_1.9.23/build/pio -I/global/u2/h/hgkang/MPAS/MPAS-Model-6.0/src/core_ocean/driver  -I/global/u2/h/hgkang/MPAS/MPAS-Model-6.0/src/core_ocean/mode_forward -I/global/u2/h/hgkang/MPAS/MPAS-Model-6.0/src/core_ocean/mode_analysis -I/global/u2/h/hgkang/MPAS/MPAS-Model-6.0/src/core_ocean/mode_init -I/global/u2/h/hgkang/MPAS/MPAS-Model-6.0/src/core_ocean/shared -I/global/u2/h/hgkang/MPAS/MPAS-Model-6.0/src/core_ocean/analysis_members -I/global/u2/h/hgkang/MPAS/MPAS-Model-6.0/src/core_ocean/cvmix -I/global/u2/h/hgkang/MPAS/MPAS-Model-6.0/src/core_ocean/BGC -I/global/homes/h/hgkang/MPAS/MPAS-Model-6.0/src/core_ocean/../framework -I/global/homes/h/hgkang/MPAS/MPAS-Model-6.0/src/core_ocean/../external/esmf_time_f90 -I/global/homes/h/hgkang/MPAS/MPAS-Model-6.0/src/core_ocean/../operators -I/global/homes/h/hgkang/MPAS/MPAS-Model-6.0/src/core_ocean/BGC -I/global/homes/h/hgkang/MPAS/MPAS-Model-6.0/src/core_ocean/shared -I/global/homes/h/hgkang/MPAS/MPAS-Model-6.0/src/core_ocean/analysis_members -I/global/homes/h/hgkang/MPAS/MPAS-Model-6.0/src/core_ocean/cvmix -I/global/homes/h/hgkang/MPAS/MPAS-Model-6.0/src/core_ocean/mode_forward -I/global/homes/h/hgkang/MPAS/MPAS-Model-6.0/src/core_ocean/mode_analysis -I/global/homes/h/hgkang/MPAS/MPAS-Model-6.0/src/core_ocean/mode_init
rm -f mpas_ocn_equation_of_state.o mpas_ocn_equation_of_state.mod
ftn -DUNDERSCORE -D_MPI   -DCORE_OCEAN -DMPAS_NAMELIST_SUFFIX=ocean -DMPAS_EXE_NAME=ocean_model -DMPAS_NATIVE_TIMERS -DMPAS_GIT_VERSION=unknown -O3 -m64 -ffree-line-length-none -fconvert=big-endian -ffree-form -fdefault-real-8 -fdefault-double-8 -c mpas_ocn_equation_of_state.F -I/global/u2/h/hgkang/my_programs/ParallelIO_1.9.23/build/pio -I/global/u2/h/hgkang/my_programs/ParallelIO_1.9.23/build/pio -I/global/u2/h/hgkang/MPAS/MPAS-Model-6.0/src/core_ocean/driver  -I/global/u2/h/hgkang/MPAS/MPAS-Model-6.0/src/core_ocean/mode_forward -I/global/u2/h/hgkang/MPAS/MPAS-Model-6.0/src/core_ocean/mode_analysis -I/global/u2/h/hgkang/MPAS/MPAS-Model-6.0/src/core_ocean/mode_init -I/global/u2/h/hgkang/MPAS/MPAS-Model-6.0/src/core_ocean/shared -I/global/u2/h/hgkang/MPAS/MPAS-Model-6.0/src/core_ocean/analysis_members -I/global/u2/h/hgkang/MPAS/MPAS-Model-6.0/src/core_ocean/cvmix -I/global/u2/h/hgkang/MPAS/MPAS-Model-6.0/src/core_ocean/BGC -I/global/homes/h/hgkang/MPAS/MPAS-Model-6.0/src/core_ocean/../framework -I/global/homes/h/hgkang/MPAS/MPAS-Model-6.0/src/core_ocean/../external/esmf_time_f90 -I/global/homes/h/hgkang/MPAS/MPAS-Model-6.0/src/core_ocean/../operators -I/global/homes/h/hgkang/MPAS/MPAS-Model-6.0/src/core_ocean/BGC -I/global/homes/h/hgkang/MPAS/MPAS-Model-6.0/src/core_ocean/shared -I/global/homes/h/hgkang/MPAS/MPAS-Model-6.0/src/core_ocean/analysis_members -I/global/homes/h/hgkang/MPAS/MPAS-Model-6.0/src/core_ocean/cvmix -I/global/homes/h/hgkang/MPAS/MPAS-Model-6.0/src/core_ocean/mode_forward -I/global/homes/h/hgkang/MPAS/MPAS-Model-6.0/src/core_ocean/mode_analysis -I/global/homes/h/hgkang/MPAS/MPAS-Model-6.0/src/core_ocean/mode_init
rm -f mpas_ocn_gm.o mpas_ocn_gm.mod
ftn -DUNDERSCORE -D_MPI   -DCORE_OCEAN -DMPAS_NAMELIST_SUFFIX=ocean -DMPAS_EXE_NAME=ocean_model -DMPAS_NATIVE_TIMERS -DMPAS_GIT_VERSION=unknown -O3 -m64 -ffree-line-length-none -fconvert=big-endian -ffree-form -fdefault-real-8 -fdefault-double-8 -c mpas_ocn_gm.F -I/global/u2/h/hgkang/my_programs/ParallelIO_1.9.23/build/pio -I/global/u2/h/hgkang/my_programs/ParallelIO_1.9.23/build/pio -I/global/u2/h/hgkang/MPAS/MPAS-Model-6.0/src/core_ocean/driver  -I/global/u2/h/hgkang/MPAS/MPAS-Model-6.0/src/core_ocean/mode_forward -I/global/u2/h/hgkang/MPAS/MPAS-Model-6.0/src/core_ocean/mode_analysis -I/global/u2/h/hgkang/MPAS/MPAS-Model-6.0/src/core_ocean/mode_init -I/global/u2/h/hgkang/MPAS/MPAS-Model-6.0/src/core_ocean/shared -I/global/u2/h/hgkang/MPAS/MPAS-Model-6.0/src/core_ocean/analysis_members -I/global/u2/h/hgkang/MPAS/MPAS-Model-6.0/src/core_ocean/cvmix -I/global/u2/h/hgkang/MPAS/MPAS-Model-6.0/src/core_ocean/BGC -I/global/homes/h/hgkang/MPAS/MPAS-Model-6.0/src/core_ocean/../framework -I/global/homes/h/hgkang/MPAS/MPAS-Model-6.0/src/core_ocean/../external/esmf_time_f90 -I/global/homes/h/hgkang/MPAS/MPAS-Model-6.0/src/core_ocean/../operators -I/global/homes/h/hgkang/MPAS/MPAS-Model-6.0/src/core_ocean/BGC -I/global/homes/h/hgkang/MPAS/MPAS-Model-6.0/src/core_ocean/shared -I/global/homes/h/hgkang/MPAS/MPAS-Model-6.0/src/core_ocean/analysis_members -I/global/homes/h/hgkang/MPAS/MPAS-Model-6.0/src/core_ocean/cvmix -I/global/homes/h/hgkang/MPAS/MPAS-Model-6.0/src/core_ocean/mode_forward -I/global/homes/h/hgkang/MPAS/MPAS-Model-6.0/src/core_ocean/mode_analysis -I/global/homes/h/hgkang/MPAS/MPAS-Model-6.0/src/core_ocean/mode_init
rm -f mpas_ocn_diagnostics.o mpas_ocn_diagnostics.mod
ftn -DUNDERSCORE -D_MPI   -DCORE_OCEAN -DMPAS_NAMELIST_SUFFIX=ocean -DMPAS_EXE_NAME=ocean_model -DMPAS_NATIVE_TIMERS -DMPAS_GIT_VERSION=unknown -O3 -m64 -ffree-line-length-none -fconvert=big-endian -ffree-form -fdefault-real-8 -fdefault-double-8 -c mpas_ocn_diagnostics.F -I/global/u2/h/hgkang/my_programs/ParallelIO_1.9.23/build/pio -I/global/u2/h/hgkang/my_programs/ParallelIO_1.9.23/build/pio -I/global/u2/h/hgkang/MPAS/MPAS-Model-6.0/src/core_ocean/driver  -I/global/u2/h/hgkang/MPAS/MPAS-Model-6.0/src/core_ocean/mode_forward -I/global/u2/h/hgkang/MPAS/MPAS-Model-6.0/src/core_ocean/mode_analysis -I/global/u2/h/hgkang/MPAS/MPAS-Model-6.0/src/core_ocean/mode_init -I/global/u2/h/hgkang/MPAS/MPAS-Model-6.0/src/core_ocean/shared -I/global/u2/h/hgkang/MPAS/MPAS-Model-6.0/src/core_ocean/analysis_members -I/global/u2/h/hgkang/MPAS/MPAS-Model-6.0/src/core_ocean/cvmix -I/global/u2/h/hgkang/MPAS/MPAS-Model-6.0/src/core_ocean/BGC -I/global/homes/h/hgkang/MPAS/MPAS-Model-6.0/src/core_ocean/../framework -I/global/homes/h/hgkang/MPAS/MPAS-Model-6.0/src/core_ocean/../external/esmf_time_f90 -I/global/homes/h/hgkang/MPAS/MPAS-Model-6.0/src/core_ocean/../operators -I/global/homes/h/hgkang/MPAS/MPAS-Model-6.0/src/core_ocean/BGC -I/global/homes/h/hgkang/MPAS/MPAS-Model-6.0/src/core_ocean/shared -I/global/homes/h/hgkang/MPAS/MPAS-Model-6.0/src/core_ocean/analysis_members -I/global/homes/h/hgkang/MPAS/MPAS-Model-6.0/src/core_ocean/cvmix -I/global/homes/h/hgkang/MPAS/MPAS-Model-6.0/src/core_ocean/mode_forward -I/global/homes/h/hgkang/MPAS/MPAS-Model-6.0/src/core_ocean/mode_analysis -I/global/homes/h/hgkang/MPAS/MPAS-Model-6.0/src/core_ocean/mode_init
rm -f mpas_ocn_forcing.o mpas_ocn_forcing.mod
ftn -DUNDERSCORE -D_MPI   -DCORE_OCEAN -DMPAS_NAMELIST_SUFFIX=ocean -DMPAS_EXE_NAME=ocean_model -DMPAS_NATIVE_TIMERS -DMPAS_GIT_VERSION=unknown -O3 -m64 -ffree-line-length-none -fconvert=big-endian -ffree-form -fdefault-real-8 -fdefault-double-8 -c mpas_ocn_forcing.F -I/global/u2/h/hgkang/my_programs/ParallelIO_1.9.23/build/pio -I/global/u2/h/hgkang/my_programs/ParallelIO_1.9.23/build/pio -I/global/u2/h/hgkang/MPAS/MPAS-Model-6.0/src/core_ocean/driver  -I/global/u2/h/hgkang/MPAS/MPAS-Model-6.0/src/core_ocean/mode_forward -I/global/u2/h/hgkang/MPAS/MPAS-Model-6.0/src/core_ocean/mode_analysis -I/global/u2/h/hgkang/MPAS/MPAS-Model-6.0/src/core_ocean/mode_init -I/global/u2/h/hgkang/MPAS/MPAS-Model-6.0/src/core_ocean/shared -I/global/u2/h/hgkang/MPAS/MPAS-Model-6.0/src/core_ocean/analysis_members -I/global/u2/h/hgkang/MPAS/MPAS-Model-6.0/src/core_ocean/cvmix -I/global/u2/h/hgkang/MPAS/MPAS-Model-6.0/src/core_ocean/BGC -I/global/homes/h/hgkang/MPAS/MPAS-Model-6.0/src/core_ocean/../framework -I/global/homes/h/hgkang/MPAS/MPAS-Model-6.0/src/core_ocean/../external/esmf_time_f90 -I/global/homes/h/hgkang/MPAS/MPAS-Model-6.0/src/core_ocean/../operators -I/global/homes/h/hgkang/MPAS/MPAS-Model-6.0/src/core_ocean/BGC -I/global/homes/h/hgkang/MPAS/MPAS-Model-6.0/src/core_ocean/shared -I/global/homes/h/hgkang/MPAS/MPAS-Model-6.0/src/core_ocean/analysis_members -I/global/homes/h/hgkang/MPAS/MPAS-Model-6.0/src/core_ocean/cvmix -I/global/homes/h/hgkang/MPAS/MPAS-Model-6.0/src/core_ocean/mode_forward -I/global/homes/h/hgkang/MPAS/MPAS-Model-6.0/src/core_ocean/mode_analysis -I/global/homes/h/hgkang/MPAS/MPAS-Model-6.0/src/core_ocean/mode_init
rm -f mpas_ocn_surface_land_ice_fluxes.o mpas_ocn_surface_land_ice_fluxes.mod
ftn -DUNDERSCORE -D_MPI   -DCORE_OCEAN -DMPAS_NAMELIST_SUFFIX=ocean -DMPAS_EXE_NAME=ocean_model -DMPAS_NATIVE_TIMERS -DMPAS_GIT_VERSION=unknown -O3 -m64 -ffree-line-length-none -fconvert=big-endian -ffree-form -fdefault-real-8 -fdefault-double-8 -c mpas_ocn_surface_land_ice_fluxes.F -I/global/u2/h/hgkang/my_programs/ParallelIO_1.9.23/build/pio -I/global/u2/h/hgkang/my_programs/ParallelIO_1.9.23/build/pio -I/global/u2/h/hgkang/MPAS/MPAS-Model-6.0/src/core_ocean/driver  -I/global/u2/h/hgkang/MPAS/MPAS-Model-6.0/src/core_ocean/mode_forward -I/global/u2/h/hgkang/MPAS/MPAS-Model-6.0/src/core_ocean/mode_analysis -I/global/u2/h/hgkang/MPAS/MPAS-Model-6.0/src/core_ocean/mode_init -I/global/u2/h/hgkang/MPAS/MPAS-Model-6.0/src/core_ocean/shared -I/global/u2/h/hgkang/MPAS/MPAS-Model-6.0/src/core_ocean/analysis_members -I/global/u2/h/hgkang/MPAS/MPAS-Model-6.0/src/core_ocean/cvmix -I/global/u2/h/hgkang/MPAS/MPAS-Model-6.0/src/core_ocean/BGC -I/global/homes/h/hgkang/MPAS/MPAS-Model-6.0/src/core_ocean/../framework -I/global/homes/h/hgkang/MPAS/MPAS-Model-6.0/src/core_ocean/../external/esmf_time_f90 -I/global/homes/h/hgkang/MPAS/MPAS-Model-6.0/src/core_ocean/../operators -I/global/homes/h/hgkang/MPAS/MPAS-Model-6.0/src/core_ocean/BGC -I/global/homes/h/hgkang/MPAS/MPAS-Model-6.0/src/core_ocean/shared -I/global/homes/h/hgkang/MPAS/MPAS-Model-6.0/src/core_ocean/analysis_members -I/global/homes/h/hgkang/MPAS/MPAS-Model-6.0/src/core_ocean/cvmix -I/global/homes/h/hgkang/MPAS/MPAS-Model-6.0/src/core_ocean/mode_forward -I/global/homes/h/hgkang/MPAS/MPAS-Model-6.0/src/core_ocean/mode_analysis -I/global/homes/h/hgkang/MPAS/MPAS-Model-6.0/src/core_ocean/mode_init
rm -f mpas_ocn_init_routines.o mpas_ocn_init_routines.mod
ftn -DUNDERSCORE -D_MPI   -DCORE_OCEAN -DMPAS_NAMELIST_SUFFIX=ocean -DMPAS_EXE_NAME=ocean_model -DMPAS_NATIVE_TIMERS -DMPAS_GIT_VERSION=unknown -O3 -m64 -ffree-line-length-none -fconvert=big-endian -ffree-form -fdefault-real-8 -fdefault-double-8 -c mpas_ocn_init_routines.F -I/global/u2/h/hgkang/my_programs/ParallelIO_1.9.23/build/pio -I/global/u2/h/hgkang/my_programs/ParallelIO_1.9.23/build/pio -I/global/u2/h/hgkang/MPAS/MPAS-Model-6.0/src/core_ocean/driver  -I/global/u2/h/hgkang/MPAS/MPAS-Model-6.0/src/core_ocean/mode_forward -I/global/u2/h/hgkang/MPAS/MPAS-Model-6.0/src/core_ocean/mode_analysis -I/global/u2/h/hgkang/MPAS/MPAS-Model-6.0/src/core_ocean/mode_init -I/global/u2/h/hgkang/MPAS/MPAS-Model-6.0/src/core_ocean/shared -I/global/u2/h/hgkang/MPAS/MPAS-Model-6.0/src/core_ocean/analysis_members -I/global/u2/h/hgkang/MPAS/MPAS-Model-6.0/src/core_ocean/cvmix -I/global/u2/h/hgkang/MPAS/MPAS-Model-6.0/src/core_ocean/BGC -I/global/homes/h/hgkang/MPAS/MPAS-Model-6.0/src/core_ocean/../framework -I/global/homes/h/hgkang/MPAS/MPAS-Model-6.0/src/core_ocean/../external/esmf_time_f90 -I/global/homes/h/hgkang/MPAS/MPAS-Model-6.0/src/core_ocean/../operators -I/global/homes/h/hgkang/MPAS/MPAS-Model-6.0/src/core_ocean/BGC -I/global/homes/h/hgkang/MPAS/MPAS-Model-6.0/src/core_ocean/shared -I/global/homes/h/hgkang/MPAS/MPAS-Model-6.0/src/core_ocean/analysis_members -I/global/homes/h/hgkang/MPAS/MPAS-Model-6.0/src/core_ocean/cvmix -I/global/homes/h/hgkang/MPAS/MPAS-Model-6.0/src/core_ocean/mode_forward -I/global/homes/h/hgkang/MPAS/MPAS-Model-6.0/src/core_ocean/mode_analysis -I/global/homes/h/hgkang/MPAS/MPAS-Model-6.0/src/core_ocean/mode_init
rm -f mpas_ocn_thick_hadv.o mpas_ocn_thick_hadv.mod
ftn -DUNDERSCORE -D_MPI   -DCORE_OCEAN -DMPAS_NAMELIST_SUFFIX=ocean -DMPAS_EXE_NAME=ocean_model -DMPAS_NATIVE_TIMERS -DMPAS_GIT_VERSION=unknown -O3 -m64 -ffree-line-length-none -fconvert=big-endian -ffree-form -fdefault-real-8 -fdefault-double-8 -c mpas_ocn_thick_hadv.F -I/global/u2/h/hgkang/my_programs/ParallelIO_1.9.23/build/pio -I/global/u2/h/hgkang/my_programs/ParallelIO_1.9.23/build/pio -I/global/u2/h/hgkang/MPAS/MPAS-Model-6.0/src/core_ocean/driver  -I/global/u2/h/hgkang/MPAS/MPAS-Model-6.0/src/core_ocean/mode_forward -I/global/u2/h/hgkang/MPAS/MPAS-Model-6.0/src/core_ocean/mode_analysis -I/global/u2/h/hgkang/MPAS/MPAS-Model-6.0/src/core_ocean/mode_init -I/global/u2/h/hgkang/MPAS/MPAS-Model-6.0/src/core_ocean/shared -I/global/u2/h/hgkang/MPAS/MPAS-Model-6.0/src/core_ocean/analysis_members -I/global/u2/h/hgkang/MPAS/MPAS-Model-6.0/src/core_ocean/cvmix -I/global/u2/h/hgkang/MPAS/MPAS-Model-6.0/src/core_ocean/BGC -I/global/homes/h/hgkang/MPAS/MPAS-Model-6.0/src/core_ocean/../framework -I/global/homes/h/hgkang/MPAS/MPAS-Model-6.0/src/core_ocean/../external/esmf_time_f90 -I/global/homes/h/hgkang/MPAS/MPAS-Model-6.0/src/core_ocean/../operators -I/global/homes/h/hgkang/MPAS/MPAS-Model-6.0/src/core_ocean/BGC -I/global/homes/h/hgkang/MPAS/MPAS-Model-6.0/src/core_ocean/shared -I/global/homes/h/hgkang/MPAS/MPAS-Model-6.0/src/core_ocean/analysis_members -I/global/homes/h/hgkang/MPAS/MPAS-Model-6.0/src/core_ocean/cvmix -I/global/homes/h/hgkang/MPAS/MPAS-Model-6.0/src/core_ocean/mode_forward -I/global/homes/h/hgkang/MPAS/MPAS-Model-6.0/src/core_ocean/mode_analysis -I/global/homes/h/hgkang/MPAS/MPAS-Model-6.0/src/core_ocean/mode_init
rm -f mpas_ocn_thick_vadv.o mpas_ocn_thick_vadv.mod
ftn -DUNDERSCORE -D_MPI   -DCORE_OCEAN -DMPAS_NAMELIST_SUFFIX=ocean -DMPAS_EXE_NAME=ocean_model -DMPAS_NATIVE_TIMERS -DMPAS_GIT_VERSION=unknown -O3 -m64 -ffree-line-length-none -fconvert=big-endian -ffree-form -fdefault-real-8 -fdefault-double-8 -c mpas_ocn_thick_vadv.F -I/global/u2/h/hgkang/my_programs/ParallelIO_1.9.23/build/pio -I/global/u2/h/hgkang/my_programs/ParallelIO_1.9.23/build/pio -I/global/u2/h/hgkang/MPAS/MPAS-Model-6.0/src/core_ocean/driver  -I/global/u2/h/hgkang/MPAS/MPAS-Model-6.0/src/core_ocean/mode_forward -I/global/u2/h/hgkang/MPAS/MPAS-Model-6.0/src/core_ocean/mode_analysis -I/global/u2/h/hgkang/MPAS/MPAS-Model-6.0/src/core_ocean/mode_init -I/global/u2/h/hgkang/MPAS/MPAS-Model-6.0/src/core_ocean/shared -I/global/u2/h/hgkang/MPAS/MPAS-Model-6.0/src/core_ocean/analysis_members -I/global/u2/h/hgkang/MPAS/MPAS-Model-6.0/src/core_ocean/cvmix -I/global/u2/h/hgkang/MPAS/MPAS-Model-6.0/src/core_ocean/BGC -I/global/homes/h/hgkang/MPAS/MPAS-Model-6.0/src/core_ocean/../framework -I/global/homes/h/hgkang/MPAS/MPAS-Model-6.0/src/core_ocean/../external/esmf_time_f90 -I/global/homes/h/hgkang/MPAS/MPAS-Model-6.0/src/core_ocean/../operators -I/global/homes/h/hgkang/MPAS/MPAS-Model-6.0/src/core_ocean/BGC -I/global/homes/h/hgkang/MPAS/MPAS-Model-6.0/src/core_ocean/shared -I/global/homes/h/hgkang/MPAS/MPAS-Model-6.0/src/core_ocean/analysis_members -I/global/homes/h/hgkang/MPAS/MPAS-Model-6.0/src/core_ocean/cvmix -I/global/homes/h/hgkang/MPAS/MPAS-Model-6.0/src/core_ocean/mode_forward -I/global/homes/h/hgkang/MPAS/MPAS-Model-6.0/src/core_ocean/mode_analysis -I/global/homes/h/hgkang/MPAS/MPAS-Model-6.0/src/core_ocean/mode_init
rm -f mpas_ocn_thick_surface_flux.o mpas_ocn_thick_surface_flux.mod
ftn -DUNDERSCORE -D_MPI   -DCORE_OCEAN -DMPAS_NAMELIST_SUFFIX=ocean -DMPAS_EXE_NAME=ocean_model -DMPAS_NATIVE_TIMERS -DMPAS_GIT_VERSION=unknown -O3 -m64 -ffree-line-length-none -fconvert=big-endian -ffree-form -fdefault-real-8 -fdefault-double-8 -c mpas_ocn_thick_surface_flux.F -I/global/u2/h/hgkang/my_programs/ParallelIO_1.9.23/build/pio -I/global/u2/h/hgkang/my_programs/ParallelIO_1.9.23/build/pio -I/global/u2/h/hgkang/MPAS/MPAS-Model-6.0/src/core_ocean/driver  -I/global/u2/h/hgkang/MPAS/MPAS-Model-6.0/src/core_ocean/mode_forward -I/global/u2/h/hgkang/MPAS/MPAS-Model-6.0/src/core_ocean/mode_analysis -I/global/u2/h/hgkang/MPAS/MPAS-Model-6.0/src/core_ocean/mode_init -I/global/u2/h/hgkang/MPAS/MPAS-Model-6.0/src/core_ocean/shared -I/global/u2/h/hgkang/MPAS/MPAS-Model-6.0/src/core_ocean/analysis_members -I/global/u2/h/hgkang/MPAS/MPAS-Model-6.0/src/core_ocean/cvmix -I/global/u2/h/hgkang/MPAS/MPAS-Model-6.0/src/core_ocean/BGC -I/global/homes/h/hgkang/MPAS/MPAS-Model-6.0/src/core_ocean/../framework -I/global/homes/h/hgkang/MPAS/MPAS-Model-6.0/src/core_ocean/../external/esmf_time_f90 -I/global/homes/h/hgkang/MPAS/MPAS-Model-6.0/src/core_ocean/../operators -I/global/homes/h/hgkang/MPAS/MPAS-Model-6.0/src/core_ocean/BGC -I/global/homes/h/hgkang/MPAS/MPAS-Model-6.0/src/core_ocean/shared -I/global/homes/h/hgkang/MPAS/MPAS-Model-6.0/src/core_ocean/analysis_members -I/global/homes/h/hgkang/MPAS/MPAS-Model-6.0/src/core_ocean/cvmix -I/global/homes/h/hgkang/MPAS/MPAS-Model-6.0/src/core_ocean/mode_forward -I/global/homes/h/hgkang/MPAS/MPAS-Model-6.0/src/core_ocean/mode_analysis -I/global/homes/h/hgkang/MPAS/MPAS-Model-6.0/src/core_ocean/mode_init
rm -f mpas_ocn_vel_coriolis.o mpas_ocn_vel_coriolis.mod
ftn -DUNDERSCORE -D_MPI   -DCORE_OCEAN -DMPAS_NAMELIST_SUFFIX=ocean -DMPAS_EXE_NAME=ocean_model -DMPAS_NATIVE_TIMERS -DMPAS_GIT_VERSION=unknown -O3 -m64 -ffree-line-length-none -fconvert=big-endian -ffree-form -fdefault-real-8 -fdefault-double-8 -c mpas_ocn_vel_coriolis.F -I/global/u2/h/hgkang/my_programs/ParallelIO_1.9.23/build/pio -I/global/u2/h/hgkang/my_programs/ParallelIO_1.9.23/build/pio -I/global/u2/h/hgkang/MPAS/MPAS-Model-6.0/src/core_ocean/driver  -I/global/u2/h/hgkang/MPAS/MPAS-Model-6.0/src/core_ocean/mode_forward -I/global/u2/h/hgkang/MPAS/MPAS-Model-6.0/src/core_ocean/mode_analysis -I/global/u2/h/hgkang/MPAS/MPAS-Model-6.0/src/core_ocean/mode_init -I/global/u2/h/hgkang/MPAS/MPAS-Model-6.0/src/core_ocean/shared -I/global/u2/h/hgkang/MPAS/MPAS-Model-6.0/src/core_ocean/analysis_members -I/global/u2/h/hgkang/MPAS/MPAS-Model-6.0/src/core_ocean/cvmix -I/global/u2/h/hgkang/MPAS/MPAS-Model-6.0/src/core_ocean/BGC -I/global/homes/h/hgkang/MPAS/MPAS-Model-6.0/src/core_ocean/../framework -I/global/homes/h/hgkang/MPAS/MPAS-Model-6.0/src/core_ocean/../external/esmf_time_f90 -I/global/homes/h/hgkang/MPAS/MPAS-Model-6.0/src/core_ocean/../operators -I/global/homes/h/hgkang/MPAS/MPAS-Model-6.0/src/core_ocean/BGC -I/global/homes/h/hgkang/MPAS/MPAS-Model-6.0/src/core_ocean/shared -I/global/homes/h/hgkang/MPAS/MPAS-Model-6.0/src/core_ocean/analysis_members -I/global/homes/h/hgkang/MPAS/MPAS-Model-6.0/src/core_ocean/cvmix -I/global/homes/h/hgkang/MPAS/MPAS-Model-6.0/src/core_ocean/mode_forward -I/global/homes/h/hgkang/MPAS/MPAS-Model-6.0/src/core_ocean/mode_analysis -I/global/homes/h/hgkang/MPAS/MPAS-Model-6.0/src/core_ocean/mode_init
rm -f mpas_ocn_vel_vadv.o mpas_ocn_vel_vadv.mod
ftn -DUNDERSCORE -D_MPI   -DCORE_OCEAN -DMPAS_NAMELIST_SUFFIX=ocean -DMPAS_EXE_NAME=ocean_model -DMPAS_NATIVE_TIMERS -DMPAS_GIT_VERSION=unknown -O3 -m64 -ffree-line-length-none -fconvert=big-endian -ffree-form -fdefault-real-8 -fdefault-double-8 -c mpas_ocn_vel_vadv.F -I/global/u2/h/hgkang/my_programs/ParallelIO_1.9.23/build/pio -I/global/u2/h/hgkang/my_programs/ParallelIO_1.9.23/build/pio -I/global/u2/h/hgkang/MPAS/MPAS-Model-6.0/src/core_ocean/driver  -I/global/u2/h/hgkang/MPAS/MPAS-Model-6.0/src/core_ocean/mode_forward -I/global/u2/h/hgkang/MPAS/MPAS-Model-6.0/src/core_ocean/mode_analysis -I/global/u2/h/hgkang/MPAS/MPAS-Model-6.0/src/core_ocean/mode_init -I/global/u2/h/hgkang/MPAS/MPAS-Model-6.0/src/core_ocean/shared -I/global/u2/h/hgkang/MPAS/MPAS-Model-6.0/src/core_ocean/analysis_members -I/global/u2/h/hgkang/MPAS/MPAS-Model-6.0/src/core_ocean/cvmix -I/global/u2/h/hgkang/MPAS/MPAS-Model-6.0/src/core_ocean/BGC -I/global/homes/h/hgkang/MPAS/MPAS-Model-6.0/src/core_ocean/../framework -I/global/homes/h/hgkang/MPAS/MPAS-Model-6.0/src/core_ocean/../external/esmf_time_f90 -I/global/homes/h/hgkang/MPAS/MPAS-Model-6.0/src/core_ocean/../operators -I/global/homes/h/hgkang/MPAS/MPAS-Model-6.0/src/core_ocean/BGC -I/global/homes/h/hgkang/MPAS/MPAS-Model-6.0/src/core_ocean/shared -I/global/homes/h/hgkang/MPAS/MPAS-Model-6.0/src/core_ocean/analysis_members -I/global/homes/h/hgkang/MPAS/MPAS-Model-6.0/src/core_ocean/cvmix -I/global/homes/h/hgkang/MPAS/MPAS-Model-6.0/src/core_ocean/mode_forward -I/global/homes/h/hgkang/MPAS/MPAS-Model-6.0/src/core_ocean/mode_analysis -I/global/homes/h/hgkang/MPAS/MPAS-Model-6.0/src/core_ocean/mode_init
rm -f mpas_ocn_vel_hmix_del2.o mpas_ocn_vel_hmix_del2.mod
ftn -DUNDERSCORE -D_MPI   -DCORE_OCEAN -DMPAS_NAMELIST_SUFFIX=ocean -DMPAS_EXE_NAME=ocean_model -DMPAS_NATIVE_TIMERS -DMPAS_GIT_VERSION=unknown -O3 -m64 -ffree-line-length-none -fconvert=big-endian -ffree-form -fdefault-real-8 -fdefault-double-8 -c mpas_ocn_vel_hmix_del2.F -I/global/u2/h/hgkang/my_programs/ParallelIO_1.9.23/build/pio -I/global/u2/h/hgkang/my_programs/ParallelIO_1.9.23/build/pio -I/global/u2/h/hgkang/MPAS/MPAS-Model-6.0/src/core_ocean/driver  -I/global/u2/h/hgkang/MPAS/MPAS-Model-6.0/src/core_ocean/mode_forward -I/global/u2/h/hgkang/MPAS/MPAS-Model-6.0/src/core_ocean/mode_analysis -I/global/u2/h/hgkang/MPAS/MPAS-Model-6.0/src/core_ocean/mode_init -I/global/u2/h/hgkang/MPAS/MPAS-Model-6.0/src/core_ocean/shared -I/global/u2/h/hgkang/MPAS/MPAS-Model-6.0/src/core_ocean/analysis_members -I/global/u2/h/hgkang/MPAS/MPAS-Model-6.0/src/core_ocean/cvmix -I/global/u2/h/hgkang/MPAS/MPAS-Model-6.0/src/core_ocean/BGC -I/global/homes/h/hgkang/MPAS/MPAS-Model-6.0/src/core_ocean/../framework -I/global/homes/h/hgkang/MPAS/MPAS-Model-6.0/src/core_ocean/../external/esmf_time_f90 -I/global/homes/h/hgkang/MPAS/MPAS-Model-6.0/src/core_ocean/../operators -I/global/homes/h/hgkang/MPAS/MPAS-Model-6.0/src/core_ocean/BGC -I/global/homes/h/hgkang/MPAS/MPAS-Model-6.0/src/core_ocean/shared -I/global/homes/h/hgkang/MPAS/MPAS-Model-6.0/src/core_ocean/analysis_members -I/global/homes/h/hgkang/MPAS/MPAS-Model-6.0/src/core_ocean/cvmix -I/global/homes/h/hgkang/MPAS/MPAS-Model-6.0/src/core_ocean/mode_forward -I/global/homes/h/hgkang/MPAS/MPAS-Model-6.0/src/core_ocean/mode_analysis -I/global/homes/h/hgkang/MPAS/MPAS-Model-6.0/src/core_ocean/mode_init
rm -f mpas_ocn_vel_hmix_leith.o mpas_ocn_vel_hmix_leith.mod
ftn -DUNDERSCORE -D_MPI   -DCORE_OCEAN -DMPAS_NAMELIST_SUFFIX=ocean -DMPAS_EXE_NAME=ocean_model -DMPAS_NATIVE_TIMERS -DMPAS_GIT_VERSION=unknown -O3 -m64 -ffree-line-length-none -fconvert=big-endian -ffree-form -fdefault-real-8 -fdefault-double-8 -c mpas_ocn_vel_hmix_leith.F -I/global/u2/h/hgkang/my_programs/ParallelIO_1.9.23/build/pio -I/global/u2/h/hgkang/my_programs/ParallelIO_1.9.23/build/pio -I/global/u2/h/hgkang/MPAS/MPAS-Model-6.0/src/core_ocean/driver  -I/global/u2/h/hgkang/MPAS/MPAS-Model-6.0/src/core_ocean/mode_forward -I/global/u2/h/hgkang/MPAS/MPAS-Model-6.0/src/core_ocean/mode_analysis -I/global/u2/h/hgkang/MPAS/MPAS-Model-6.0/src/core_ocean/mode_init -I/global/u2/h/hgkang/MPAS/MPAS-Model-6.0/src/core_ocean/shared -I/global/u2/h/hgkang/MPAS/MPAS-Model-6.0/src/core_ocean/analysis_members -I/global/u2/h/hgkang/MPAS/MPAS-Model-6.0/src/core_ocean/cvmix -I/global/u2/h/hgkang/MPAS/MPAS-Model-6.0/src/core_ocean/BGC -I/global/homes/h/hgkang/MPAS/MPAS-Model-6.0/src/core_ocean/../framework -I/global/homes/h/hgkang/MPAS/MPAS-Model-6.0/src/core_ocean/../external/esmf_time_f90 -I/global/homes/h/hgkang/MPAS/MPAS-Model-6.0/src/core_ocean/../operators -I/global/homes/h/hgkang/MPAS/MPAS-Model-6.0/src/core_ocean/BGC -I/global/homes/h/hgkang/MPAS/MPAS-Model-6.0/src/core_ocean/shared -I/global/homes/h/hgkang/MPAS/MPAS-Model-6.0/src/core_ocean/analysis_members -I/global/homes/h/hgkang/MPAS/MPAS-Model-6.0/src/core_ocean/cvmix -I/global/homes/h/hgkang/MPAS/MPAS-Model-6.0/src/core_ocean/mode_forward -I/global/homes/h/hgkang/MPAS/MPAS-Model-6.0/src/core_ocean/mode_analysis -I/global/homes/h/hgkang/MPAS/MPAS-Model-6.0/src/core_ocean/mode_init
rm -f mpas_ocn_vel_hmix_del4.o mpas_ocn_vel_hmix_del4.mod
ftn -DUNDERSCORE -D_MPI   -DCORE_OCEAN -DMPAS_NAMELIST_SUFFIX=ocean -DMPAS_EXE_NAME=ocean_model -DMPAS_NATIVE_TIMERS -DMPAS_GIT_VERSION=unknown -O3 -m64 -ffree-line-length-none -fconvert=big-endian -ffree-form -fdefault-real-8 -fdefault-double-8 -c mpas_ocn_vel_hmix_del4.F -I/global/u2/h/hgkang/my_programs/ParallelIO_1.9.23/build/pio -I/global/u2/h/hgkang/my_programs/ParallelIO_1.9.23/build/pio -I/global/u2/h/hgkang/MPAS/MPAS-Model-6.0/src/core_ocean/driver  -I/global/u2/h/hgkang/MPAS/MPAS-Model-6.0/src/core_ocean/mode_forward -I/global/u2/h/hgkang/MPAS/MPAS-Model-6.0/src/core_ocean/mode_analysis -I/global/u2/h/hgkang/MPAS/MPAS-Model-6.0/src/core_ocean/mode_init -I/global/u2/h/hgkang/MPAS/MPAS-Model-6.0/src/core_ocean/shared -I/global/u2/h/hgkang/MPAS/MPAS-Model-6.0/src/core_ocean/analysis_members -I/global/u2/h/hgkang/MPAS/MPAS-Model-6.0/src/core_ocean/cvmix -I/global/u2/h/hgkang/MPAS/MPAS-Model-6.0/src/core_ocean/BGC -I/global/homes/h/hgkang/MPAS/MPAS-Model-6.0/src/core_ocean/../framework -I/global/homes/h/hgkang/MPAS/MPAS-Model-6.0/src/core_ocean/../external/esmf_time_f90 -I/global/homes/h/hgkang/MPAS/MPAS-Model-6.0/src/core_ocean/../operators -I/global/homes/h/hgkang/MPAS/MPAS-Model-6.0/src/core_ocean/BGC -I/global/homes/h/hgkang/MPAS/MPAS-Model-6.0/src/core_ocean/shared -I/global/homes/h/hgkang/MPAS/MPAS-Model-6.0/src/core_ocean/analysis_members -I/global/homes/h/hgkang/MPAS/MPAS-Model-6.0/src/core_ocean/cvmix -I/global/homes/h/hgkang/MPAS/MPAS-Model-6.0/src/core_ocean/mode_forward -I/global/homes/h/hgkang/MPAS/MPAS-Model-6.0/src/core_ocean/mode_analysis -I/global/homes/h/hgkang/MPAS/MPAS-Model-6.0/src/core_ocean/mode_init
rm -f mpas_ocn_vel_hmix.o mpas_ocn_vel_hmix.mod
ftn -DUNDERSCORE -D_MPI   -DCORE_OCEAN -DMPAS_NAMELIST_SUFFIX=ocean -DMPAS_EXE_NAME=ocean_model -DMPAS_NATIVE_TIMERS -DMPAS_GIT_VERSION=unknown -O3 -m64 -ffree-line-length-none -fconvert=big-endian -ffree-form -fdefault-real-8 -fdefault-double-8 -c mpas_ocn_vel_hmix.F -I/global/u2/h/hgkang/my_programs/ParallelIO_1.9.23/build/pio -I/global/u2/h/hgkang/my_programs/ParallelIO_1.9.23/build/pio -I/global/u2/h/hgkang/MPAS/MPAS-Model-6.0/src/core_ocean/driver  -I/global/u2/h/hgkang/MPAS/MPAS-Model-6.0/src/core_ocean/mode_forward -I/global/u2/h/hgkang/MPAS/MPAS-Model-6.0/src/core_ocean/mode_analysis -I/global/u2/h/hgkang/MPAS/MPAS-Model-6.0/src/core_ocean/mode_init -I/global/u2/h/hgkang/MPAS/MPAS-Model-6.0/src/core_ocean/shared -I/global/u2/h/hgkang/MPAS/MPAS-Model-6.0/src/core_ocean/analysis_members -I/global/u2/h/hgkang/MPAS/MPAS-Model-6.0/src/core_ocean/cvmix -I/global/u2/h/hgkang/MPAS/MPAS-Model-6.0/src/core_ocean/BGC -I/global/homes/h/hgkang/MPAS/MPAS-Model-6.0/src/core_ocean/../framework -I/global/homes/h/hgkang/MPAS/MPAS-Model-6.0/src/core_ocean/../external/esmf_time_f90 -I/global/homes/h/hgkang/MPAS/MPAS-Model-6.0/src/core_ocean/../operators -I/global/homes/h/hgkang/MPAS/MPAS-Model-6.0/src/core_ocean/BGC -I/global/homes/h/hgkang/MPAS/MPAS-Model-6.0/src/core_ocean/shared -I/global/homes/h/hgkang/MPAS/MPAS-Model-6.0/src/core_ocean/analysis_members -I/global/homes/h/hgkang/MPAS/MPAS-Model-6.0/src/core_ocean/cvmix -I/global/homes/h/hgkang/MPAS/MPAS-Model-6.0/src/core_ocean/mode_forward -I/global/homes/h/hgkang/MPAS/MPAS-Model-6.0/src/core_ocean/mode_analysis -I/global/homes/h/hgkang/MPAS/MPAS-Model-6.0/src/core_ocean/mode_init
rm -f mpas_ocn_vel_forcing_surface_stress.o mpas_ocn_vel_forcing_surface_stress.mod
ftn -DUNDERSCORE -D_MPI   -DCORE_OCEAN -DMPAS_NAMELIST_SUFFIX=ocean -DMPAS_EXE_NAME=ocean_model -DMPAS_NATIVE_TIMERS -DMPAS_GIT_VERSION=unknown -O3 -m64 -ffree-line-length-none -fconvert=big-endian -ffree-form -fdefault-real-8 -fdefault-double-8 -c mpas_ocn_vel_forcing_surface_stress.F -I/global/u2/h/hgkang/my_programs/ParallelIO_1.9.23/build/pio -I/global/u2/h/hgkang/my_programs/ParallelIO_1.9.23/build/pio -I/global/u2/h/hgkang/MPAS/MPAS-Model-6.0/src/core_ocean/driver  -I/global/u2/h/hgkang/MPAS/MPAS-Model-6.0/src/core_ocean/mode_forward -I/global/u2/h/hgkang/MPAS/MPAS-Model-6.0/src/core_ocean/mode_analysis -I/global/u2/h/hgkang/MPAS/MPAS-Model-6.0/src/core_ocean/mode_init -I/global/u2/h/hgkang/MPAS/MPAS-Model-6.0/src/core_ocean/shared -I/global/u2/h/hgkang/MPAS/MPAS-Model-6.0/src/core_ocean/analysis_members -I/global/u2/h/hgkang/MPAS/MPAS-Model-6.0/src/core_ocean/cvmix -I/global/u2/h/hgkang/MPAS/MPAS-Model-6.0/src/core_ocean/BGC -I/global/homes/h/hgkang/MPAS/MPAS-Model-6.0/src/core_ocean/../framework -I/global/homes/h/hgkang/MPAS/MPAS-Model-6.0/src/core_ocean/../external/esmf_time_f90 -I/global/homes/h/hgkang/MPAS/MPAS-Model-6.0/src/core_ocean/../operators -I/global/homes/h/hgkang/MPAS/MPAS-Model-6.0/src/core_ocean/BGC -I/global/homes/h/hgkang/MPAS/MPAS-Model-6.0/src/core_ocean/shared -I/global/homes/h/hgkang/MPAS/MPAS-Model-6.0/src/core_ocean/analysis_members -I/global/homes/h/hgkang/MPAS/MPAS-Model-6.0/src/core_ocean/cvmix -I/global/homes/h/hgkang/MPAS/MPAS-Model-6.0/src/core_ocean/mode_forward -I/global/homes/h/hgkang/MPAS/MPAS-Model-6.0/src/core_ocean/mode_analysis -I/global/homes/h/hgkang/MPAS/MPAS-Model-6.0/src/core_ocean/mode_init
rm -f mpas_ocn_vel_forcing_rayleigh.o mpas_ocn_vel_forcing_rayleigh.mod
ftn -DUNDERSCORE -D_MPI   -DCORE_OCEAN -DMPAS_NAMELIST_SUFFIX=ocean -DMPAS_EXE_NAME=ocean_model -DMPAS_NATIVE_TIMERS -DMPAS_GIT_VERSION=unknown -O3 -m64 -ffree-line-length-none -fconvert=big-endian -ffree-form -fdefault-real-8 -fdefault-double-8 -c mpas_ocn_vel_forcing_rayleigh.F -I/global/u2/h/hgkang/my_programs/ParallelIO_1.9.23/build/pio -I/global/u2/h/hgkang/my_programs/ParallelIO_1.9.23/build/pio -I/global/u2/h/hgkang/MPAS/MPAS-Model-6.0/src/core_ocean/driver  -I/global/u2/h/hgkang/MPAS/MPAS-Model-6.0/src/core_ocean/mode_forward -I/global/u2/h/hgkang/MPAS/MPAS-Model-6.0/src/core_ocean/mode_analysis -I/global/u2/h/hgkang/MPAS/MPAS-Model-6.0/src/core_ocean/mode_init -I/global/u2/h/hgkang/MPAS/MPAS-Model-6.0/src/core_ocean/shared -I/global/u2/h/hgkang/MPAS/MPAS-Model-6.0/src/core_ocean/analysis_members -I/global/u2/h/hgkang/MPAS/MPAS-Model-6.0/src/core_ocean/cvmix -I/global/u2/h/hgkang/MPAS/MPAS-Model-6.0/src/core_ocean/BGC -I/global/homes/h/hgkang/MPAS/MPAS-Model-6.0/src/core_ocean/../framework -I/global/homes/h/hgkang/MPAS/MPAS-Model-6.0/src/core_ocean/../external/esmf_time_f90 -I/global/homes/h/hgkang/MPAS/MPAS-Model-6.0/src/core_ocean/../operators -I/global/homes/h/hgkang/MPAS/MPAS-Model-6.0/src/core_ocean/BGC -I/global/homes/h/hgkang/MPAS/MPAS-Model-6.0/src/core_ocean/shared -I/global/homes/h/hgkang/MPAS/MPAS-Model-6.0/src/core_ocean/analysis_members -I/global/homes/h/hgkang/MPAS/MPAS-Model-6.0/src/core_ocean/cvmix -I/global/homes/h/hgkang/MPAS/MPAS-Model-6.0/src/core_ocean/mode_forward -I/global/homes/h/hgkang/MPAS/MPAS-Model-6.0/src/core_ocean/mode_analysis -I/global/homes/h/hgkang/MPAS/MPAS-Model-6.0/src/core_ocean/mode_init
rm -f mpas_ocn_vel_forcing_explicit_bottom_drag.o mpas_ocn_vel_forcing_explicit_bottom_drag.mod
ftn -DUNDERSCORE -D_MPI   -DCORE_OCEAN -DMPAS_NAMELIST_SUFFIX=ocean -DMPAS_EXE_NAME=ocean_model -DMPAS_NATIVE_TIMERS -DMPAS_GIT_VERSION=unknown -O3 -m64 -ffree-line-length-none -fconvert=big-endian -ffree-form -fdefault-real-8 -fdefault-double-8 -c mpas_ocn_vel_forcing_explicit_bottom_drag.F -I/global/u2/h/hgkang/my_programs/ParallelIO_1.9.23/build/pio -I/global/u2/h/hgkang/my_programs/ParallelIO_1.9.23/build/pio -I/global/u2/h/hgkang/MPAS/MPAS-Model-6.0/src/core_ocean/driver  -I/global/u2/h/hgkang/MPAS/MPAS-Model-6.0/src/core_ocean/mode_forward -I/global/u2/h/hgkang/MPAS/MPAS-Model-6.0/src/core_ocean/mode_analysis -I/global/u2/h/hgkang/MPAS/MPAS-Model-6.0/src/core_ocean/mode_init -I/global/u2/h/hgkang/MPAS/MPAS-Model-6.0/src/core_ocean/shared -I/global/u2/h/hgkang/MPAS/MPAS-Model-6.0/src/core_ocean/analysis_members -I/global/u2/h/hgkang/MPAS/MPAS-Model-6.0/src/core_ocean/cvmix -I/global/u2/h/hgkang/MPAS/MPAS-Model-6.0/src/core_ocean/BGC -I/global/homes/h/hgkang/MPAS/MPAS-Model-6.0/src/core_ocean/../framework -I/global/homes/h/hgkang/MPAS/MPAS-Model-6.0/src/core_ocean/../external/esmf_time_f90 -I/global/homes/h/hgkang/MPAS/MPAS-Model-6.0/src/core_ocean/../operators -I/global/homes/h/hgkang/MPAS/MPAS-Model-6.0/src/core_ocean/BGC -I/global/homes/h/hgkang/MPAS/MPAS-Model-6.0/src/core_ocean/shared -I/global/homes/h/hgkang/MPAS/MPAS-Model-6.0/src/core_ocean/analysis_members -I/global/homes/h/hgkang/MPAS/MPAS-Model-6.0/src/core_ocean/cvmix -I/global/homes/h/hgkang/MPAS/MPAS-Model-6.0/src/core_ocean/mode_forward -I/global/homes/h/hgkang/MPAS/MPAS-Model-6.0/src/core_ocean/mode_analysis -I/global/homes/h/hgkang/MPAS/MPAS-Model-6.0/src/core_ocean/mode_init
rm -f mpas_ocn_vel_forcing.o mpas_ocn_vel_forcing.mod
ftn -DUNDERSCORE -D_MPI   -DCORE_OCEAN -DMPAS_NAMELIST_SUFFIX=ocean -DMPAS_EXE_NAME=ocean_model -DMPAS_NATIVE_TIMERS -DMPAS_GIT_VERSION=unknown -O3 -m64 -ffree-line-length-none -fconvert=big-endian -ffree-form -fdefault-real-8 -fdefault-double-8 -c mpas_ocn_vel_forcing.F -I/global/u2/h/hgkang/my_programs/ParallelIO_1.9.23/build/pio -I/global/u2/h/hgkang/my_programs/ParallelIO_1.9.23/build/pio -I/global/u2/h/hgkang/MPAS/MPAS-Model-6.0/src/core_ocean/driver  -I/global/u2/h/hgkang/MPAS/MPAS-Model-6.0/src/core_ocean/mode_forward -I/global/u2/h/hgkang/MPAS/MPAS-Model-6.0/src/core_ocean/mode_analysis -I/global/u2/h/hgkang/MPAS/MPAS-Model-6.0/src/core_ocean/mode_init -I/global/u2/h/hgkang/MPAS/MPAS-Model-6.0/src/core_ocean/shared -I/global/u2/h/hgkang/MPAS/MPAS-Model-6.0/src/core_ocean/analysis_members -I/global/u2/h/hgkang/MPAS/MPAS-Model-6.0/src/core_ocean/cvmix -I/global/u2/h/hgkang/MPAS/MPAS-Model-6.0/src/core_ocean/BGC -I/global/homes/h/hgkang/MPAS/MPAS-Model-6.0/src/core_ocean/../framework -I/global/homes/h/hgkang/MPAS/MPAS-Model-6.0/src/core_ocean/../external/esmf_time_f90 -I/global/homes/h/hgkang/MPAS/MPAS-Model-6.0/src/core_ocean/../operators -I/global/homes/h/hgkang/MPAS/MPAS-Model-6.0/src/core_ocean/BGC -I/global/homes/h/hgkang/MPAS/MPAS-Model-6.0/src/core_ocean/shared -I/global/homes/h/hgkang/MPAS/MPAS-Model-6.0/src/core_ocean/analysis_members -I/global/homes/h/hgkang/MPAS/MPAS-Model-6.0/src/core_ocean/cvmix -I/global/homes/h/hgkang/MPAS/MPAS-Model-6.0/src/core_ocean/mode_forward -I/global/homes/h/hgkang/MPAS/MPAS-Model-6.0/src/core_ocean/mode_analysis -I/global/homes/h/hgkang/MPAS/MPAS-Model-6.0/src/core_ocean/mode_init
rm -f mpas_ocn_vel_pressure_grad.o mpas_ocn_vel_pressure_grad.mod
ftn -DUNDERSCORE -D_MPI   -DCORE_OCEAN -DMPAS_NAMELIST_SUFFIX=ocean -DMPAS_EXE_NAME=ocean_model -DMPAS_NATIVE_TIMERS -DMPAS_GIT_VERSION=unknown -O3 -m64 -ffree-line-length-none -fconvert=big-endian -ffree-form -fdefault-real-8 -fdefault-double-8 -c mpas_ocn_vel_pressure_grad.F -I/global/u2/h/hgkang/my_programs/ParallelIO_1.9.23/build/pio -I/global/u2/h/hgkang/my_programs/ParallelIO_1.9.23/build/pio -I/global/u2/h/hgkang/MPAS/MPAS-Model-6.0/src/core_ocean/driver  -I/global/u2/h/hgkang/MPAS/MPAS-Model-6.0/src/core_ocean/mode_forward -I/global/u2/h/hgkang/MPAS/MPAS-Model-6.0/src/core_ocean/mode_analysis -I/global/u2/h/hgkang/MPAS/MPAS-Model-6.0/src/core_ocean/mode_init -I/global/u2/h/hgkang/MPAS/MPAS-Model-6.0/src/core_ocean/shared -I/global/u2/h/hgkang/MPAS/MPAS-Model-6.0/src/core_ocean/analysis_members -I/global/u2/h/hgkang/MPAS/MPAS-Model-6.0/src/core_ocean/cvmix -I/global/u2/h/hgkang/MPAS/MPAS-Model-6.0/src/core_ocean/BGC -I/global/homes/h/hgkang/MPAS/MPAS-Model-6.0/src/core_ocean/../framework -I/global/homes/h/hgkang/MPAS/MPAS-Model-6.0/src/core_ocean/../external/esmf_time_f90 -I/global/homes/h/hgkang/MPAS/MPAS-Model-6.0/src/core_ocean/../operators -I/global/homes/h/hgkang/MPAS/MPAS-Model-6.0/src/core_ocean/BGC -I/global/homes/h/hgkang/MPAS/MPAS-Model-6.0/src/core_ocean/shared -I/global/homes/h/hgkang/MPAS/MPAS-Model-6.0/src/core_ocean/analysis_members -I/global/homes/h/hgkang/MPAS/MPAS-Model-6.0/src/core_ocean/cvmix -I/global/homes/h/hgkang/MPAS/MPAS-Model-6.0/src/core_ocean/mode_forward -I/global/homes/h/hgkang/MPAS/MPAS-Model-6.0/src/core_ocean/mode_analysis -I/global/homes/h/hgkang/MPAS/MPAS-Model-6.0/src/core_ocean/mode_init
rm -f mpas_ocn_vmix_coefs_const.o mpas_ocn_vmix_coefs_const.mod
ftn -DUNDERSCORE -D_MPI   -DCORE_OCEAN -DMPAS_NAMELIST_SUFFIX=ocean -DMPAS_EXE_NAME=ocean_model -DMPAS_NATIVE_TIMERS -DMPAS_GIT_VERSION=unknown -O3 -m64 -ffree-line-length-none -fconvert=big-endian -ffree-form -fdefault-real-8 -fdefault-double-8 -c mpas_ocn_vmix_coefs_const.F -I/global/u2/h/hgkang/my_programs/ParallelIO_1.9.23/build/pio -I/global/u2/h/hgkang/my_programs/ParallelIO_1.9.23/build/pio -I/global/u2/h/hgkang/MPAS/MPAS-Model-6.0/src/core_ocean/driver  -I/global/u2/h/hgkang/MPAS/MPAS-Model-6.0/src/core_ocean/mode_forward -I/global/u2/h/hgkang/MPAS/MPAS-Model-6.0/src/core_ocean/mode_analysis -I/global/u2/h/hgkang/MPAS/MPAS-Model-6.0/src/core_ocean/mode_init -I/global/u2/h/hgkang/MPAS/MPAS-Model-6.0/src/core_ocean/shared -I/global/u2/h/hgkang/MPAS/MPAS-Model-6.0/src/core_ocean/analysis_members -I/global/u2/h/hgkang/MPAS/MPAS-Model-6.0/src/core_ocean/cvmix -I/global/u2/h/hgkang/MPAS/MPAS-Model-6.0/src/core_ocean/BGC -I/global/homes/h/hgkang/MPAS/MPAS-Model-6.0/src/core_ocean/../framework -I/global/homes/h/hgkang/MPAS/MPAS-Model-6.0/src/core_ocean/../external/esmf_time_f90 -I/global/homes/h/hgkang/MPAS/MPAS-Model-6.0/src/core_ocean/../operators -I/global/homes/h/hgkang/MPAS/MPAS-Model-6.0/src/core_ocean/BGC -I/global/homes/h/hgkang/MPAS/MPAS-Model-6.0/src/core_ocean/shared -I/global/homes/h/hgkang/MPAS/MPAS-Model-6.0/src/core_ocean/analysis_members -I/global/homes/h/hgkang/MPAS/MPAS-Model-6.0/src/core_ocean/cvmix -I/global/homes/h/hgkang/MPAS/MPAS-Model-6.0/src/core_ocean/mode_forward -I/global/homes/h/hgkang/MPAS/MPAS-Model-6.0/src/core_ocean/mode_analysis -I/global/homes/h/hgkang/MPAS/MPAS-Model-6.0/src/core_ocean/mode_init
rm -f mpas_ocn_vmix_coefs_rich.o mpas_ocn_vmix_coefs_rich.mod
ftn -DUNDERSCORE -D_MPI   -DCORE_OCEAN -DMPAS_NAMELIST_SUFFIX=ocean -DMPAS_EXE_NAME=ocean_model -DMPAS_NATIVE_TIMERS -DMPAS_GIT_VERSION=unknown -O3 -m64 -ffree-line-length-none -fconvert=big-endian -ffree-form -fdefault-real-8 -fdefault-double-8 -c mpas_ocn_vmix_coefs_rich.F -I/global/u2/h/hgkang/my_programs/ParallelIO_1.9.23/build/pio -I/global/u2/h/hgkang/my_programs/ParallelIO_1.9.23/build/pio -I/global/u2/h/hgkang/MPAS/MPAS-Model-6.0/src/core_ocean/driver  -I/global/u2/h/hgkang/MPAS/MPAS-Model-6.0/src/core_ocean/mode_forward -I/global/u2/h/hgkang/MPAS/MPAS-Model-6.0/src/core_ocean/mode_analysis -I/global/u2/h/hgkang/MPAS/MPAS-Model-6.0/src/core_ocean/mode_init -I/global/u2/h/hgkang/MPAS/MPAS-Model-6.0/src/core_ocean/shared -I/global/u2/h/hgkang/MPAS/MPAS-Model-6.0/src/core_ocean/analysis_members -I/global/u2/h/hgkang/MPAS/MPAS-Model-6.0/src/core_ocean/cvmix -I/global/u2/h/hgkang/MPAS/MPAS-Model-6.0/src/core_ocean/BGC -I/global/homes/h/hgkang/MPAS/MPAS-Model-6.0/src/core_ocean/../framework -I/global/homes/h/hgkang/MPAS/MPAS-Model-6.0/src/core_ocean/../external/esmf_time_f90 -I/global/homes/h/hgkang/MPAS/MPAS-Model-6.0/src/core_ocean/../operators -I/global/homes/h/hgkang/MPAS/MPAS-Model-6.0/src/core_ocean/BGC -I/global/homes/h/hgkang/MPAS/MPAS-Model-6.0/src/core_ocean/shared -I/global/homes/h/hgkang/MPAS/MPAS-Model-6.0/src/core_ocean/analysis_members -I/global/homes/h/hgkang/MPAS/MPAS-Model-6.0/src/core_ocean/cvmix -I/global/homes/h/hgkang/MPAS/MPAS-Model-6.0/src/core_ocean/mode_forward -I/global/homes/h/hgkang/MPAS/MPAS-Model-6.0/src/core_ocean/mode_analysis -I/global/homes/h/hgkang/MPAS/MPAS-Model-6.0/src/core_ocean/mode_init
rm -f mpas_ocn_vmix_coefs_tanh.o mpas_ocn_vmix_coefs_tanh.mod
ftn -DUNDERSCORE -D_MPI   -DCORE_OCEAN -DMPAS_NAMELIST_SUFFIX=ocean -DMPAS_EXE_NAME=ocean_model -DMPAS_NATIVE_TIMERS -DMPAS_GIT_VERSION=unknown -O3 -m64 -ffree-line-length-none -fconvert=big-endian -ffree-form -fdefault-real-8 -fdefault-double-8 -c mpas_ocn_vmix_coefs_tanh.F -I/global/u2/h/hgkang/my_programs/ParallelIO_1.9.23/build/pio -I/global/u2/h/hgkang/my_programs/ParallelIO_1.9.23/build/pio -I/global/u2/h/hgkang/MPAS/MPAS-Model-6.0/src/core_ocean/driver  -I/global/u2/h/hgkang/MPAS/MPAS-Model-6.0/src/core_ocean/mode_forward -I/global/u2/h/hgkang/MPAS/MPAS-Model-6.0/src/core_ocean/mode_analysis -I/global/u2/h/hgkang/MPAS/MPAS-Model-6.0/src/core_ocean/mode_init -I/global/u2/h/hgkang/MPAS/MPAS-Model-6.0/src/core_ocean/shared -I/global/u2/h/hgkang/MPAS/MPAS-Model-6.0/src/core_ocean/analysis_members -I/global/u2/h/hgkang/MPAS/MPAS-Model-6.0/src/core_ocean/cvmix -I/global/u2/h/hgkang/MPAS/MPAS-Model-6.0/src/core_ocean/BGC -I/global/homes/h/hgkang/MPAS/MPAS-Model-6.0/src/core_ocean/../framework -I/global/homes/h/hgkang/MPAS/MPAS-Model-6.0/src/core_ocean/../external/esmf_time_f90 -I/global/homes/h/hgkang/MPAS/MPAS-Model-6.0/src/core_ocean/../operators -I/global/homes/h/hgkang/MPAS/MPAS-Model-6.0/src/core_ocean/BGC -I/global/homes/h/hgkang/MPAS/MPAS-Model-6.0/src/core_ocean/shared -I/global/homes/h/hgkang/MPAS/MPAS-Model-6.0/src/core_ocean/analysis_members -I/global/homes/h/hgkang/MPAS/MPAS-Model-6.0/src/core_ocean/cvmix -I/global/homes/h/hgkang/MPAS/MPAS-Model-6.0/src/core_ocean/mode_forward -I/global/homes/h/hgkang/MPAS/MPAS-Model-6.0/src/core_ocean/mode_analysis -I/global/homes/h/hgkang/MPAS/MPAS-Model-6.0/src/core_ocean/mode_init
rm -f mpas_ocn_vmix_cvmix.o mpas_ocn_vmix_cvmix.mod
ftn -DUNDERSCORE -D_MPI   -DCORE_OCEAN -DMPAS_NAMELIST_SUFFIX=ocean -DMPAS_EXE_NAME=ocean_model -DMPAS_NATIVE_TIMERS -DMPAS_GIT_VERSION=unknown -O3 -m64 -ffree-line-length-none -fconvert=big-endian -ffree-form -fdefault-real-8 -fdefault-double-8 -c mpas_ocn_vmix_cvmix.F -I/global/u2/h/hgkang/my_programs/ParallelIO_1.9.23/build/pio -I/global/u2/h/hgkang/my_programs/ParallelIO_1.9.23/build/pio -I/global/u2/h/hgkang/MPAS/MPAS-Model-6.0/src/core_ocean/driver  -I/global/u2/h/hgkang/MPAS/MPAS-Model-6.0/src/core_ocean/mode_forward -I/global/u2/h/hgkang/MPAS/MPAS-Model-6.0/src/core_ocean/mode_analysis -I/global/u2/h/hgkang/MPAS/MPAS-Model-6.0/src/core_ocean/mode_init -I/global/u2/h/hgkang/MPAS/MPAS-Model-6.0/src/core_ocean/shared -I/global/u2/h/hgkang/MPAS/MPAS-Model-6.0/src/core_ocean/analysis_members -I/global/u2/h/hgkang/MPAS/MPAS-Model-6.0/src/core_ocean/cvmix -I/global/u2/h/hgkang/MPAS/MPAS-Model-6.0/src/core_ocean/BGC -I/global/homes/h/hgkang/MPAS/MPAS-Model-6.0/src/core_ocean/../framework -I/global/homes/h/hgkang/MPAS/MPAS-Model-6.0/src/core_ocean/../external/esmf_time_f90 -I/global/homes/h/hgkang/MPAS/MPAS-Model-6.0/src/core_ocean/../operators -I/global/homes/h/hgkang/MPAS/MPAS-Model-6.0/src/core_ocean/BGC -I/global/homes/h/hgkang/MPAS/MPAS-Model-6.0/src/core_ocean/shared -I/global/homes/h/hgkang/MPAS/MPAS-Model-6.0/src/core_ocean/analysis_members -I/global/homes/h/hgkang/MPAS/MPAS-Model-6.0/src/core_ocean/cvmix -I/global/homes/h/hgkang/MPAS/MPAS-Model-6.0/src/core_ocean/mode_forward -I/global/homes/h/hgkang/MPAS/MPAS-Model-6.0/src/core_ocean/mode_analysis -I/global/homes/h/hgkang/MPAS/MPAS-Model-6.0/src/core_ocean/mode_init
rm -f mpas_ocn_vmix_coefs_redi.o mpas_ocn_vmix_coefs_redi.mod
ftn -DUNDERSCORE -D_MPI   -DCORE_OCEAN -DMPAS_NAMELIST_SUFFIX=ocean -DMPAS_EXE_NAME=ocean_model -DMPAS_NATIVE_TIMERS -DMPAS_GIT_VERSION=unknown -O3 -m64 -ffree-line-length-none -fconvert=big-endian -ffree-form -fdefault-real-8 -fdefault-double-8 -c mpas_ocn_vmix_coefs_redi.F -I/global/u2/h/hgkang/my_programs/ParallelIO_1.9.23/build/pio -I/global/u2/h/hgkang/my_programs/ParallelIO_1.9.23/build/pio -I/global/u2/h/hgkang/MPAS/MPAS-Model-6.0/src/core_ocean/driver  -I/global/u2/h/hgkang/MPAS/MPAS-Model-6.0/src/core_ocean/mode_forward -I/global/u2/h/hgkang/MPAS/MPAS-Model-6.0/src/core_ocean/mode_analysis -I/global/u2/h/hgkang/MPAS/MPAS-Model-6.0/src/core_ocean/mode_init -I/global/u2/h/hgkang/MPAS/MPAS-Model-6.0/src/core_ocean/shared -I/global/u2/h/hgkang/MPAS/MPAS-Model-6.0/src/core_ocean/analysis_members -I/global/u2/h/hgkang/MPAS/MPAS-Model-6.0/src/core_ocean/cvmix -I/global/u2/h/hgkang/MPAS/MPAS-Model-6.0/src/core_ocean/BGC -I/global/homes/h/hgkang/MPAS/MPAS-Model-6.0/src/core_ocean/../framework -I/global/homes/h/hgkang/MPAS/MPAS-Model-6.0/src/core_ocean/../external/esmf_time_f90 -I/global/homes/h/hgkang/MPAS/MPAS-Model-6.0/src/core_ocean/../operators -I/global/homes/h/hgkang/MPAS/MPAS-Model-6.0/src/core_ocean/BGC -I/global/homes/h/hgkang/MPAS/MPAS-Model-6.0/src/core_ocean/shared -I/global/homes/h/hgkang/MPAS/MPAS-Model-6.0/src/core_ocean/analysis_members -I/global/homes/h/hgkang/MPAS/MPAS-Model-6.0/src/core_ocean/cvmix -I/global/homes/h/hgkang/MPAS/MPAS-Model-6.0/src/core_ocean/mode_forward -I/global/homes/h/hgkang/MPAS/MPAS-Model-6.0/src/core_ocean/mode_analysis -I/global/homes/h/hgkang/MPAS/MPAS-Model-6.0/src/core_ocean/mode_init
rm -f mpas_ocn_vmix.o mpas_ocn_vmix.mod
ftn -DUNDERSCORE -D_MPI   -DCORE_OCEAN -DMPAS_NAMELIST_SUFFIX=ocean -DMPAS_EXE_NAME=ocean_model -DMPAS_NATIVE_TIMERS -DMPAS_GIT_VERSION=unknown -O3 -m64 -ffree-line-length-none -fconvert=big-endian -ffree-form -fdefault-real-8 -fdefault-double-8 -c mpas_ocn_vmix.F -I/global/u2/h/hgkang/my_programs/ParallelIO_1.9.23/build/pio -I/global/u2/h/hgkang/my_programs/ParallelIO_1.9.23/build/pio -I/global/u2/h/hgkang/MPAS/MPAS-Model-6.0/src/core_ocean/driver  -I/global/u2/h/hgkang/MPAS/MPAS-Model-6.0/src/core_ocean/mode_forward -I/global/u2/h/hgkang/MPAS/MPAS-Model-6.0/src/core_ocean/mode_analysis -I/global/u2/h/hgkang/MPAS/MPAS-Model-6.0/src/core_ocean/mode_init -I/global/u2/h/hgkang/MPAS/MPAS-Model-6.0/src/core_ocean/shared -I/global/u2/h/hgkang/MPAS/MPAS-Model-6.0/src/core_ocean/analysis_members -I/global/u2/h/hgkang/MPAS/MPAS-Model-6.0/src/core_ocean/cvmix -I/global/u2/h/hgkang/MPAS/MPAS-Model-6.0/src/core_ocean/BGC -I/global/homes/h/hgkang/MPAS/MPAS-Model-6.0/src/core_ocean/../framework -I/global/homes/h/hgkang/MPAS/MPAS-Model-6.0/src/core_ocean/../external/esmf_time_f90 -I/global/homes/h/hgkang/MPAS/MPAS-Model-6.0/src/core_ocean/../operators -I/global/homes/h/hgkang/MPAS/MPAS-Model-6.0/src/core_ocean/BGC -I/global/homes/h/hgkang/MPAS/MPAS-Model-6.0/src/core_ocean/shared -I/global/homes/h/hgkang/MPAS/MPAS-Model-6.0/src/core_ocean/analysis_members -I/global/homes/h/hgkang/MPAS/MPAS-Model-6.0/src/core_ocean/cvmix -I/global/homes/h/hgkang/MPAS/MPAS-Model-6.0/src/core_ocean/mode_forward -I/global/homes/h/hgkang/MPAS/MPAS-Model-6.0/src/core_ocean/mode_analysis -I/global/homes/h/hgkang/MPAS/MPAS-Model-6.0/src/core_ocean/mode_init
rm -f mpas_ocn_high_freq_thickness_hmix_del2.o mpas_ocn_high_freq_thickness_hmix_del2.mod
ftn -DUNDERSCORE -D_MPI   -DCORE_OCEAN -DMPAS_NAMELIST_SUFFIX=ocean -DMPAS_EXE_NAME=ocean_model -DMPAS_NATIVE_TIMERS -DMPAS_GIT_VERSION=unknown -O3 -m64 -ffree-line-length-none -fconvert=big-endian -ffree-form -fdefault-real-8 -fdefault-double-8 -c mpas_ocn_high_freq_thickness_hmix_del2.F -I/global/u2/h/hgkang/my_programs/ParallelIO_1.9.23/build/pio -I/global/u2/h/hgkang/my_programs/ParallelIO_1.9.23/build/pio -I/global/u2/h/hgkang/MPAS/MPAS-Model-6.0/src/core_ocean/driver  -I/global/u2/h/hgkang/MPAS/MPAS-Model-6.0/src/core_ocean/mode_forward -I/global/u2/h/hgkang/MPAS/MPAS-Model-6.0/src/core_ocean/mode_analysis -I/global/u2/h/hgkang/MPAS/MPAS-Model-6.0/src/core_ocean/mode_init -I/global/u2/h/hgkang/MPAS/MPAS-Model-6.0/src/core_ocean/shared -I/global/u2/h/hgkang/MPAS/MPAS-Model-6.0/src/core_ocean/analysis_members -I/global/u2/h/hgkang/MPAS/MPAS-Model-6.0/src/core_ocean/cvmix -I/global/u2/h/hgkang/MPAS/MPAS-Model-6.0/src/core_ocean/BGC -I/global/homes/h/hgkang/MPAS/MPAS-Model-6.0/src/core_ocean/../framework -I/global/homes/h/hgkang/MPAS/MPAS-Model-6.0/src/core_ocean/../external/esmf_time_f90 -I/global/homes/h/hgkang/MPAS/MPAS-Model-6.0/src/core_ocean/../operators -I/global/homes/h/hgkang/MPAS/MPAS-Model-6.0/src/core_ocean/BGC -I/global/homes/h/hgkang/MPAS/MPAS-Model-6.0/src/core_ocean/shared -I/global/homes/h/hgkang/MPAS/MPAS-Model-6.0/src/core_ocean/analysis_members -I/global/homes/h/hgkang/MPAS/MPAS-Model-6.0/src/core_ocean/cvmix -I/global/homes/h/hgkang/MPAS/MPAS-Model-6.0/src/core_ocean/mode_forward -I/global/homes/h/hgkang/MPAS/MPAS-Model-6.0/src/core_ocean/mode_analysis -I/global/homes/h/hgkang/MPAS/MPAS-Model-6.0/src/core_ocean/mode_init
rm -f mpas_ocn_framework_forcing.o mpas_ocn_framework_forcing.mod
ftn -DUNDERSCORE -D_MPI   -DCORE_OCEAN -DMPAS_NAMELIST_SUFFIX=ocean -DMPAS_EXE_NAME=ocean_model -DMPAS_NATIVE_TIMERS -DMPAS_GIT_VERSION=unknown -O3 -m64 -ffree-line-length-none -fconvert=big-endian -ffree-form -fdefault-real-8 -fdefault-double-8 -c mpas_ocn_framework_forcing.F -I/global/u2/h/hgkang/my_programs/ParallelIO_1.9.23/build/pio -I/global/u2/h/hgkang/my_programs/ParallelIO_1.9.23/build/pio -I/global/u2/h/hgkang/MPAS/MPAS-Model-6.0/src/core_ocean/driver  -I/global/u2/h/hgkang/MPAS/MPAS-Model-6.0/src/core_ocean/mode_forward -I/global/u2/h/hgkang/MPAS/MPAS-Model-6.0/src/core_ocean/mode_analysis -I/global/u2/h/hgkang/MPAS/MPAS-Model-6.0/src/core_ocean/mode_init -I/global/u2/h/hgkang/MPAS/MPAS-Model-6.0/src/core_ocean/shared -I/global/u2/h/hgkang/MPAS/MPAS-Model-6.0/src/core_ocean/analysis_members -I/global/u2/h/hgkang/MPAS/MPAS-Model-6.0/src/core_ocean/cvmix -I/global/u2/h/hgkang/MPAS/MPAS-Model-6.0/src/core_ocean/BGC -I/global/homes/h/hgkang/MPAS/MPAS-Model-6.0/src/core_ocean/../framework -I/global/homes/h/hgkang/MPAS/MPAS-Model-6.0/src/core_ocean/../external/esmf_time_f90 -I/global/homes/h/hgkang/MPAS/MPAS-Model-6.0/src/core_ocean/../operators -I/global/homes/h/hgkang/MPAS/MPAS-Model-6.0/src/core_ocean/BGC -I/global/homes/h/hgkang/MPAS/MPAS-Model-6.0/src/core_ocean/shared -I/global/homes/h/hgkang/MPAS/MPAS-Model-6.0/src/core_ocean/analysis_members -I/global/homes/h/hgkang/MPAS/MPAS-Model-6.0/src/core_ocean/cvmix -I/global/homes/h/hgkang/MPAS/MPAS-Model-6.0/src/core_ocean/mode_forward -I/global/homes/h/hgkang/MPAS/MPAS-Model-6.0/src/core_ocean/mode_analysis -I/global/homes/h/hgkang/MPAS/MPAS-Model-6.0/src/core_ocean/mode_init
rm -f mpas_ocn_tracer_surface_restoring.o mpas_ocn_tracer_surface_restoring.mod
ftn -DUNDERSCORE -D_MPI   -DCORE_OCEAN -DMPAS_NAMELIST_SUFFIX=ocean -DMPAS_EXE_NAME=ocean_model -DMPAS_NATIVE_TIMERS -DMPAS_GIT_VERSION=unknown -O3 -m64 -ffree-line-length-none -fconvert=big-endian -ffree-form -fdefault-real-8 -fdefault-double-8 -c mpas_ocn_tracer_surface_restoring.F -I/global/u2/h/hgkang/my_programs/ParallelIO_1.9.23/build/pio -I/global/u2/h/hgkang/my_programs/ParallelIO_1.9.23/build/pio -I/global/u2/h/hgkang/MPAS/MPAS-Model-6.0/src/core_ocean/driver  -I/global/u2/h/hgkang/MPAS/MPAS-Model-6.0/src/core_ocean/mode_forward -I/global/u2/h/hgkang/MPAS/MPAS-Model-6.0/src/core_ocean/mode_analysis -I/global/u2/h/hgkang/MPAS/MPAS-Model-6.0/src/core_ocean/mode_init -I/global/u2/h/hgkang/MPAS/MPAS-Model-6.0/src/core_ocean/shared -I/global/u2/h/hgkang/MPAS/MPAS-Model-6.0/src/core_ocean/analysis_members -I/global/u2/h/hgkang/MPAS/MPAS-Model-6.0/src/core_ocean/cvmix -I/global/u2/h/hgkang/MPAS/MPAS-Model-6.0/src/core_ocean/BGC -I/global/homes/h/hgkang/MPAS/MPAS-Model-6.0/src/core_ocean/../framework -I/global/homes/h/hgkang/MPAS/MPAS-Model-6.0/src/core_ocean/../external/esmf_time_f90 -I/global/homes/h/hgkang/MPAS/MPAS-Model-6.0/src/core_ocean/../operators -I/global/homes/h/hgkang/MPAS/MPAS-Model-6.0/src/core_ocean/BGC -I/global/homes/h/hgkang/MPAS/MPAS-Model-6.0/src/core_ocean/shared -I/global/homes/h/hgkang/MPAS/MPAS-Model-6.0/src/core_ocean/analysis_members -I/global/homes/h/hgkang/MPAS/MPAS-Model-6.0/src/core_ocean/cvmix -I/global/homes/h/hgkang/MPAS/MPAS-Model-6.0/src/core_ocean/mode_forward -I/global/homes/h/hgkang/MPAS/MPAS-Model-6.0/src/core_ocean/mode_analysis -I/global/homes/h/hgkang/MPAS/MPAS-Model-6.0/src/core_ocean/mode_init
rm -f mpas_ocn_tracer_short_wave_absorption_jerlov.o mpas_ocn_tracer_short_wave_absorption_jerlov.mod
ftn -DUNDERSCORE -D_MPI   -DCORE_OCEAN -DMPAS_NAMELIST_SUFFIX=ocean -DMPAS_EXE_NAME=ocean_model -DMPAS_NATIVE_TIMERS -DMPAS_GIT_VERSION=unknown -O3 -m64 -ffree-line-length-none -fconvert=big-endian -ffree-form -fdefault-real-8 -fdefault-double-8 -c mpas_ocn_tracer_short_wave_absorption_jerlov.F -I/global/u2/h/hgkang/my_programs/ParallelIO_1.9.23/build/pio -I/global/u2/h/hgkang/my_programs/ParallelIO_1.9.23/build/pio -I/global/u2/h/hgkang/MPAS/MPAS-Model-6.0/src/core_ocean/driver  -I/global/u2/h/hgkang/MPAS/MPAS-Model-6.0/src/core_ocean/mode_forward -I/global/u2/h/hgkang/MPAS/MPAS-Model-6.0/src/core_ocean/mode_analysis -I/global/u2/h/hgkang/MPAS/MPAS-Model-6.0/src/core_ocean/mode_init -I/global/u2/h/hgkang/MPAS/MPAS-Model-6.0/src/core_ocean/shared -I/global/u2/h/hgkang/MPAS/MPAS-Model-6.0/src/core_ocean/analysis_members -I/global/u2/h/hgkang/MPAS/MPAS-Model-6.0/src/core_ocean/cvmix -I/global/u2/h/hgkang/MPAS/MPAS-Model-6.0/src/core_ocean/BGC -I/global/homes/h/hgkang/MPAS/MPAS-Model-6.0/src/core_ocean/../framework -I/global/homes/h/hgkang/MPAS/MPAS-Model-6.0/src/core_ocean/../external/esmf_time_f90 -I/global/homes/h/hgkang/MPAS/MPAS-Model-6.0/src/core_ocean/../operators -I/global/homes/h/hgkang/MPAS/MPAS-Model-6.0/src/core_ocean/BGC -I/global/homes/h/hgkang/MPAS/MPAS-Model-6.0/src/core_ocean/shared -I/global/homes/h/hgkang/MPAS/MPAS-Model-6.0/src/core_ocean/analysis_members -I/global/homes/h/hgkang/MPAS/MPAS-Model-6.0/src/core_ocean/cvmix -I/global/homes/h/hgkang/MPAS/MPAS-Model-6.0/src/core_ocean/mode_forward -I/global/homes/h/hgkang/MPAS/MPAS-Model-6.0/src/core_ocean/mode_analysis -I/global/homes/h/hgkang/MPAS/MPAS-Model-6.0/src/core_ocean/mode_init
rm -f mpas_ocn_tracer_short_wave_absorption_variable.o mpas_ocn_tracer_short_wave_absorption_variable.mod
ftn -DUNDERSCORE -D_MPI   -DCORE_OCEAN -DMPAS_NAMELIST_SUFFIX=ocean -DMPAS_EXE_NAME=ocean_model -DMPAS_NATIVE_TIMERS -DMPAS_GIT_VERSION=unknown -O3 -m64 -ffree-line-length-none -fconvert=big-endian -ffree-form -fdefault-real-8 -fdefault-double-8 -c mpas_ocn_tracer_short_wave_absorption_variable.F -I/global/u2/h/hgkang/my_programs/ParallelIO_1.9.23/build/pio -I/global/u2/h/hgkang/my_programs/ParallelIO_1.9.23/build/pio -I/global/u2/h/hgkang/MPAS/MPAS-Model-6.0/src/core_ocean/driver  -I/global/u2/h/hgkang/MPAS/MPAS-Model-6.0/src/core_ocean/mode_forward -I/global/u2/h/hgkang/MPAS/MPAS-Model-6.0/src/core_ocean/mode_analysis -I/global/u2/h/hgkang/MPAS/MPAS-Model-6.0/src/core_ocean/mode_init -I/global/u2/h/hgkang/MPAS/MPAS-Model-6.0/src/core_ocean/shared -I/global/u2/h/hgkang/MPAS/MPAS-Model-6.0/src/core_ocean/analysis_members -I/global/u2/h/hgkang/MPAS/MPAS-Model-6.0/src/core_ocean/cvmix -I/global/u2/h/hgkang/MPAS/MPAS-Model-6.0/src/core_ocean/BGC -I/global/homes/h/hgkang/MPAS/MPAS-Model-6.0/src/core_ocean/../framework -I/global/homes/h/hgkang/MPAS/MPAS-Model-6.0/src/core_ocean/../external/esmf_time_f90 -I/global/homes/h/hgkang/MPAS/MPAS-Model-6.0/src/core_ocean/../operators -I/global/homes/h/hgkang/MPAS/MPAS-Model-6.0/src/core_ocean/BGC -I/global/homes/h/hgkang/MPAS/MPAS-Model-6.0/src/core_ocean/shared -I/global/homes/h/hgkang/MPAS/MPAS-Model-6.0/src/core_ocean/analysis_members -I/global/homes/h/hgkang/MPAS/MPAS-Model-6.0/src/core_ocean/cvmix -I/global/homes/h/hgkang/MPAS/MPAS-Model-6.0/src/core_ocean/mode_forward -I/global/homes/h/hgkang/MPAS/MPAS-Model-6.0/src/core_ocean/mode_analysis -I/global/homes/h/hgkang/MPAS/MPAS-Model-6.0/src/core_ocean/mode_init
rm -f mpas_ocn_tracer_short_wave_absorption.o mpas_ocn_tracer_short_wave_absorption.mod
ftn -DUNDERSCORE -D_MPI   -DCORE_OCEAN -DMPAS_NAMELIST_SUFFIX=ocean -DMPAS_EXE_NAME=ocean_model -DMPAS_NATIVE_TIMERS -DMPAS_GIT_VERSION=unknown -O3 -m64 -ffree-line-length-none -fconvert=big-endian -ffree-form -fdefault-real-8 -fdefault-double-8 -c mpas_ocn_tracer_short_wave_absorption.F -I/global/u2/h/hgkang/my_programs/ParallelIO_1.9.23/build/pio -I/global/u2/h/hgkang/my_programs/ParallelIO_1.9.23/build/pio -I/global/u2/h/hgkang/MPAS/MPAS-Model-6.0/src/core_ocean/driver  -I/global/u2/h/hgkang/MPAS/MPAS-Model-6.0/src/core_ocean/mode_forward -I/global/u2/h/hgkang/MPAS/MPAS-Model-6.0/src/core_ocean/mode_analysis -I/global/u2/h/hgkang/MPAS/MPAS-Model-6.0/src/core_ocean/mode_init -I/global/u2/h/hgkang/MPAS/MPAS-Model-6.0/src/core_ocean/shared -I/global/u2/h/hgkang/MPAS/MPAS-Model-6.0/src/core_ocean/analysis_members -I/global/u2/h/hgkang/MPAS/MPAS-Model-6.0/src/core_ocean/cvmix -I/global/u2/h/hgkang/MPAS/MPAS-Model-6.0/src/core_ocean/BGC -I/global/homes/h/hgkang/MPAS/MPAS-Model-6.0/src/core_ocean/../framework -I/global/homes/h/hgkang/MPAS/MPAS-Model-6.0/src/core_ocean/../external/esmf_time_f90 -I/global/homes/h/hgkang/MPAS/MPAS-Model-6.0/src/core_ocean/../operators -I/global/homes/h/hgkang/MPAS/MPAS-Model-6.0/src/core_ocean/BGC -I/global/homes/h/hgkang/MPAS/MPAS-Model-6.0/src/core_ocean/shared -I/global/homes/h/hgkang/MPAS/MPAS-Model-6.0/src/core_ocean/analysis_members -I/global/homes/h/hgkang/MPAS/MPAS-Model-6.0/src/core_ocean/cvmix -I/global/homes/h/hgkang/MPAS/MPAS-Model-6.0/src/core_ocean/mode_forward -I/global/homes/h/hgkang/MPAS/MPAS-Model-6.0/src/core_ocean/mode_analysis -I/global/homes/h/hgkang/MPAS/MPAS-Model-6.0/src/core_ocean/mode_init
rm -f mpas_ocn_tracer_advection_mono.o mpas_ocn_tracer_advection_mono.mod
ftn -DUNDERSCORE -D_MPI   -DCORE_OCEAN -DMPAS_NAMELIST_SUFFIX=ocean -DMPAS_EXE_NAME=ocean_model -DMPAS_NATIVE_TIMERS -DMPAS_GIT_VERSION=unknown -O3 -m64 -ffree-line-length-none -fconvert=big-endian -ffree-form -fdefault-real-8 -fdefault-double-8 -c mpas_ocn_tracer_advection_mono.F -I/global/u2/h/hgkang/my_programs/ParallelIO_1.9.23/build/pio -I/global/u2/h/hgkang/my_programs/ParallelIO_1.9.23/build/pio -I/global/u2/h/hgkang/MPAS/MPAS-Model-6.0/src/core_ocean/driver  -I/global/u2/h/hgkang/MPAS/MPAS-Model-6.0/src/core_ocean/mode_forward -I/global/u2/h/hgkang/MPAS/MPAS-Model-6.0/src/core_ocean/mode_analysis -I/global/u2/h/hgkang/MPAS/MPAS-Model-6.0/src/core_ocean/mode_init -I/global/u2/h/hgkang/MPAS/MPAS-Model-6.0/src/core_ocean/shared -I/global/u2/h/hgkang/MPAS/MPAS-Model-6.0/src/core_ocean/analysis_members -I/global/u2/h/hgkang/MPAS/MPAS-Model-6.0/src/core_ocean/cvmix -I/global/u2/h/hgkang/MPAS/MPAS-Model-6.0/src/core_ocean/BGC -I/global/homes/h/hgkang/MPAS/MPAS-Model-6.0/src/core_ocean/../framework -I/global/homes/h/hgkang/MPAS/MPAS-Model-6.0/src/core_ocean/../external/esmf_time_f90 -I/global/homes/h/hgkang/MPAS/MPAS-Model-6.0/src/core_ocean/../operators -I/global/homes/h/hgkang/MPAS/MPAS-Model-6.0/src/core_ocean/BGC -I/global/homes/h/hgkang/MPAS/MPAS-Model-6.0/src/core_ocean/shared -I/global/homes/h/hgkang/MPAS/MPAS-Model-6.0/src/core_ocean/analysis_members -I/global/homes/h/hgkang/MPAS/MPAS-Model-6.0/src/core_ocean/cvmix -I/global/homes/h/hgkang/MPAS/MPAS-Model-6.0/src/core_ocean/mode_forward -I/global/homes/h/hgkang/MPAS/MPAS-Model-6.0/src/core_ocean/mode_analysis -I/global/homes/h/hgkang/MPAS/MPAS-Model-6.0/src/core_ocean/mode_init
rm -f mpas_ocn_tracer_advection_std.o mpas_ocn_tracer_advection_std.mod
ftn -DUNDERSCORE -D_MPI   -DCORE_OCEAN -DMPAS_NAMELIST_SUFFIX=ocean -DMPAS_EXE_NAME=ocean_model -DMPAS_NATIVE_TIMERS -DMPAS_GIT_VERSION=unknown -O3 -m64 -ffree-line-length-none -fconvert=big-endian -ffree-form -fdefault-real-8 -fdefault-double-8 -c mpas_ocn_tracer_advection_std.F -I/global/u2/h/hgkang/my_programs/ParallelIO_1.9.23/build/pio -I/global/u2/h/hgkang/my_programs/ParallelIO_1.9.23/build/pio -I/global/u2/h/hgkang/MPAS/MPAS-Model-6.0/src/core_ocean/driver  -I/global/u2/h/hgkang/MPAS/MPAS-Model-6.0/src/core_ocean/mode_forward -I/global/u2/h/hgkang/MPAS/MPAS-Model-6.0/src/core_ocean/mode_analysis -I/global/u2/h/hgkang/MPAS/MPAS-Model-6.0/src/core_ocean/mode_init -I/global/u2/h/hgkang/MPAS/MPAS-Model-6.0/src/core_ocean/shared -I/global/u2/h/hgkang/MPAS/MPAS-Model-6.0/src/core_ocean/analysis_members -I/global/u2/h/hgkang/MPAS/MPAS-Model-6.0/src/core_ocean/cvmix -I/global/u2/h/hgkang/MPAS/MPAS-Model-6.0/src/core_ocean/BGC -I/global/homes/h/hgkang/MPAS/MPAS-Model-6.0/src/core_ocean/../framework -I/global/homes/h/hgkang/MPAS/MPAS-Model-6.0/src/core_ocean/../external/esmf_time_f90 -I/global/homes/h/hgkang/MPAS/MPAS-Model-6.0/src/core_ocean/../operators -I/global/homes/h/hgkang/MPAS/MPAS-Model-6.0/src/core_ocean/BGC -I/global/homes/h/hgkang/MPAS/MPAS-Model-6.0/src/core_ocean/shared -I/global/homes/h/hgkang/MPAS/MPAS-Model-6.0/src/core_ocean/analysis_members -I/global/homes/h/hgkang/MPAS/MPAS-Model-6.0/src/core_ocean/cvmix -I/global/homes/h/hgkang/MPAS/MPAS-Model-6.0/src/core_ocean/mode_forward -I/global/homes/h/hgkang/MPAS/MPAS-Model-6.0/src/core_ocean/mode_analysis -I/global/homes/h/hgkang/MPAS/MPAS-Model-6.0/src/core_ocean/mode_init
rm -f mpas_ocn_tracer_advection.o mpas_ocn_tracer_advection.mod
ftn -DUNDERSCORE -D_MPI   -DCORE_OCEAN -DMPAS_NAMELIST_SUFFIX=ocean -DMPAS_EXE_NAME=ocean_model -DMPAS_NATIVE_TIMERS -DMPAS_GIT_VERSION=unknown -O3 -m64 -ffree-line-length-none -fconvert=big-endian -ffree-form -fdefault-real-8 -fdefault-double-8 -c mpas_ocn_tracer_advection.F -I/global/u2/h/hgkang/my_programs/ParallelIO_1.9.23/build/pio -I/global/u2/h/hgkang/my_programs/ParallelIO_1.9.23/build/pio -I/global/u2/h/hgkang/MPAS/MPAS-Model-6.0/src/core_ocean/driver  -I/global/u2/h/hgkang/MPAS/MPAS-Model-6.0/src/core_ocean/mode_forward -I/global/u2/h/hgkang/MPAS/MPAS-Model-6.0/src/core_ocean/mode_analysis -I/global/u2/h/hgkang/MPAS/MPAS-Model-6.0/src/core_ocean/mode_init -I/global/u2/h/hgkang/MPAS/MPAS-Model-6.0/src/core_ocean/shared -I/global/u2/h/hgkang/MPAS/MPAS-Model-6.0/src/core_ocean/analysis_members -I/global/u2/h/hgkang/MPAS/MPAS-Model-6.0/src/core_ocean/cvmix -I/global/u2/h/hgkang/MPAS/MPAS-Model-6.0/src/core_ocean/BGC -I/global/homes/h/hgkang/MPAS/MPAS-Model-6.0/src/core_ocean/../framework -I/global/homes/h/hgkang/MPAS/MPAS-Model-6.0/src/core_ocean/../external/esmf_time_f90 -I/global/homes/h/hgkang/MPAS/MPAS-Model-6.0/src/core_ocean/../operators -I/global/homes/h/hgkang/MPAS/MPAS-Model-6.0/src/core_ocean/BGC -I/global/homes/h/hgkang/MPAS/MPAS-Model-6.0/src/core_ocean/shared -I/global/homes/h/hgkang/MPAS/MPAS-Model-6.0/src/core_ocean/analysis_members -I/global/homes/h/hgkang/MPAS/MPAS-Model-6.0/src/core_ocean/cvmix -I/global/homes/h/hgkang/MPAS/MPAS-Model-6.0/src/core_ocean/mode_forward -I/global/homes/h/hgkang/MPAS/MPAS-Model-6.0/src/core_ocean/mode_analysis -I/global/homes/h/hgkang/MPAS/MPAS-Model-6.0/src/core_ocean/mode_init
rm -f mpas_ocn_tracer_hmix_del2.o mpas_ocn_tracer_hmix_del2.mod
ftn -DUNDERSCORE -D_MPI   -DCORE_OCEAN -DMPAS_NAMELIST_SUFFIX=ocean -DMPAS_EXE_NAME=ocean_model -DMPAS_NATIVE_TIMERS -DMPAS_GIT_VERSION=unknown -O3 -m64 -ffree-line-length-none -fconvert=big-endian -ffree-form -fdefault-real-8 -fdefault-double-8 -c mpas_ocn_tracer_hmix_del2.F -I/global/u2/h/hgkang/my_programs/ParallelIO_1.9.23/build/pio -I/global/u2/h/hgkang/my_programs/ParallelIO_1.9.23/build/pio -I/global/u2/h/hgkang/MPAS/MPAS-Model-6.0/src/core_ocean/driver  -I/global/u2/h/hgkang/MPAS/MPAS-Model-6.0/src/core_ocean/mode_forward -I/global/u2/h/hgkang/MPAS/MPAS-Model-6.0/src/core_ocean/mode_analysis -I/global/u2/h/hgkang/MPAS/MPAS-Model-6.0/src/core_ocean/mode_init -I/global/u2/h/hgkang/MPAS/MPAS-Model-6.0/src/core_ocean/shared -I/global/u2/h/hgkang/MPAS/MPAS-Model-6.0/src/core_ocean/analysis_members -I/global/u2/h/hgkang/MPAS/MPAS-Model-6.0/src/core_ocean/cvmix -I/global/u2/h/hgkang/MPAS/MPAS-Model-6.0/src/core_ocean/BGC -I/global/homes/h/hgkang/MPAS/MPAS-Model-6.0/src/core_ocean/../framework -I/global/homes/h/hgkang/MPAS/MPAS-Model-6.0/src/core_ocean/../external/esmf_time_f90 -I/global/homes/h/hgkang/MPAS/MPAS-Model-6.0/src/core_ocean/../operators -I/global/homes/h/hgkang/MPAS/MPAS-Model-6.0/src/core_ocean/BGC -I/global/homes/h/hgkang/MPAS/MPAS-Model-6.0/src/core_ocean/shared -I/global/homes/h/hgkang/MPAS/MPAS-Model-6.0/src/core_ocean/analysis_members -I/global/homes/h/hgkang/MPAS/MPAS-Model-6.0/src/core_ocean/cvmix -I/global/homes/h/hgkang/MPAS/MPAS-Model-6.0/src/core_ocean/mode_forward -I/global/homes/h/hgkang/MPAS/MPAS-Model-6.0/src/core_ocean/mode_analysis -I/global/homes/h/hgkang/MPAS/MPAS-Model-6.0/src/core_ocean/mode_init
rm -f mpas_ocn_tracer_hmix_del4.o mpas_ocn_tracer_hmix_del4.mod
ftn -DUNDERSCORE -D_MPI   -DCORE_OCEAN -DMPAS_NAMELIST_SUFFIX=ocean -DMPAS_EXE_NAME=ocean_model -DMPAS_NATIVE_TIMERS -DMPAS_GIT_VERSION=unknown -O3 -m64 -ffree-line-length-none -fconvert=big-endian -ffree-form -fdefault-real-8 -fdefault-double-8 -c mpas_ocn_tracer_hmix_del4.F -I/global/u2/h/hgkang/my_programs/ParallelIO_1.9.23/build/pio -I/global/u2/h/hgkang/my_programs/ParallelIO_1.9.23/build/pio -I/global/u2/h/hgkang/MPAS/MPAS-Model-6.0/src/core_ocean/driver  -I/global/u2/h/hgkang/MPAS/MPAS-Model-6.0/src/core_ocean/mode_forward -I/global/u2/h/hgkang/MPAS/MPAS-Model-6.0/src/core_ocean/mode_analysis -I/global/u2/h/hgkang/MPAS/MPAS-Model-6.0/src/core_ocean/mode_init -I/global/u2/h/hgkang/MPAS/MPAS-Model-6.0/src/core_ocean/shared -I/global/u2/h/hgkang/MPAS/MPAS-Model-6.0/src/core_ocean/analysis_members -I/global/u2/h/hgkang/MPAS/MPAS-Model-6.0/src/core_ocean/cvmix -I/global/u2/h/hgkang/MPAS/MPAS-Model-6.0/src/core_ocean/BGC -I/global/homes/h/hgkang/MPAS/MPAS-Model-6.0/src/core_ocean/../framework -I/global/homes/h/hgkang/MPAS/MPAS-Model-6.0/src/core_ocean/../external/esmf_time_f90 -I/global/homes/h/hgkang/MPAS/MPAS-Model-6.0/src/core_ocean/../operators -I/global/homes/h/hgkang/MPAS/MPAS-Model-6.0/src/core_ocean/BGC -I/global/homes/h/hgkang/MPAS/MPAS-Model-6.0/src/core_ocean/shared -I/global/homes/h/hgkang/MPAS/MPAS-Model-6.0/src/core_ocean/analysis_members -I/global/homes/h/hgkang/MPAS/MPAS-Model-6.0/src/core_ocean/cvmix -I/global/homes/h/hgkang/MPAS/MPAS-Model-6.0/src/core_ocean/mode_forward -I/global/homes/h/hgkang/MPAS/MPAS-Model-6.0/src/core_ocean/mode_analysis -I/global/homes/h/hgkang/MPAS/MPAS-Model-6.0/src/core_ocean/mode_init
rm -f mpas_ocn_tracer_hmix_redi.o mpas_ocn_tracer_hmix_redi.mod
ftn -DUNDERSCORE -D_MPI   -DCORE_OCEAN -DMPAS_NAMELIST_SUFFIX=ocean -DMPAS_EXE_NAME=ocean_model -DMPAS_NATIVE_TIMERS -DMPAS_GIT_VERSION=unknown -O3 -m64 -ffree-line-length-none -fconvert=big-endian -ffree-form -fdefault-real-8 -fdefault-double-8 -c mpas_ocn_tracer_hmix_redi.F -I/global/u2/h/hgkang/my_programs/ParallelIO_1.9.23/build/pio -I/global/u2/h/hgkang/my_programs/ParallelIO_1.9.23/build/pio -I/global/u2/h/hgkang/MPAS/MPAS-Model-6.0/src/core_ocean/driver  -I/global/u2/h/hgkang/MPAS/MPAS-Model-6.0/src/core_ocean/mode_forward -I/global/u2/h/hgkang/MPAS/MPAS-Model-6.0/src/core_ocean/mode_analysis -I/global/u2/h/hgkang/MPAS/MPAS-Model-6.0/src/core_ocean/mode_init -I/global/u2/h/hgkang/MPAS/MPAS-Model-6.0/src/core_ocean/shared -I/global/u2/h/hgkang/MPAS/MPAS-Model-6.0/src/core_ocean/analysis_members -I/global/u2/h/hgkang/MPAS/MPAS-Model-6.0/src/core_ocean/cvmix -I/global/u2/h/hgkang/MPAS/MPAS-Model-6.0/src/core_ocean/BGC -I/global/homes/h/hgkang/MPAS/MPAS-Model-6.0/src/core_ocean/../framework -I/global/homes/h/hgkang/MPAS/MPAS-Model-6.0/src/core_ocean/../external/esmf_time_f90 -I/global/homes/h/hgkang/MPAS/MPAS-Model-6.0/src/core_ocean/../operators -I/global/homes/h/hgkang/MPAS/MPAS-Model-6.0/src/core_ocean/BGC -I/global/homes/h/hgkang/MPAS/MPAS-Model-6.0/src/core_ocean/shared -I/global/homes/h/hgkang/MPAS/MPAS-Model-6.0/src/core_ocean/analysis_members -I/global/homes/h/hgkang/MPAS/MPAS-Model-6.0/src/core_ocean/cvmix -I/global/homes/h/hgkang/MPAS/MPAS-Model-6.0/src/core_ocean/mode_forward -I/global/homes/h/hgkang/MPAS/MPAS-Model-6.0/src/core_ocean/mode_analysis -I/global/homes/h/hgkang/MPAS/MPAS-Model-6.0/src/core_ocean/mode_init
rm -f mpas_ocn_tracer_hmix.o mpas_ocn_tracer_hmix.mod
ftn -DUNDERSCORE -D_MPI   -DCORE_OCEAN -DMPAS_NAMELIST_SUFFIX=ocean -DMPAS_EXE_NAME=ocean_model -DMPAS_NATIVE_TIMERS -DMPAS_GIT_VERSION=unknown -O3 -m64 -ffree-line-length-none -fconvert=big-endian -ffree-form -fdefault-real-8 -fdefault-double-8 -c mpas_ocn_tracer_hmix.F -I/global/u2/h/hgkang/my_programs/ParallelIO_1.9.23/build/pio -I/global/u2/h/hgkang/my_programs/ParallelIO_1.9.23/build/pio -I/global/u2/h/hgkang/MPAS/MPAS-Model-6.0/src/core_ocean/driver  -I/global/u2/h/hgkang/MPAS/MPAS-Model-6.0/src/core_ocean/mode_forward -I/global/u2/h/hgkang/MPAS/MPAS-Model-6.0/src/core_ocean/mode_analysis -I/global/u2/h/hgkang/MPAS/MPAS-Model-6.0/src/core_ocean/mode_init -I/global/u2/h/hgkang/MPAS/MPAS-Model-6.0/src/core_ocean/shared -I/global/u2/h/hgkang/MPAS/MPAS-Model-6.0/src/core_ocean/analysis_members -I/global/u2/h/hgkang/MPAS/MPAS-Model-6.0/src/core_ocean/cvmix -I/global/u2/h/hgkang/MPAS/MPAS-Model-6.0/src/core_ocean/BGC -I/global/homes/h/hgkang/MPAS/MPAS-Model-6.0/src/core_ocean/../framework -I/global/homes/h/hgkang/MPAS/MPAS-Model-6.0/src/core_ocean/../external/esmf_time_f90 -I/global/homes/h/hgkang/MPAS/MPAS-Model-6.0/src/core_ocean/../operators -I/global/homes/h/hgkang/MPAS/MPAS-Model-6.0/src/core_ocean/BGC -I/global/homes/h/hgkang/MPAS/MPAS-Model-6.0/src/core_ocean/shared -I/global/homes/h/hgkang/MPAS/MPAS-Model-6.0/src/core_ocean/analysis_members -I/global/homes/h/hgkang/MPAS/MPAS-Model-6.0/src/core_ocean/cvmix -I/global/homes/h/hgkang/MPAS/MPAS-Model-6.0/src/core_ocean/mode_forward -I/global/homes/h/hgkang/MPAS/MPAS-Model-6.0/src/core_ocean/mode_analysis -I/global/homes/h/hgkang/MPAS/MPAS-Model-6.0/src/core_ocean/mode_init
rm -f mpas_ocn_tracer_nonlocalflux.o mpas_ocn_tracer_nonlocalflux.mod
ftn -DUNDERSCORE -D_MPI   -DCORE_OCEAN -DMPAS_NAMELIST_SUFFIX=ocean -DMPAS_EXE_NAME=ocean_model -DMPAS_NATIVE_TIMERS -DMPAS_GIT_VERSION=unknown -O3 -m64 -ffree-line-length-none -fconvert=big-endian -ffree-form -fdefault-real-8 -fdefault-double-8 -c mpas_ocn_tracer_nonlocalflux.F -I/global/u2/h/hgkang/my_programs/ParallelIO_1.9.23/build/pio -I/global/u2/h/hgkang/my_programs/ParallelIO_1.9.23/build/pio -I/global/u2/h/hgkang/MPAS/MPAS-Model-6.0/src/core_ocean/driver  -I/global/u2/h/hgkang/MPAS/MPAS-Model-6.0/src/core_ocean/mode_forward -I/global/u2/h/hgkang/MPAS/MPAS-Model-6.0/src/core_ocean/mode_analysis -I/global/u2/h/hgkang/MPAS/MPAS-Model-6.0/src/core_ocean/mode_init -I/global/u2/h/hgkang/MPAS/MPAS-Model-6.0/src/core_ocean/shared -I/global/u2/h/hgkang/MPAS/MPAS-Model-6.0/src/core_ocean/analysis_members -I/global/u2/h/hgkang/MPAS/MPAS-Model-6.0/src/core_ocean/cvmix -I/global/u2/h/hgkang/MPAS/MPAS-Model-6.0/src/core_ocean/BGC -I/global/homes/h/hgkang/MPAS/MPAS-Model-6.0/src/core_ocean/../framework -I/global/homes/h/hgkang/MPAS/MPAS-Model-6.0/src/core_ocean/../external/esmf_time_f90 -I/global/homes/h/hgkang/MPAS/MPAS-Model-6.0/src/core_ocean/../operators -I/global/homes/h/hgkang/MPAS/MPAS-Model-6.0/src/core_ocean/BGC -I/global/homes/h/hgkang/MPAS/MPAS-Model-6.0/src/core_ocean/shared -I/global/homes/h/hgkang/MPAS/MPAS-Model-6.0/src/core_ocean/analysis_members -I/global/homes/h/hgkang/MPAS/MPAS-Model-6.0/src/core_ocean/cvmix -I/global/homes/h/hgkang/MPAS/MPAS-Model-6.0/src/core_ocean/mode_forward -I/global/homes/h/hgkang/MPAS/MPAS-Model-6.0/src/core_ocean/mode_analysis -I/global/homes/h/hgkang/MPAS/MPAS-Model-6.0/src/core_ocean/mode_init
rm -f mpas_ocn_surface_bulk_forcing.o mpas_ocn_surface_bulk_forcing.mod
ftn -DUNDERSCORE -D_MPI   -DCORE_OCEAN -DMPAS_NAMELIST_SUFFIX=ocean -DMPAS_EXE_NAME=ocean_model -DMPAS_NATIVE_TIMERS -DMPAS_GIT_VERSION=unknown -O3 -m64 -ffree-line-length-none -fconvert=big-endian -ffree-form -fdefault-real-8 -fdefault-double-8 -c mpas_ocn_surface_bulk_forcing.F -I/global/u2/h/hgkang/my_programs/ParallelIO_1.9.23/build/pio -I/global/u2/h/hgkang/my_programs/ParallelIO_1.9.23/build/pio -I/global/u2/h/hgkang/MPAS/MPAS-Model-6.0/src/core_ocean/driver  -I/global/u2/h/hgkang/MPAS/MPAS-Model-6.0/src/core_ocean/mode_forward -I/global/u2/h/hgkang/MPAS/MPAS-Model-6.0/src/core_ocean/mode_analysis -I/global/u2/h/hgkang/MPAS/MPAS-Model-6.0/src/core_ocean/mode_init -I/global/u2/h/hgkang/MPAS/MPAS-Model-6.0/src/core_ocean/shared -I/global/u2/h/hgkang/MPAS/MPAS-Model-6.0/src/core_ocean/analysis_members -I/global/u2/h/hgkang/MPAS/MPAS-Model-6.0/src/core_ocean/cvmix -I/global/u2/h/hgkang/MPAS/MPAS-Model-6.0/src/core_ocean/BGC -I/global/homes/h/hgkang/MPAS/MPAS-Model-6.0/src/core_ocean/../framework -I/global/homes/h/hgkang/MPAS/MPAS-Model-6.0/src/core_ocean/../external/esmf_time_f90 -I/global/homes/h/hgkang/MPAS/MPAS-Model-6.0/src/core_ocean/../operators -I/global/homes/h/hgkang/MPAS/MPAS-Model-6.0/src/core_ocean/BGC -I/global/homes/h/hgkang/MPAS/MPAS-Model-6.0/src/core_ocean/shared -I/global/homes/h/hgkang/MPAS/MPAS-Model-6.0/src/core_ocean/analysis_members -I/global/homes/h/hgkang/MPAS/MPAS-Model-6.0/src/core_ocean/cvmix -I/global/homes/h/hgkang/MPAS/MPAS-Model-6.0/src/core_ocean/mode_forward -I/global/homes/h/hgkang/MPAS/MPAS-Model-6.0/src/core_ocean/mode_analysis -I/global/homes/h/hgkang/MPAS/MPAS-Model-6.0/src/core_ocean/mode_init
rm -f mpas_ocn_tracer_surface_flux_to_tend.o mpas_ocn_tracer_surface_flux_to_tend.mod
ftn -DUNDERSCORE -D_MPI   -DCORE_OCEAN -DMPAS_NAMELIST_SUFFIX=ocean -DMPAS_EXE_NAME=ocean_model -DMPAS_NATIVE_TIMERS -DMPAS_GIT_VERSION=unknown -O3 -m64 -ffree-line-length-none -fconvert=big-endian -ffree-form -fdefault-real-8 -fdefault-double-8 -c mpas_ocn_tracer_surface_flux_to_tend.F -I/global/u2/h/hgkang/my_programs/ParallelIO_1.9.23/build/pio -I/global/u2/h/hgkang/my_programs/ParallelIO_1.9.23/build/pio -I/global/u2/h/hgkang/MPAS/MPAS-Model-6.0/src/core_ocean/driver  -I/global/u2/h/hgkang/MPAS/MPAS-Model-6.0/src/core_ocean/mode_forward -I/global/u2/h/hgkang/MPAS/MPAS-Model-6.0/src/core_ocean/mode_analysis -I/global/u2/h/hgkang/MPAS/MPAS-Model-6.0/src/core_ocean/mode_init -I/global/u2/h/hgkang/MPAS/MPAS-Model-6.0/src/core_ocean/shared -I/global/u2/h/hgkang/MPAS/MPAS-Model-6.0/src/core_ocean/analysis_members -I/global/u2/h/hgkang/MPAS/MPAS-Model-6.0/src/core_ocean/cvmix -I/global/u2/h/hgkang/MPAS/MPAS-Model-6.0/src/core_ocean/BGC -I/global/homes/h/hgkang/MPAS/MPAS-Model-6.0/src/core_ocean/../framework -I/global/homes/h/hgkang/MPAS/MPAS-Model-6.0/src/core_ocean/../external/esmf_time_f90 -I/global/homes/h/hgkang/MPAS/MPAS-Model-6.0/src/core_ocean/../operators -I/global/homes/h/hgkang/MPAS/MPAS-Model-6.0/src/core_ocean/BGC -I/global/homes/h/hgkang/MPAS/MPAS-Model-6.0/src/core_ocean/shared -I/global/homes/h/hgkang/MPAS/MPAS-Model-6.0/src/core_ocean/analysis_members -I/global/homes/h/hgkang/MPAS/MPAS-Model-6.0/src/core_ocean/cvmix -I/global/homes/h/hgkang/MPAS/MPAS-Model-6.0/src/core_ocean/mode_forward -I/global/homes/h/hgkang/MPAS/MPAS-Model-6.0/src/core_ocean/mode_analysis -I/global/homes/h/hgkang/MPAS/MPAS-Model-6.0/src/core_ocean/mode_init
rm -f mpas_ocn_tracer_interior_restoring.o mpas_ocn_tracer_interior_restoring.mod
ftn -DUNDERSCORE -D_MPI   -DCORE_OCEAN -DMPAS_NAMELIST_SUFFIX=ocean -DMPAS_EXE_NAME=ocean_model -DMPAS_NATIVE_TIMERS -DMPAS_GIT_VERSION=unknown -O3 -m64 -ffree-line-length-none -fconvert=big-endian -ffree-form -fdefault-real-8 -fdefault-double-8 -c mpas_ocn_tracer_interior_restoring.F -I/global/u2/h/hgkang/my_programs/ParallelIO_1.9.23/build/pio -I/global/u2/h/hgkang/my_programs/ParallelIO_1.9.23/build/pio -I/global/u2/h/hgkang/MPAS/MPAS-Model-6.0/src/core_ocean/driver  -I/global/u2/h/hgkang/MPAS/MPAS-Model-6.0/src/core_ocean/mode_forward -I/global/u2/h/hgkang/MPAS/MPAS-Model-6.0/src/core_ocean/mode_analysis -I/global/u2/h/hgkang/MPAS/MPAS-Model-6.0/src/core_ocean/mode_init -I/global/u2/h/hgkang/MPAS/MPAS-Model-6.0/src/core_ocean/shared -I/global/u2/h/hgkang/MPAS/MPAS-Model-6.0/src/core_ocean/analysis_members -I/global/u2/h/hgkang/MPAS/MPAS-Model-6.0/src/core_ocean/cvmix -I/global/u2/h/hgkang/MPAS/MPAS-Model-6.0/src/core_ocean/BGC -I/global/homes/h/hgkang/MPAS/MPAS-Model-6.0/src/core_ocean/../framework -I/global/homes/h/hgkang/MPAS/MPAS-Model-6.0/src/core_ocean/../external/esmf_time_f90 -I/global/homes/h/hgkang/MPAS/MPAS-Model-6.0/src/core_ocean/../operators -I/global/homes/h/hgkang/MPAS/MPAS-Model-6.0/src/core_ocean/BGC -I/global/homes/h/hgkang/MPAS/MPAS-Model-6.0/src/core_ocean/shared -I/global/homes/h/hgkang/MPAS/MPAS-Model-6.0/src/core_ocean/analysis_members -I/global/homes/h/hgkang/MPAS/MPAS-Model-6.0/src/core_ocean/cvmix -I/global/homes/h/hgkang/MPAS/MPAS-Model-6.0/src/core_ocean/mode_forward -I/global/homes/h/hgkang/MPAS/MPAS-Model-6.0/src/core_ocean/mode_analysis -I/global/homes/h/hgkang/MPAS/MPAS-Model-6.0/src/core_ocean/mode_init
rm -f mpas_ocn_tracer_exponential_decay.o mpas_ocn_tracer_exponential_decay.mod
ftn -DUNDERSCORE -D_MPI   -DCORE_OCEAN -DMPAS_NAMELIST_SUFFIX=ocean -DMPAS_EXE_NAME=ocean_model -DMPAS_NATIVE_TIMERS -DMPAS_GIT_VERSION=unknown -O3 -m64 -ffree-line-length-none -fconvert=big-endian -ffree-form -fdefault-real-8 -fdefault-double-8 -c mpas_ocn_tracer_exponential_decay.F -I/global/u2/h/hgkang/my_programs/ParallelIO_1.9.23/build/pio -I/global/u2/h/hgkang/my_programs/ParallelIO_1.9.23/build/pio -I/global/u2/h/hgkang/MPAS/MPAS-Model-6.0/src/core_ocean/driver  -I/global/u2/h/hgkang/MPAS/MPAS-Model-6.0/src/core_ocean/mode_forward -I/global/u2/h/hgkang/MPAS/MPAS-Model-6.0/src/core_ocean/mode_analysis -I/global/u2/h/hgkang/MPAS/MPAS-Model-6.0/src/core_ocean/mode_init -I/global/u2/h/hgkang/MPAS/MPAS-Model-6.0/src/core_ocean/shared -I/global/u2/h/hgkang/MPAS/MPAS-Model-6.0/src/core_ocean/analysis_members -I/global/u2/h/hgkang/MPAS/MPAS-Model-6.0/src/core_ocean/cvmix -I/global/u2/h/hgkang/MPAS/MPAS-Model-6.0/src/core_ocean/BGC -I/global/homes/h/hgkang/MPAS/MPAS-Model-6.0/src/core_ocean/../framework -I/global/homes/h/hgkang/MPAS/MPAS-Model-6.0/src/core_ocean/../external/esmf_time_f90 -I/global/homes/h/hgkang/MPAS/MPAS-Model-6.0/src/core_ocean/../operators -I/global/homes/h/hgkang/MPAS/MPAS-Model-6.0/src/core_ocean/BGC -I/global/homes/h/hgkang/MPAS/MPAS-Model-6.0/src/core_ocean/shared -I/global/homes/h/hgkang/MPAS/MPAS-Model-6.0/src/core_ocean/analysis_members -I/global/homes/h/hgkang/MPAS/MPAS-Model-6.0/src/core_ocean/cvmix -I/global/homes/h/hgkang/MPAS/MPAS-Model-6.0/src/core_ocean/mode_forward -I/global/homes/h/hgkang/MPAS/MPAS-Model-6.0/src/core_ocean/mode_analysis -I/global/homes/h/hgkang/MPAS/MPAS-Model-6.0/src/core_ocean/mode_init
rm -f mpas_ocn_tracer_ideal_age.o mpas_ocn_tracer_ideal_age.mod
ftn -DUNDERSCORE -D_MPI   -DCORE_OCEAN -DMPAS_NAMELIST_SUFFIX=ocean -DMPAS_EXE_NAME=ocean_model -DMPAS_NATIVE_TIMERS -DMPAS_GIT_VERSION=unknown -O3 -m64 -ffree-line-length-none -fconvert=big-endian -ffree-form -fdefault-real-8 -fdefault-double-8 -c mpas_ocn_tracer_ideal_age.F -I/global/u2/h/hgkang/my_programs/ParallelIO_1.9.23/build/pio -I/global/u2/h/hgkang/my_programs/ParallelIO_1.9.23/build/pio -I/global/u2/h/hgkang/MPAS/MPAS-Model-6.0/src/core_ocean/driver  -I/global/u2/h/hgkang/MPAS/MPAS-Model-6.0/src/core_ocean/mode_forward -I/global/u2/h/hgkang/MPAS/MPAS-Model-6.0/src/core_ocean/mode_analysis -I/global/u2/h/hgkang/MPAS/MPAS-Model-6.0/src/core_ocean/mode_init -I/global/u2/h/hgkang/MPAS/MPAS-Model-6.0/src/core_ocean/shared -I/global/u2/h/hgkang/MPAS/MPAS-Model-6.0/src/core_ocean/analysis_members -I/global/u2/h/hgkang/MPAS/MPAS-Model-6.0/src/core_ocean/cvmix -I/global/u2/h/hgkang/MPAS/MPAS-Model-6.0/src/core_ocean/BGC -I/global/homes/h/hgkang/MPAS/MPAS-Model-6.0/src/core_ocean/../framework -I/global/homes/h/hgkang/MPAS/MPAS-Model-6.0/src/core_ocean/../external/esmf_time_f90 -I/global/homes/h/hgkang/MPAS/MPAS-Model-6.0/src/core_ocean/../operators -I/global/homes/h/hgkang/MPAS/MPAS-Model-6.0/src/core_ocean/BGC -I/global/homes/h/hgkang/MPAS/MPAS-Model-6.0/src/core_ocean/shared -I/global/homes/h/hgkang/MPAS/MPAS-Model-6.0/src/core_ocean/analysis_members -I/global/homes/h/hgkang/MPAS/MPAS-Model-6.0/src/core_ocean/cvmix -I/global/homes/h/hgkang/MPAS/MPAS-Model-6.0/src/core_ocean/mode_forward -I/global/homes/h/hgkang/MPAS/MPAS-Model-6.0/src/core_ocean/mode_analysis -I/global/homes/h/hgkang/MPAS/MPAS-Model-6.0/src/core_ocean/mode_init
rm -f mpas_ocn_tracer_TTD.o mpas_ocn_tracer_TTD.mod
ftn -DUNDERSCORE -D_MPI   -DCORE_OCEAN -DMPAS_NAMELIST_SUFFIX=ocean -DMPAS_EXE_NAME=ocean_model -DMPAS_NATIVE_TIMERS -DMPAS_GIT_VERSION=unknown -O3 -m64 -ffree-line-length-none -fconvert=big-endian -ffree-form -fdefault-real-8 -fdefault-double-8 -c mpas_ocn_tracer_TTD.F -I/global/u2/h/hgkang/my_programs/ParallelIO_1.9.23/build/pio -I/global/u2/h/hgkang/my_programs/ParallelIO_1.9.23/build/pio -I/global/u2/h/hgkang/MPAS/MPAS-Model-6.0/src/core_ocean/driver  -I/global/u2/h/hgkang/MPAS/MPAS-Model-6.0/src/core_ocean/mode_forward -I/global/u2/h/hgkang/MPAS/MPAS-Model-6.0/src/core_ocean/mode_analysis -I/global/u2/h/hgkang/MPAS/MPAS-Model-6.0/src/core_ocean/mode_init -I/global/u2/h/hgkang/MPAS/MPAS-Model-6.0/src/core_ocean/shared -I/global/u2/h/hgkang/MPAS/MPAS-Model-6.0/src/core_ocean/analysis_members -I/global/u2/h/hgkang/MPAS/MPAS-Model-6.0/src/core_ocean/cvmix -I/global/u2/h/hgkang/MPAS/MPAS-Model-6.0/src/core_ocean/BGC -I/global/homes/h/hgkang/MPAS/MPAS-Model-6.0/src/core_ocean/../framework -I/global/homes/h/hgkang/MPAS/MPAS-Model-6.0/src/core_ocean/../external/esmf_time_f90 -I/global/homes/h/hgkang/MPAS/MPAS-Model-6.0/src/core_ocean/../operators -I/global/homes/h/hgkang/MPAS/MPAS-Model-6.0/src/core_ocean/BGC -I/global/homes/h/hgkang/MPAS/MPAS-Model-6.0/src/core_ocean/shared -I/global/homes/h/hgkang/MPAS/MPAS-Model-6.0/src/core_ocean/analysis_members -I/global/homes/h/hgkang/MPAS/MPAS-Model-6.0/src/core_ocean/cvmix -I/global/homes/h/hgkang/MPAS/MPAS-Model-6.0/src/core_ocean/mode_forward -I/global/homes/h/hgkang/MPAS/MPAS-Model-6.0/src/core_ocean/mode_analysis -I/global/homes/h/hgkang/MPAS/MPAS-Model-6.0/src/core_ocean/mode_init
rm -f mpas_ocn_frazil_forcing.o mpas_ocn_frazil_forcing.mod
ftn -DUNDERSCORE -D_MPI   -DCORE_OCEAN -DMPAS_NAMELIST_SUFFIX=ocean -DMPAS_EXE_NAME=ocean_model -DMPAS_NATIVE_TIMERS -DMPAS_GIT_VERSION=unknown -O3 -m64 -ffree-line-length-none -fconvert=big-endian -ffree-form -fdefault-real-8 -fdefault-double-8 -c mpas_ocn_frazil_forcing.F -I/global/u2/h/hgkang/my_programs/ParallelIO_1.9.23/build/pio -I/global/u2/h/hgkang/my_programs/ParallelIO_1.9.23/build/pio -I/global/u2/h/hgkang/MPAS/MPAS-Model-6.0/src/core_ocean/driver  -I/global/u2/h/hgkang/MPAS/MPAS-Model-6.0/src/core_ocean/mode_forward -I/global/u2/h/hgkang/MPAS/MPAS-Model-6.0/src/core_ocean/mode_analysis -I/global/u2/h/hgkang/MPAS/MPAS-Model-6.0/src/core_ocean/mode_init -I/global/u2/h/hgkang/MPAS/MPAS-Model-6.0/src/core_ocean/shared -I/global/u2/h/hgkang/MPAS/MPAS-Model-6.0/src/core_ocean/analysis_members -I/global/u2/h/hgkang/MPAS/MPAS-Model-6.0/src/core_ocean/cvmix -I/global/u2/h/hgkang/MPAS/MPAS-Model-6.0/src/core_ocean/BGC -I/global/homes/h/hgkang/MPAS/MPAS-Model-6.0/src/core_ocean/../framework -I/global/homes/h/hgkang/MPAS/MPAS-Model-6.0/src/core_ocean/../external/esmf_time_f90 -I/global/homes/h/hgkang/MPAS/MPAS-Model-6.0/src/core_ocean/../operators -I/global/homes/h/hgkang/MPAS/MPAS-Model-6.0/src/core_ocean/BGC -I/global/homes/h/hgkang/MPAS/MPAS-Model-6.0/src/core_ocean/shared -I/global/homes/h/hgkang/MPAS/MPAS-Model-6.0/src/core_ocean/analysis_members -I/global/homes/h/hgkang/MPAS/MPAS-Model-6.0/src/core_ocean/cvmix -I/global/homes/h/hgkang/MPAS/MPAS-Model-6.0/src/core_ocean/mode_forward -I/global/homes/h/hgkang/MPAS/MPAS-Model-6.0/src/core_ocean/mode_analysis -I/global/homes/h/hgkang/MPAS/MPAS-Model-6.0/src/core_ocean/mode_init
rm -f mpas_ocn_tracer_ecosys.o mpas_ocn_tracer_ecosys.mod
ftn -DUNDERSCORE -D_MPI   -DCORE_OCEAN -DMPAS_NAMELIST_SUFFIX=ocean -DMPAS_EXE_NAME=ocean_model -DMPAS_NATIVE_TIMERS -DMPAS_GIT_VERSION=unknown -O3 -m64 -ffree-line-length-none -fconvert=big-endian -ffree-form -fdefault-real-8 -fdefault-double-8 -c mpas_ocn_tracer_ecosys.F -I/global/u2/h/hgkang/my_programs/ParallelIO_1.9.23/build/pio -I/global/u2/h/hgkang/my_programs/ParallelIO_1.9.23/build/pio -I/global/u2/h/hgkang/MPAS/MPAS-Model-6.0/src/core_ocean/driver  -I/global/u2/h/hgkang/MPAS/MPAS-Model-6.0/src/core_ocean/mode_forward -I/global/u2/h/hgkang/MPAS/MPAS-Model-6.0/src/core_ocean/mode_analysis -I/global/u2/h/hgkang/MPAS/MPAS-Model-6.0/src/core_ocean/mode_init -I/global/u2/h/hgkang/MPAS/MPAS-Model-6.0/src/core_ocean/shared -I/global/u2/h/hgkang/MPAS/MPAS-Model-6.0/src/core_ocean/analysis_members -I/global/u2/h/hgkang/MPAS/MPAS-Model-6.0/src/core_ocean/cvmix -I/global/u2/h/hgkang/MPAS/MPAS-Model-6.0/src/core_ocean/BGC -I/global/homes/h/hgkang/MPAS/MPAS-Model-6.0/src/core_ocean/../framework -I/global/homes/h/hgkang/MPAS/MPAS-Model-6.0/src/core_ocean/../external/esmf_time_f90 -I/global/homes/h/hgkang/MPAS/MPAS-Model-6.0/src/core_ocean/../operators -I/global/homes/h/hgkang/MPAS/MPAS-Model-6.0/src/core_ocean/BGC -I/global/homes/h/hgkang/MPAS/MPAS-Model-6.0/src/core_ocean/shared -I/global/homes/h/hgkang/MPAS/MPAS-Model-6.0/src/core_ocean/analysis_members -I/global/homes/h/hgkang/MPAS/MPAS-Model-6.0/src/core_ocean/cvmix -I/global/homes/h/hgkang/MPAS/MPAS-Model-6.0/src/core_ocean/mode_forward -I/global/homes/h/hgkang/MPAS/MPAS-Model-6.0/src/core_ocean/mode_analysis -I/global/homes/h/hgkang/MPAS/MPAS-Model-6.0/src/core_ocean/mode_init
rm -f mpas_ocn_tracer_DMS.o mpas_ocn_tracer_DMS.mod
ftn -DUNDERSCORE -D_MPI   -DCORE_OCEAN -DMPAS_NAMELIST_SUFFIX=ocean -DMPAS_EXE_NAME=ocean_model -DMPAS_NATIVE_TIMERS -DMPAS_GIT_VERSION=unknown -O3 -m64 -ffree-line-length-none -fconvert=big-endian -ffree-form -fdefault-real-8 -fdefault-double-8 -c mpas_ocn_tracer_DMS.F -I/global/u2/h/hgkang/my_programs/ParallelIO_1.9.23/build/pio -I/global/u2/h/hgkang/my_programs/ParallelIO_1.9.23/build/pio -I/global/u2/h/hgkang/MPAS/MPAS-Model-6.0/src/core_ocean/driver  -I/global/u2/h/hgkang/MPAS/MPAS-Model-6.0/src/core_ocean/mode_forward -I/global/u2/h/hgkang/MPAS/MPAS-Model-6.0/src/core_ocean/mode_analysis -I/global/u2/h/hgkang/MPAS/MPAS-Model-6.0/src/core_ocean/mode_init -I/global/u2/h/hgkang/MPAS/MPAS-Model-6.0/src/core_ocean/shared -I/global/u2/h/hgkang/MPAS/MPAS-Model-6.0/src/core_ocean/analysis_members -I/global/u2/h/hgkang/MPAS/MPAS-Model-6.0/src/core_ocean/cvmix -I/global/u2/h/hgkang/MPAS/MPAS-Model-6.0/src/core_ocean/BGC -I/global/homes/h/hgkang/MPAS/MPAS-Model-6.0/src/core_ocean/../framework -I/global/homes/h/hgkang/MPAS/MPAS-Model-6.0/src/core_ocean/../external/esmf_time_f90 -I/global/homes/h/hgkang/MPAS/MPAS-Model-6.0/src/core_ocean/../operators -I/global/homes/h/hgkang/MPAS/MPAS-Model-6.0/src/core_ocean/BGC -I/global/homes/h/hgkang/MPAS/MPAS-Model-6.0/src/core_ocean/shared -I/global/homes/h/hgkang/MPAS/MPAS-Model-6.0/src/core_ocean/analysis_members -I/global/homes/h/hgkang/MPAS/MPAS-Model-6.0/src/core_ocean/cvmix -I/global/homes/h/hgkang/MPAS/MPAS-Model-6.0/src/core_ocean/mode_forward -I/global/homes/h/hgkang/MPAS/MPAS-Model-6.0/src/core_ocean/mode_analysis -I/global/homes/h/hgkang/MPAS/MPAS-Model-6.0/src/core_ocean/mode_init
rm -f mpas_ocn_tracer_MacroMolecules.o mpas_ocn_tracer_MacroMolecules.mod
ftn -DUNDERSCORE -D_MPI   -DCORE_OCEAN -DMPAS_NAMELIST_SUFFIX=ocean -DMPAS_EXE_NAME=ocean_model -DMPAS_NATIVE_TIMERS -DMPAS_GIT_VERSION=unknown -O3 -m64 -ffree-line-length-none -fconvert=big-endian -ffree-form -fdefault-real-8 -fdefault-double-8 -c mpas_ocn_tracer_MacroMolecules.F -I/global/u2/h/hgkang/my_programs/ParallelIO_1.9.23/build/pio -I/global/u2/h/hgkang/my_programs/ParallelIO_1.9.23/build/pio -I/global/u2/h/hgkang/MPAS/MPAS-Model-6.0/src/core_ocean/driver  -I/global/u2/h/hgkang/MPAS/MPAS-Model-6.0/src/core_ocean/mode_forward -I/global/u2/h/hgkang/MPAS/MPAS-Model-6.0/src/core_ocean/mode_analysis -I/global/u2/h/hgkang/MPAS/MPAS-Model-6.0/src/core_ocean/mode_init -I/global/u2/h/hgkang/MPAS/MPAS-Model-6.0/src/core_ocean/shared -I/global/u2/h/hgkang/MPAS/MPAS-Model-6.0/src/core_ocean/analysis_members -I/global/u2/h/hgkang/MPAS/MPAS-Model-6.0/src/core_ocean/cvmix -I/global/u2/h/hgkang/MPAS/MPAS-Model-6.0/src/core_ocean/BGC -I/global/homes/h/hgkang/MPAS/MPAS-Model-6.0/src/core_ocean/../framework -I/global/homes/h/hgkang/MPAS/MPAS-Model-6.0/src/core_ocean/../external/esmf_time_f90 -I/global/homes/h/hgkang/MPAS/MPAS-Model-6.0/src/core_ocean/../operators -I/global/homes/h/hgkang/MPAS/MPAS-Model-6.0/src/core_ocean/BGC -I/global/homes/h/hgkang/MPAS/MPAS-Model-6.0/src/core_ocean/shared -I/global/homes/h/hgkang/MPAS/MPAS-Model-6.0/src/core_ocean/analysis_members -I/global/homes/h/hgkang/MPAS/MPAS-Model-6.0/src/core_ocean/cvmix -I/global/homes/h/hgkang/MPAS/MPAS-Model-6.0/src/core_ocean/mode_forward -I/global/homes/h/hgkang/MPAS/MPAS-Model-6.0/src/core_ocean/mode_analysis -I/global/homes/h/hgkang/MPAS/MPAS-Model-6.0/src/core_ocean/mode_init
rm -f mpas_ocn_tendency.o mpas_ocn_tendency.mod
ftn -DUNDERSCORE -D_MPI   -DCORE_OCEAN -DMPAS_NAMELIST_SUFFIX=ocean -DMPAS_EXE_NAME=ocean_model -DMPAS_NATIVE_TIMERS -DMPAS_GIT_VERSION=unknown -O3 -m64 -ffree-line-length-none -fconvert=big-endian -ffree-form -fdefault-real-8 -fdefault-double-8 -c mpas_ocn_tendency.F -I/global/u2/h/hgkang/my_programs/ParallelIO_1.9.23/build/pio -I/global/u2/h/hgkang/my_programs/ParallelIO_1.9.23/build/pio -I/global/u2/h/hgkang/MPAS/MPAS-Model-6.0/src/core_ocean/driver  -I/global/u2/h/hgkang/MPAS/MPAS-Model-6.0/src/core_ocean/mode_forward -I/global/u2/h/hgkang/MPAS/MPAS-Model-6.0/src/core_ocean/mode_analysis -I/global/u2/h/hgkang/MPAS/MPAS-Model-6.0/src/core_ocean/mode_init -I/global/u2/h/hgkang/MPAS/MPAS-Model-6.0/src/core_ocean/shared -I/global/u2/h/hgkang/MPAS/MPAS-Model-6.0/src/core_ocean/analysis_members -I/global/u2/h/hgkang/MPAS/MPAS-Model-6.0/src/core_ocean/cvmix -I/global/u2/h/hgkang/MPAS/MPAS-Model-6.0/src/core_ocean/BGC -I/global/homes/h/hgkang/MPAS/MPAS-Model-6.0/src/core_ocean/../framework -I/global/homes/h/hgkang/MPAS/MPAS-Model-6.0/src/core_ocean/../external/esmf_time_f90 -I/global/homes/h/hgkang/MPAS/MPAS-Model-6.0/src/core_ocean/../operators -I/global/homes/h/hgkang/MPAS/MPAS-Model-6.0/src/core_ocean/BGC -I/global/homes/h/hgkang/MPAS/MPAS-Model-6.0/src/core_ocean/shared -I/global/homes/h/hgkang/MPAS/MPAS-Model-6.0/src/core_ocean/analysis_members -I/global/homes/h/hgkang/MPAS/MPAS-Model-6.0/src/core_ocean/cvmix -I/global/homes/h/hgkang/MPAS/MPAS-Model-6.0/src/core_ocean/mode_forward -I/global/homes/h/hgkang/MPAS/MPAS-Model-6.0/src/core_ocean/mode_analysis -I/global/homes/h/hgkang/MPAS/MPAS-Model-6.0/src/core_ocean/mode_init
rm -f mpas_ocn_test.o mpas_ocn_test.mod
ftn -DUNDERSCORE -D_MPI   -DCORE_OCEAN -DMPAS_NAMELIST_SUFFIX=ocean -DMPAS_EXE_NAME=ocean_model -DMPAS_NATIVE_TIMERS -DMPAS_GIT_VERSION=unknown -O3 -m64 -ffree-line-length-none -fconvert=big-endian -ffree-form -fdefault-real-8 -fdefault-double-8 -c mpas_ocn_test.F -I/global/u2/h/hgkang/my_programs/ParallelIO_1.9.23/build/pio -I/global/u2/h/hgkang/my_programs/ParallelIO_1.9.23/build/pio -I/global/u2/h/hgkang/MPAS/MPAS-Model-6.0/src/core_ocean/driver  -I/global/u2/h/hgkang/MPAS/MPAS-Model-6.0/src/core_ocean/mode_forward -I/global/u2/h/hgkang/MPAS/MPAS-Model-6.0/src/core_ocean/mode_analysis -I/global/u2/h/hgkang/MPAS/MPAS-Model-6.0/src/core_ocean/mode_init -I/global/u2/h/hgkang/MPAS/MPAS-Model-6.0/src/core_ocean/shared -I/global/u2/h/hgkang/MPAS/MPAS-Model-6.0/src/core_ocean/analysis_members -I/global/u2/h/hgkang/MPAS/MPAS-Model-6.0/src/core_ocean/cvmix -I/global/u2/h/hgkang/MPAS/MPAS-Model-6.0/src/core_ocean/BGC -I/global/homes/h/hgkang/MPAS/MPAS-Model-6.0/src/core_ocean/../framework -I/global/homes/h/hgkang/MPAS/MPAS-Model-6.0/src/core_ocean/../external/esmf_time_f90 -I/global/homes/h/hgkang/MPAS/MPAS-Model-6.0/src/core_ocean/../operators -I/global/homes/h/hgkang/MPAS/MPAS-Model-6.0/src/core_ocean/BGC -I/global/homes/h/hgkang/MPAS/MPAS-Model-6.0/src/core_ocean/shared -I/global/homes/h/hgkang/MPAS/MPAS-Model-6.0/src/core_ocean/analysis_members -I/global/homes/h/hgkang/MPAS/MPAS-Model-6.0/src/core_ocean/cvmix -I/global/homes/h/hgkang/MPAS/MPAS-Model-6.0/src/core_ocean/mode_forward -I/global/homes/h/hgkang/MPAS/MPAS-Model-6.0/src/core_ocean/mode_analysis -I/global/homes/h/hgkang/MPAS/MPAS-Model-6.0/src/core_ocean/mode_init
rm -f mpas_ocn_effective_density_in_land_ice.o mpas_ocn_effective_density_in_land_ice.mod
ftn -DUNDERSCORE -D_MPI   -DCORE_OCEAN -DMPAS_NAMELIST_SUFFIX=ocean -DMPAS_EXE_NAME=ocean_model -DMPAS_NATIVE_TIMERS -DMPAS_GIT_VERSION=unknown -O3 -m64 -ffree-line-length-none -fconvert=big-endian -ffree-form -fdefault-real-8 -fdefault-double-8 -c mpas_ocn_effective_density_in_land_ice.F -I/global/u2/h/hgkang/my_programs/ParallelIO_1.9.23/build/pio -I/global/u2/h/hgkang/my_programs/ParallelIO_1.9.23/build/pio -I/global/u2/h/hgkang/MPAS/MPAS-Model-6.0/src/core_ocean/driver  -I/global/u2/h/hgkang/MPAS/MPAS-Model-6.0/src/core_ocean/mode_forward -I/global/u2/h/hgkang/MPAS/MPAS-Model-6.0/src/core_ocean/mode_analysis -I/global/u2/h/hgkang/MPAS/MPAS-Model-6.0/src/core_ocean/mode_init -I/global/u2/h/hgkang/MPAS/MPAS-Model-6.0/src/core_ocean/shared -I/global/u2/h/hgkang/MPAS/MPAS-Model-6.0/src/core_ocean/analysis_members -I/global/u2/h/hgkang/MPAS/MPAS-Model-6.0/src/core_ocean/cvmix -I/global/u2/h/hgkang/MPAS/MPAS-Model-6.0/src/core_ocean/BGC -I/global/homes/h/hgkang/MPAS/MPAS-Model-6.0/src/core_ocean/../framework -I/global/homes/h/hgkang/MPAS/MPAS-Model-6.0/src/core_ocean/../external/esmf_time_f90 -I/global/homes/h/hgkang/MPAS/MPAS-Model-6.0/src/core_ocean/../operators -I/global/homes/h/hgkang/MPAS/MPAS-Model-6.0/src/core_ocean/BGC -I/global/homes/h/hgkang/MPAS/MPAS-Model-6.0/src/core_ocean/shared -I/global/homes/h/hgkang/MPAS/MPAS-Model-6.0/src/core_ocean/analysis_members -I/global/homes/h/hgkang/MPAS/MPAS-Model-6.0/src/core_ocean/cvmix -I/global/homes/h/hgkang/MPAS/MPAS-Model-6.0/src/core_ocean/mode_forward -I/global/homes/h/hgkang/MPAS/MPAS-Model-6.0/src/core_ocean/mode_analysis -I/global/homes/h/hgkang/MPAS/MPAS-Model-6.0/src/core_ocean/mode_init
rm -f mpas_ocn_time_average_coupled.o mpas_ocn_time_average_coupled.mod
ftn -DUNDERSCORE -D_MPI   -DCORE_OCEAN -DMPAS_NAMELIST_SUFFIX=ocean -DMPAS_EXE_NAME=ocean_model -DMPAS_NATIVE_TIMERS -DMPAS_GIT_VERSION=unknown -O3 -m64 -ffree-line-length-none -fconvert=big-endian -ffree-form -fdefault-real-8 -fdefault-double-8 -c mpas_ocn_time_average_coupled.F -I/global/u2/h/hgkang/my_programs/ParallelIO_1.9.23/build/pio -I/global/u2/h/hgkang/my_programs/ParallelIO_1.9.23/build/pio -I/global/u2/h/hgkang/MPAS/MPAS-Model-6.0/src/core_ocean/driver  -I/global/u2/h/hgkang/MPAS/MPAS-Model-6.0/src/core_ocean/mode_forward -I/global/u2/h/hgkang/MPAS/MPAS-Model-6.0/src/core_ocean/mode_analysis -I/global/u2/h/hgkang/MPAS/MPAS-Model-6.0/src/core_ocean/mode_init -I/global/u2/h/hgkang/MPAS/MPAS-Model-6.0/src/core_ocean/shared -I/global/u2/h/hgkang/MPAS/MPAS-Model-6.0/src/core_ocean/analysis_members -I/global/u2/h/hgkang/MPAS/MPAS-Model-6.0/src/core_ocean/cvmix -I/global/u2/h/hgkang/MPAS/MPAS-Model-6.0/src/core_ocean/BGC -I/global/homes/h/hgkang/MPAS/MPAS-Model-6.0/src/core_ocean/../framework -I/global/homes/h/hgkang/MPAS/MPAS-Model-6.0/src/core_ocean/../external/esmf_time_f90 -I/global/homes/h/hgkang/MPAS/MPAS-Model-6.0/src/core_ocean/../operators -I/global/homes/h/hgkang/MPAS/MPAS-Model-6.0/src/core_ocean/BGC -I/global/homes/h/hgkang/MPAS/MPAS-Model-6.0/src/core_ocean/shared -I/global/homes/h/hgkang/MPAS/MPAS-Model-6.0/src/core_ocean/analysis_members -I/global/homes/h/hgkang/MPAS/MPAS-Model-6.0/src/core_ocean/cvmix -I/global/homes/h/hgkang/MPAS/MPAS-Model-6.0/src/core_ocean/mode_forward -I/global/homes/h/hgkang/MPAS/MPAS-Model-6.0/src/core_ocean/mode_analysis -I/global/homes/h/hgkang/MPAS/MPAS-Model-6.0/src/core_ocean/mode_init
rm -f mpas_ocn_sea_ice.o mpas_ocn_sea_ice.mod
ftn -DUNDERSCORE -D_MPI   -DCORE_OCEAN -DMPAS_NAMELIST_SUFFIX=ocean -DMPAS_EXE_NAME=ocean_model -DMPAS_NATIVE_TIMERS -DMPAS_GIT_VERSION=unknown -O3 -m64 -ffree-line-length-none -fconvert=big-endian -ffree-form -fdefault-real-8 -fdefault-double-8 -c mpas_ocn_sea_ice.F -I/global/u2/h/hgkang/my_programs/ParallelIO_1.9.23/build/pio -I/global/u2/h/hgkang/my_programs/ParallelIO_1.9.23/build/pio -I/global/u2/h/hgkang/MPAS/MPAS-Model-6.0/src/core_ocean/driver  -I/global/u2/h/hgkang/MPAS/MPAS-Model-6.0/src/core_ocean/mode_forward -I/global/u2/h/hgkang/MPAS/MPAS-Model-6.0/src/core_ocean/mode_analysis -I/global/u2/h/hgkang/MPAS/MPAS-Model-6.0/src/core_ocean/mode_init -I/global/u2/h/hgkang/MPAS/MPAS-Model-6.0/src/core_ocean/shared -I/global/u2/h/hgkang/MPAS/MPAS-Model-6.0/src/core_ocean/analysis_members -I/global/u2/h/hgkang/MPAS/MPAS-Model-6.0/src/core_ocean/cvmix -I/global/u2/h/hgkang/MPAS/MPAS-Model-6.0/src/core_ocean/BGC -I/global/homes/h/hgkang/MPAS/MPAS-Model-6.0/src/core_ocean/../framework -I/global/homes/h/hgkang/MPAS/MPAS-Model-6.0/src/core_ocean/../external/esmf_time_f90 -I/global/homes/h/hgkang/MPAS/MPAS-Model-6.0/src/core_ocean/../operators -I/global/homes/h/hgkang/MPAS/MPAS-Model-6.0/src/core_ocean/BGC -I/global/homes/h/hgkang/MPAS/MPAS-Model-6.0/src/core_ocean/shared -I/global/homes/h/hgkang/MPAS/MPAS-Model-6.0/src/core_ocean/analysis_members -I/global/homes/h/hgkang/MPAS/MPAS-Model-6.0/src/core_ocean/cvmix -I/global/homes/h/hgkang/MPAS/MPAS-Model-6.0/src/core_ocean/mode_forward -I/global/homes/h/hgkang/MPAS/MPAS-Model-6.0/src/core_ocean/mode_analysis -I/global/homes/h/hgkang/MPAS/MPAS-Model-6.0/src/core_ocean/mode_init
make[4]: Leaving directory '/global/u2/h/hgkang/MPAS/MPAS-Model-6.0/src/core_ocean/shared'
( cd analysis_members; make FCINCLUDES="-I/global/u2/h/hgkang/my_programs/ParallelIO_1.9.23/build/pio -I/global/u2/h/hgkang/MPAS/MPAS-Model-6.0/src/core_ocean/driver  -I/global/u2/h/hgkang/MPAS/MPAS-Model-6.0/src/core_ocean/mode_forward -I/global/u2/h/hgkang/MPAS/MPAS-Model-6.0/src/core_ocean/mode_analysis -I/global/u2/h/hgkang/MPAS/MPAS-Model-6.0/src/core_ocean/mode_init -I/global/u2/h/hgkang/MPAS/MPAS-Model-6.0/src/core_ocean/shared -I/global/u2/h/hgkang/MPAS/MPAS-Model-6.0/src/core_ocean/analysis_members -I/global/u2/h/hgkang/MPAS/MPAS-Model-6.0/src/core_ocean/cvmix -I/global/u2/h/hgkang/MPAS/MPAS-Model-6.0/src/core_ocean/BGC -I/global/homes/h/hgkang/MPAS/MPAS-Model-6.0/src/core_ocean/../framework -I/global/homes/h/hgkang/MPAS/MPAS-Model-6.0/src/core_ocean/../external/esmf_time_f90 -I/global/homes/h/hgkang/MPAS/MPAS-Model-6.0/src/core_ocean/../operators -I/global/homes/h/hgkang/MPAS/MPAS-Model-6.0/src/core_ocean/BGC -I/global/homes/h/hgkang/MPAS/MPAS-Model-6.0/src/core_ocean/shared -I/global/homes/h/hgkang/MPAS/MPAS-Model-6.0/src/core_ocean/analysis_members -I/global/homes/h/hgkang/MPAS/MPAS-Model-6.0/src/core_ocean/cvmix -I/global/homes/h/hgkang/MPAS/MPAS-Model-6.0/src/core_ocean/mode_forward -I/global/homes/h/hgkang/MPAS/MPAS-Model-6.0/src/core_ocean/mode_analysis -I/global/homes/h/hgkang/MPAS/MPAS-Model-6.0/src/core_ocean/mode_init" CPPFLAGS="-DUNDERSCORE -D_MPI   -DCORE_OCEAN -DMPAS_NAMELIST_SUFFIX=ocean -DMPAS_EXE_NAME=ocean_model -DMPAS_NATIVE_TIMERS -DMPAS_GIT_VERSION=unknown" CPPINCLUDES="-I/global/u2/h/hgkang/my_programs/ParallelIO_1.9.23/build/pio" all ) 
make[4]: Entering directory '/global/u2/h/hgkang/MPAS/MPAS-Model-6.0/src/core_ocean/analysis_members'
rm -f mpas_ocn_global_stats.o mpas_ocn_global_stats.mod
ftn -DUNDERSCORE -D_MPI   -DCORE_OCEAN -DMPAS_NAMELIST_SUFFIX=ocean -DMPAS_EXE_NAME=ocean_model -DMPAS_NATIVE_TIMERS -DMPAS_GIT_VERSION=unknown -O3 -m64 -ffree-line-length-none -fconvert=big-endian -ffree-form -fdefault-real-8 -fdefault-double-8 -c mpas_ocn_global_stats.F -I/global/u2/h/hgkang/my_programs/ParallelIO_1.9.23/build/pio -I/global/u2/h/hgkang/my_programs/ParallelIO_1.9.23/build/pio -I/global/u2/h/hgkang/MPAS/MPAS-Model-6.0/src/core_ocean/driver  -I/global/u2/h/hgkang/MPAS/MPAS-Model-6.0/src/core_ocean/mode_forward -I/global/u2/h/hgkang/MPAS/MPAS-Model-6.0/src/core_ocean/mode_analysis -I/global/u2/h/hgkang/MPAS/MPAS-Model-6.0/src/core_ocean/mode_init -I/global/u2/h/hgkang/MPAS/MPAS-Model-6.0/src/core_ocean/shared -I/global/u2/h/hgkang/MPAS/MPAS-Model-6.0/src/core_ocean/analysis_members -I/global/u2/h/hgkang/MPAS/MPAS-Model-6.0/src/core_ocean/cvmix -I/global/u2/h/hgkang/MPAS/MPAS-Model-6.0/src/core_ocean/BGC -I/global/homes/h/hgkang/MPAS/MPAS-Model-6.0/src/core_ocean/../framework -I/global/homes/h/hgkang/MPAS/MPAS-Model-6.0/src/core_ocean/../external/esmf_time_f90 -I/global/homes/h/hgkang/MPAS/MPAS-Model-6.0/src/core_ocean/../operators -I/global/homes/h/hgkang/MPAS/MPAS-Model-6.0/src/core_ocean/BGC -I/global/homes/h/hgkang/MPAS/MPAS-Model-6.0/src/core_ocean/shared -I/global/homes/h/hgkang/MPAS/MPAS-Model-6.0/src/core_ocean/analysis_members -I/global/homes/h/hgkang/MPAS/MPAS-Model-6.0/src/core_ocean/cvmix -I/global/homes/h/hgkang/MPAS/MPAS-Model-6.0/src/core_ocean/mode_forward -I/global/homes/h/hgkang/MPAS/MPAS-Model-6.0/src/core_ocean/mode_analysis -I/global/homes/h/hgkang/MPAS/MPAS-Model-6.0/src/core_ocean/mode_init
cc -DUNDERSCORE -D_MPI   -DCORE_OCEAN -DMPAS_NAMELIST_SUFFIX=ocean -DMPAS_EXE_NAME=ocean_model -DMPAS_NATIVE_TIMERS -DMPAS_GIT_VERSION=unknown -O3 -m64  -c mpas_ocn_okubo_weiss_eigenvalues.c
rm -f mpas_ocn_okubo_weiss.o mpas_ocn_okubo_weiss.mod
ftn -DUNDERSCORE -D_MPI   -DCORE_OCEAN -DMPAS_NAMELIST_SUFFIX=ocean -DMPAS_EXE_NAME=ocean_model -DMPAS_NATIVE_TIMERS -DMPAS_GIT_VERSION=unknown -O3 -m64 -ffree-line-length-none -fconvert=big-endian -ffree-form -fdefault-real-8 -fdefault-double-8 -c mpas_ocn_okubo_weiss.F -I/global/u2/h/hgkang/my_programs/ParallelIO_1.9.23/build/pio -I/global/u2/h/hgkang/my_programs/ParallelIO_1.9.23/build/pio -I/global/u2/h/hgkang/MPAS/MPAS-Model-6.0/src/core_ocean/driver  -I/global/u2/h/hgkang/MPAS/MPAS-Model-6.0/src/core_ocean/mode_forward -I/global/u2/h/hgkang/MPAS/MPAS-Model-6.0/src/core_ocean/mode_analysis -I/global/u2/h/hgkang/MPAS/MPAS-Model-6.0/src/core_ocean/mode_init -I/global/u2/h/hgkang/MPAS/MPAS-Model-6.0/src/core_ocean/shared -I/global/u2/h/hgkang/MPAS/MPAS-Model-6.0/src/core_ocean/analysis_members -I/global/u2/h/hgkang/MPAS/MPAS-Model-6.0/src/core_ocean/cvmix -I/global/u2/h/hgkang/MPAS/MPAS-Model-6.0/src/core_ocean/BGC -I/global/homes/h/hgkang/MPAS/MPAS-Model-6.0/src/core_ocean/../framework -I/global/homes/h/hgkang/MPAS/MPAS-Model-6.0/src/core_ocean/../external/esmf_time_f90 -I/global/homes/h/hgkang/MPAS/MPAS-Model-6.0/src/core_ocean/../operators -I/global/homes/h/hgkang/MPAS/MPAS-Model-6.0/src/core_ocean/BGC -I/global/homes/h/hgkang/MPAS/MPAS-Model-6.0/src/core_ocean/shared -I/global/homes/h/hgkang/MPAS/MPAS-Model-6.0/src/core_ocean/analysis_members -I/global/homes/h/hgkang/MPAS/MPAS-Model-6.0/src/core_ocean/cvmix -I/global/homes/h/hgkang/MPAS/MPAS-Model-6.0/src/core_ocean/mode_forward -I/global/homes/h/hgkang/MPAS/MPAS-Model-6.0/src/core_ocean/mode_analysis -I/global/homes/h/hgkang/MPAS/MPAS-Model-6.0/src/core_ocean/mode_init
rm -f mpas_ocn_layer_volume_weighted_averages.o mpas_ocn_layer_volume_weighted_averages.mod
ftn -DUNDERSCORE -D_MPI   -DCORE_OCEAN -DMPAS_NAMELIST_SUFFIX=ocean -DMPAS_EXE_NAME=ocean_model -DMPAS_NATIVE_TIMERS -DMPAS_GIT_VERSION=unknown -O3 -m64 -ffree-line-length-none -fconvert=big-endian -ffree-form -fdefault-real-8 -fdefault-double-8 -c mpas_ocn_layer_volume_weighted_averages.F -I/global/u2/h/hgkang/my_programs/ParallelIO_1.9.23/build/pio -I/global/u2/h/hgkang/my_programs/ParallelIO_1.9.23/build/pio -I/global/u2/h/hgkang/MPAS/MPAS-Model-6.0/src/core_ocean/driver  -I/global/u2/h/hgkang/MPAS/MPAS-Model-6.0/src/core_ocean/mode_forward -I/global/u2/h/hgkang/MPAS/MPAS-Model-6.0/src/core_ocean/mode_analysis -I/global/u2/h/hgkang/MPAS/MPAS-Model-6.0/src/core_ocean/mode_init -I/global/u2/h/hgkang/MPAS/MPAS-Model-6.0/src/core_ocean/shared -I/global/u2/h/hgkang/MPAS/MPAS-Model-6.0/src/core_ocean/analysis_members -I/global/u2/h/hgkang/MPAS/MPAS-Model-6.0/src/core_ocean/cvmix -I/global/u2/h/hgkang/MPAS/MPAS-Model-6.0/src/core_ocean/BGC -I/global/homes/h/hgkang/MPAS/MPAS-Model-6.0/src/core_ocean/../framework -I/global/homes/h/hgkang/MPAS/MPAS-Model-6.0/src/core_ocean/../external/esmf_time_f90 -I/global/homes/h/hgkang/MPAS/MPAS-Model-6.0/src/core_ocean/../operators -I/global/homes/h/hgkang/MPAS/MPAS-Model-6.0/src/core_ocean/BGC -I/global/homes/h/hgkang/MPAS/MPAS-Model-6.0/src/core_ocean/shared -I/global/homes/h/hgkang/MPAS/MPAS-Model-6.0/src/core_ocean/analysis_members -I/global/homes/h/hgkang/MPAS/MPAS-Model-6.0/src/core_ocean/cvmix -I/global/homes/h/hgkang/MPAS/MPAS-Model-6.0/src/core_ocean/mode_forward -I/global/homes/h/hgkang/MPAS/MPAS-Model-6.0/src/core_ocean/mode_analysis -I/global/homes/h/hgkang/MPAS/MPAS-Model-6.0/src/core_ocean/mode_init
rm -f mpas_ocn_surface_area_weighted_averages.o mpas_ocn_surface_area_weighted_averages.mod
ftn -DUNDERSCORE -D_MPI   -DCORE_OCEAN -DMPAS_NAMELIST_SUFFIX=ocean -DMPAS_EXE_NAME=ocean_model -DMPAS_NATIVE_TIMERS -DMPAS_GIT_VERSION=unknown -O3 -m64 -ffree-line-length-none -fconvert=big-endian -ffree-form -fdefault-real-8 -fdefault-double-8 -c mpas_ocn_surface_area_weighted_averages.F -I/global/u2/h/hgkang/my_programs/ParallelIO_1.9.23/build/pio -I/global/u2/h/hgkang/my_programs/ParallelIO_1.9.23/build/pio -I/global/u2/h/hgkang/MPAS/MPAS-Model-6.0/src/core_ocean/driver  -I/global/u2/h/hgkang/MPAS/MPAS-Model-6.0/src/core_ocean/mode_forward -I/global/u2/h/hgkang/MPAS/MPAS-Model-6.0/src/core_ocean/mode_analysis -I/global/u2/h/hgkang/MPAS/MPAS-Model-6.0/src/core_ocean/mode_init -I/global/u2/h/hgkang/MPAS/MPAS-Model-6.0/src/core_ocean/shared -I/global/u2/h/hgkang/MPAS/MPAS-Model-6.0/src/core_ocean/analysis_members -I/global/u2/h/hgkang/MPAS/MPAS-Model-6.0/src/core_ocean/cvmix -I/global/u2/h/hgkang/MPAS/MPAS-Model-6.0/src/core_ocean/BGC -I/global/homes/h/hgkang/MPAS/MPAS-Model-6.0/src/core_ocean/../framework -I/global/homes/h/hgkang/MPAS/MPAS-Model-6.0/src/core_ocean/../external/esmf_time_f90 -I/global/homes/h/hgkang/MPAS/MPAS-Model-6.0/src/core_ocean/../operators -I/global/homes/h/hgkang/MPAS/MPAS-Model-6.0/src/core_ocean/BGC -I/global/homes/h/hgkang/MPAS/MPAS-Model-6.0/src/core_ocean/shared -I/global/homes/h/hgkang/MPAS/MPAS-Model-6.0/src/core_ocean/analysis_members -I/global/homes/h/hgkang/MPAS/MPAS-Model-6.0/src/core_ocean/cvmix -I/global/homes/h/hgkang/MPAS/MPAS-Model-6.0/src/core_ocean/mode_forward -I/global/homes/h/hgkang/MPAS/MPAS-Model-6.0/src/core_ocean/mode_analysis -I/global/homes/h/hgkang/MPAS/MPAS-Model-6.0/src/core_ocean/mode_init
rm -f mpas_ocn_water_mass_census.o mpas_ocn_water_mass_census.mod
ftn -DUNDERSCORE -D_MPI   -DCORE_OCEAN -DMPAS_NAMELIST_SUFFIX=ocean -DMPAS_EXE_NAME=ocean_model -DMPAS_NATIVE_TIMERS -DMPAS_GIT_VERSION=unknown -O3 -m64 -ffree-line-length-none -fconvert=big-endian -ffree-form -fdefault-real-8 -fdefault-double-8 -c mpas_ocn_water_mass_census.F -I/global/u2/h/hgkang/my_programs/ParallelIO_1.9.23/build/pio -I/global/u2/h/hgkang/my_programs/ParallelIO_1.9.23/build/pio -I/global/u2/h/hgkang/MPAS/MPAS-Model-6.0/src/core_ocean/driver  -I/global/u2/h/hgkang/MPAS/MPAS-Model-6.0/src/core_ocean/mode_forward -I/global/u2/h/hgkang/MPAS/MPAS-Model-6.0/src/core_ocean/mode_analysis -I/global/u2/h/hgkang/MPAS/MPAS-Model-6.0/src/core_ocean/mode_init -I/global/u2/h/hgkang/MPAS/MPAS-Model-6.0/src/core_ocean/shared -I/global/u2/h/hgkang/MPAS/MPAS-Model-6.0/src/core_ocean/analysis_members -I/global/u2/h/hgkang/MPAS/MPAS-Model-6.0/src/core_ocean/cvmix -I/global/u2/h/hgkang/MPAS/MPAS-Model-6.0/src/core_ocean/BGC -I/global/homes/h/hgkang/MPAS/MPAS-Model-6.0/src/core_ocean/../framework -I/global/homes/h/hgkang/MPAS/MPAS-Model-6.0/src/core_ocean/../external/esmf_time_f90 -I/global/homes/h/hgkang/MPAS/MPAS-Model-6.0/src/core_ocean/../operators -I/global/homes/h/hgkang/MPAS/MPAS-Model-6.0/src/core_ocean/BGC -I/global/homes/h/hgkang/MPAS/MPAS-Model-6.0/src/core_ocean/shared -I/global/homes/h/hgkang/MPAS/MPAS-Model-6.0/src/core_ocean/analysis_members -I/global/homes/h/hgkang/MPAS/MPAS-Model-6.0/src/core_ocean/cvmix -I/global/homes/h/hgkang/MPAS/MPAS-Model-6.0/src/core_ocean/mode_forward -I/global/homes/h/hgkang/MPAS/MPAS-Model-6.0/src/core_ocean/mode_analysis -I/global/homes/h/hgkang/MPAS/MPAS-Model-6.0/src/core_ocean/mode_init
rm -f mpas_ocn_meridional_heat_transport.o mpas_ocn_meridional_heat_transport.mod
ftn -DUNDERSCORE -D_MPI   -DCORE_OCEAN -DMPAS_NAMELIST_SUFFIX=ocean -DMPAS_EXE_NAME=ocean_model -DMPAS_NATIVE_TIMERS -DMPAS_GIT_VERSION=unknown -O3 -m64 -ffree-line-length-none -fconvert=big-endian -ffree-form -fdefault-real-8 -fdefault-double-8 -c mpas_ocn_meridional_heat_transport.F -I/global/u2/h/hgkang/my_programs/ParallelIO_1.9.23/build/pio -I/global/u2/h/hgkang/my_programs/ParallelIO_1.9.23/build/pio -I/global/u2/h/hgkang/MPAS/MPAS-Model-6.0/src/core_ocean/driver  -I/global/u2/h/hgkang/MPAS/MPAS-Model-6.0/src/core_ocean/mode_forward -I/global/u2/h/hgkang/MPAS/MPAS-Model-6.0/src/core_ocean/mode_analysis -I/global/u2/h/hgkang/MPAS/MPAS-Model-6.0/src/core_ocean/mode_init -I/global/u2/h/hgkang/MPAS/MPAS-Model-6.0/src/core_ocean/shared -I/global/u2/h/hgkang/MPAS/MPAS-Model-6.0/src/core_ocean/analysis_members -I/global/u2/h/hgkang/MPAS/MPAS-Model-6.0/src/core_ocean/cvmix -I/global/u2/h/hgkang/MPAS/MPAS-Model-6.0/src/core_ocean/BGC -I/global/homes/h/hgkang/MPAS/MPAS-Model-6.0/src/core_ocean/../framework -I/global/homes/h/hgkang/MPAS/MPAS-Model-6.0/src/core_ocean/../external/esmf_time_f90 -I/global/homes/h/hgkang/MPAS/MPAS-Model-6.0/src/core_ocean/../operators -I/global/homes/h/hgkang/MPAS/MPAS-Model-6.0/src/core_ocean/BGC -I/global/homes/h/hgkang/MPAS/MPAS-Model-6.0/src/core_ocean/shared -I/global/homes/h/hgkang/MPAS/MPAS-Model-6.0/src/core_ocean/analysis_members -I/global/homes/h/hgkang/MPAS/MPAS-Model-6.0/src/core_ocean/cvmix -I/global/homes/h/hgkang/MPAS/MPAS-Model-6.0/src/core_ocean/mode_forward -I/global/homes/h/hgkang/MPAS/MPAS-Model-6.0/src/core_ocean/mode_analysis -I/global/homes/h/hgkang/MPAS/MPAS-Model-6.0/src/core_ocean/mode_init
rm -f mpas_ocn_test_compute_interval.o mpas_ocn_test_compute_interval.mod
ftn -DUNDERSCORE -D_MPI   -DCORE_OCEAN -DMPAS_NAMELIST_SUFFIX=ocean -DMPAS_EXE_NAME=ocean_model -DMPAS_NATIVE_TIMERS -DMPAS_GIT_VERSION=unknown -O3 -m64 -ffree-line-length-none -fconvert=big-endian -ffree-form -fdefault-real-8 -fdefault-double-8 -c mpas_ocn_test_compute_interval.F -I/global/u2/h/hgkang/my_programs/ParallelIO_1.9.23/build/pio -I/global/u2/h/hgkang/my_programs/ParallelIO_1.9.23/build/pio -I/global/u2/h/hgkang/MPAS/MPAS-Model-6.0/src/core_ocean/driver  -I/global/u2/h/hgkang/MPAS/MPAS-Model-6.0/src/core_ocean/mode_forward -I/global/u2/h/hgkang/MPAS/MPAS-Model-6.0/src/core_ocean/mode_analysis -I/global/u2/h/hgkang/MPAS/MPAS-Model-6.0/src/core_ocean/mode_init -I/global/u2/h/hgkang/MPAS/MPAS-Model-6.0/src/core_ocean/shared -I/global/u2/h/hgkang/MPAS/MPAS-Model-6.0/src/core_ocean/analysis_members -I/global/u2/h/hgkang/MPAS/MPAS-Model-6.0/src/core_ocean/cvmix -I/global/u2/h/hgkang/MPAS/MPAS-Model-6.0/src/core_ocean/BGC -I/global/homes/h/hgkang/MPAS/MPAS-Model-6.0/src/core_ocean/../framework -I/global/homes/h/hgkang/MPAS/MPAS-Model-6.0/src/core_ocean/../external/esmf_time_f90 -I/global/homes/h/hgkang/MPAS/MPAS-Model-6.0/src/core_ocean/../operators -I/global/homes/h/hgkang/MPAS/MPAS-Model-6.0/src/core_ocean/BGC -I/global/homes/h/hgkang/MPAS/MPAS-Model-6.0/src/core_ocean/shared -I/global/homes/h/hgkang/MPAS/MPAS-Model-6.0/src/core_ocean/analysis_members -I/global/homes/h/hgkang/MPAS/MPAS-Model-6.0/src/core_ocean/cvmix -I/global/homes/h/hgkang/MPAS/MPAS-Model-6.0/src/core_ocean/mode_forward -I/global/homes/h/hgkang/MPAS/MPAS-Model-6.0/src/core_ocean/mode_analysis -I/global/homes/h/hgkang/MPAS/MPAS-Model-6.0/src/core_ocean/mode_init
rm -f mpas_ocn_high_frequency_output.o mpas_ocn_high_frequency_output.mod
ftn -DUNDERSCORE -D_MPI   -DCORE_OCEAN -DMPAS_NAMELIST_SUFFIX=ocean -DMPAS_EXE_NAME=ocean_model -DMPAS_NATIVE_TIMERS -DMPAS_GIT_VERSION=unknown -O3 -m64 -ffree-line-length-none -fconvert=big-endian -ffree-form -fdefault-real-8 -fdefault-double-8 -c mpas_ocn_high_frequency_output.F -I/global/u2/h/hgkang/my_programs/ParallelIO_1.9.23/build/pio -I/global/u2/h/hgkang/my_programs/ParallelIO_1.9.23/build/pio -I/global/u2/h/hgkang/MPAS/MPAS-Model-6.0/src/core_ocean/driver  -I/global/u2/h/hgkang/MPAS/MPAS-Model-6.0/src/core_ocean/mode_forward -I/global/u2/h/hgkang/MPAS/MPAS-Model-6.0/src/core_ocean/mode_analysis -I/global/u2/h/hgkang/MPAS/MPAS-Model-6.0/src/core_ocean/mode_init -I/global/u2/h/hgkang/MPAS/MPAS-Model-6.0/src/core_ocean/shared -I/global/u2/h/hgkang/MPAS/MPAS-Model-6.0/src/core_ocean/analysis_members -I/global/u2/h/hgkang/MPAS/MPAS-Model-6.0/src/core_ocean/cvmix -I/global/u2/h/hgkang/MPAS/MPAS-Model-6.0/src/core_ocean/BGC -I/global/homes/h/hgkang/MPAS/MPAS-Model-6.0/src/core_ocean/../framework -I/global/homes/h/hgkang/MPAS/MPAS-Model-6.0/src/core_ocean/../external/esmf_time_f90 -I/global/homes/h/hgkang/MPAS/MPAS-Model-6.0/src/core_ocean/../operators -I/global/homes/h/hgkang/MPAS/MPAS-Model-6.0/src/core_ocean/BGC -I/global/homes/h/hgkang/MPAS/MPAS-Model-6.0/src/core_ocean/shared -I/global/homes/h/hgkang/MPAS/MPAS-Model-6.0/src/core_ocean/analysis_members -I/global/homes/h/hgkang/MPAS/MPAS-Model-6.0/src/core_ocean/cvmix -I/global/homes/h/hgkang/MPAS/MPAS-Model-6.0/src/core_ocean/mode_forward -I/global/homes/h/hgkang/MPAS/MPAS-Model-6.0/src/core_ocean/mode_analysis -I/global/homes/h/hgkang/MPAS/MPAS-Model-6.0/src/core_ocean/mode_init
rm -f mpas_ocn_zonal_mean.o mpas_ocn_zonal_mean.mod
ftn -DUNDERSCORE -D_MPI   -DCORE_OCEAN -DMPAS_NAMELIST_SUFFIX=ocean -DMPAS_EXE_NAME=ocean_model -DMPAS_NATIVE_TIMERS -DMPAS_GIT_VERSION=unknown -O3 -m64 -ffree-line-length-none -fconvert=big-endian -ffree-form -fdefault-real-8 -fdefault-double-8 -c mpas_ocn_zonal_mean.F -I/global/u2/h/hgkang/my_programs/ParallelIO_1.9.23/build/pio -I/global/u2/h/hgkang/my_programs/ParallelIO_1.9.23/build/pio -I/global/u2/h/hgkang/MPAS/MPAS-Model-6.0/src/core_ocean/driver  -I/global/u2/h/hgkang/MPAS/MPAS-Model-6.0/src/core_ocean/mode_forward -I/global/u2/h/hgkang/MPAS/MPAS-Model-6.0/src/core_ocean/mode_analysis -I/global/u2/h/hgkang/MPAS/MPAS-Model-6.0/src/core_ocean/mode_init -I/global/u2/h/hgkang/MPAS/MPAS-Model-6.0/src/core_ocean/shared -I/global/u2/h/hgkang/MPAS/MPAS-Model-6.0/src/core_ocean/analysis_members -I/global/u2/h/hgkang/MPAS/MPAS-Model-6.0/src/core_ocean/cvmix -I/global/u2/h/hgkang/MPAS/MPAS-Model-6.0/src/core_ocean/BGC -I/global/homes/h/hgkang/MPAS/MPAS-Model-6.0/src/core_ocean/../framework -I/global/homes/h/hgkang/MPAS/MPAS-Model-6.0/src/core_ocean/../external/esmf_time_f90 -I/global/homes/h/hgkang/MPAS/MPAS-Model-6.0/src/core_ocean/../operators -I/global/homes/h/hgkang/MPAS/MPAS-Model-6.0/src/core_ocean/BGC -I/global/homes/h/hgkang/MPAS/MPAS-Model-6.0/src/core_ocean/shared -I/global/homes/h/hgkang/MPAS/MPAS-Model-6.0/src/core_ocean/analysis_members -I/global/homes/h/hgkang/MPAS/MPAS-Model-6.0/src/core_ocean/cvmix -I/global/homes/h/hgkang/MPAS/MPAS-Model-6.0/src/core_ocean/mode_forward -I/global/homes/h/hgkang/MPAS/MPAS-Model-6.0/src/core_ocean/mode_analysis -I/global/homes/h/hgkang/MPAS/MPAS-Model-6.0/src/core_ocean/mode_init
rm -f mpas_ocn_lagrangian_particle_tracking_interpolations.o mpas_ocn_lagrangian_particle_tracking_interpolations.mod
ftn -DUNDERSCORE -D_MPI   -DCORE_OCEAN -DMPAS_NAMELIST_SUFFIX=ocean -DMPAS_EXE_NAME=ocean_model -DMPAS_NATIVE_TIMERS -DMPAS_GIT_VERSION=unknown -O3 -m64 -ffree-line-length-none -fconvert=big-endian -ffree-form -fdefault-real-8 -fdefault-double-8 -c mpas_ocn_lagrangian_particle_tracking_interpolations.F -I/global/u2/h/hgkang/my_programs/ParallelIO_1.9.23/build/pio -I/global/u2/h/hgkang/my_programs/ParallelIO_1.9.23/build/pio -I/global/u2/h/hgkang/MPAS/MPAS-Model-6.0/src/core_ocean/driver  -I/global/u2/h/hgkang/MPAS/MPAS-Model-6.0/src/core_ocean/mode_forward -I/global/u2/h/hgkang/MPAS/MPAS-Model-6.0/src/core_ocean/mode_analysis -I/global/u2/h/hgkang/MPAS/MPAS-Model-6.0/src/core_ocean/mode_init -I/global/u2/h/hgkang/MPAS/MPAS-Model-6.0/src/core_ocean/shared -I/global/u2/h/hgkang/MPAS/MPAS-Model-6.0/src/core_ocean/analysis_members -I/global/u2/h/hgkang/MPAS/MPAS-Model-6.0/src/core_ocean/cvmix -I/global/u2/h/hgkang/MPAS/MPAS-Model-6.0/src/core_ocean/BGC -I/global/homes/h/hgkang/MPAS/MPAS-Model-6.0/src/core_ocean/../framework -I/global/homes/h/hgkang/MPAS/MPAS-Model-6.0/src/core_ocean/../external/esmf_time_f90 -I/global/homes/h/hgkang/MPAS/MPAS-Model-6.0/src/core_ocean/../operators -I/global/homes/h/hgkang/MPAS/MPAS-Model-6.0/src/core_ocean/BGC -I/global/homes/h/hgkang/MPAS/MPAS-Model-6.0/src/core_ocean/shared -I/global/homes/h/hgkang/MPAS/MPAS-Model-6.0/src/core_ocean/analysis_members -I/global/homes/h/hgkang/MPAS/MPAS-Model-6.0/src/core_ocean/cvmix -I/global/homes/h/hgkang/MPAS/MPAS-Model-6.0/src/core_ocean/mode_forward -I/global/homes/h/hgkang/MPAS/MPAS-Model-6.0/src/core_ocean/mode_analysis -I/global/homes/h/hgkang/MPAS/MPAS-Model-6.0/src/core_ocean/mode_init
rm -f mpas_ocn_particle_list.o mpas_ocn_particle_list.mod
ftn -DUNDERSCORE -D_MPI   -DCORE_OCEAN -DMPAS_NAMELIST_SUFFIX=ocean -DMPAS_EXE_NAME=ocean_model -DMPAS_NATIVE_TIMERS -DMPAS_GIT_VERSION=unknown -O3 -m64 -ffree-line-length-none -fconvert=big-endian -ffree-form -fdefault-real-8 -fdefault-double-8 -c mpas_ocn_particle_list.F -I/global/u2/h/hgkang/my_programs/ParallelIO_1.9.23/build/pio -I/global/u2/h/hgkang/my_programs/ParallelIO_1.9.23/build/pio -I/global/u2/h/hgkang/MPAS/MPAS-Model-6.0/src/core_ocean/driver  -I/global/u2/h/hgkang/MPAS/MPAS-Model-6.0/src/core_ocean/mode_forward -I/global/u2/h/hgkang/MPAS/MPAS-Model-6.0/src/core_ocean/mode_analysis -I/global/u2/h/hgkang/MPAS/MPAS-Model-6.0/src/core_ocean/mode_init -I/global/u2/h/hgkang/MPAS/MPAS-Model-6.0/src/core_ocean/shared -I/global/u2/h/hgkang/MPAS/MPAS-Model-6.0/src/core_ocean/analysis_members -I/global/u2/h/hgkang/MPAS/MPAS-Model-6.0/src/core_ocean/cvmix -I/global/u2/h/hgkang/MPAS/MPAS-Model-6.0/src/core_ocean/BGC -I/global/homes/h/hgkang/MPAS/MPAS-Model-6.0/src/core_ocean/../framework -I/global/homes/h/hgkang/MPAS/MPAS-Model-6.0/src/core_ocean/../external/esmf_time_f90 -I/global/homes/h/hgkang/MPAS/MPAS-Model-6.0/src/core_ocean/../operators -I/global/homes/h/hgkang/MPAS/MPAS-Model-6.0/src/core_ocean/BGC -I/global/homes/h/hgkang/MPAS/MPAS-Model-6.0/src/core_ocean/shared -I/global/homes/h/hgkang/MPAS/MPAS-Model-6.0/src/core_ocean/analysis_members -I/global/homes/h/hgkang/MPAS/MPAS-Model-6.0/src/core_ocean/cvmix -I/global/homes/h/hgkang/MPAS/MPAS-Model-6.0/src/core_ocean/mode_forward -I/global/homes/h/hgkang/MPAS/MPAS-Model-6.0/src/core_ocean/mode_analysis -I/global/homes/h/hgkang/MPAS/MPAS-Model-6.0/src/core_ocean/mode_init
rm -f mpas_ocn_lagrangian_particle_tracking_reset.o mpas_ocn_lagrangian_particle_tracking_reset.mod
ftn -DUNDERSCORE -D_MPI   -DCORE_OCEAN -DMPAS_NAMELIST_SUFFIX=ocean -DMPAS_EXE_NAME=ocean_model -DMPAS_NATIVE_TIMERS -DMPAS_GIT_VERSION=unknown -O3 -m64 -ffree-line-length-none -fconvert=big-endian -ffree-form -fdefault-real-8 -fdefault-double-8 -c mpas_ocn_lagrangian_particle_tracking_reset.F -I/global/u2/h/hgkang/my_programs/ParallelIO_1.9.23/build/pio -I/global/u2/h/hgkang/my_programs/ParallelIO_1.9.23/build/pio -I/global/u2/h/hgkang/MPAS/MPAS-Model-6.0/src/core_ocean/driver  -I/global/u2/h/hgkang/MPAS/MPAS-Model-6.0/src/core_ocean/mode_forward -I/global/u2/h/hgkang/MPAS/MPAS-Model-6.0/src/core_ocean/mode_analysis -I/global/u2/h/hgkang/MPAS/MPAS-Model-6.0/src/core_ocean/mode_init -I/global/u2/h/hgkang/MPAS/MPAS-Model-6.0/src/core_ocean/shared -I/global/u2/h/hgkang/MPAS/MPAS-Model-6.0/src/core_ocean/analysis_members -I/global/u2/h/hgkang/MPAS/MPAS-Model-6.0/src/core_ocean/cvmix -I/global/u2/h/hgkang/MPAS/MPAS-Model-6.0/src/core_ocean/BGC -I/global/homes/h/hgkang/MPAS/MPAS-Model-6.0/src/core_ocean/../framework -I/global/homes/h/hgkang/MPAS/MPAS-Model-6.0/src/core_ocean/../external/esmf_time_f90 -I/global/homes/h/hgkang/MPAS/MPAS-Model-6.0/src/core_ocean/../operators -I/global/homes/h/hgkang/MPAS/MPAS-Model-6.0/src/core_ocean/BGC -I/global/homes/h/hgkang/MPAS/MPAS-Model-6.0/src/core_ocean/shared -I/global/homes/h/hgkang/MPAS/MPAS-Model-6.0/src/core_ocean/analysis_members -I/global/homes/h/hgkang/MPAS/MPAS-Model-6.0/src/core_ocean/cvmix -I/global/homes/h/hgkang/MPAS/MPAS-Model-6.0/src/core_ocean/mode_forward -I/global/homes/h/hgkang/MPAS/MPAS-Model-6.0/src/core_ocean/mode_analysis -I/global/homes/h/hgkang/MPAS/MPAS-Model-6.0/src/core_ocean/mode_init
rm -f mpas_ocn_lagrangian_particle_tracking.o mpas_ocn_lagrangian_particle_tracking.mod
ftn -DUNDERSCORE -D_MPI   -DCORE_OCEAN -DMPAS_NAMELIST_SUFFIX=ocean -DMPAS_EXE_NAME=ocean_model -DMPAS_NATIVE_TIMERS -DMPAS_GIT_VERSION=unknown -O3 -m64 -ffree-line-length-none -fconvert=big-endian -ffree-form -fdefault-real-8 -fdefault-double-8 -c mpas_ocn_lagrangian_particle_tracking.F -I/global/u2/h/hgkang/my_programs/ParallelIO_1.9.23/build/pio -I/global/u2/h/hgkang/my_programs/ParallelIO_1.9.23/build/pio -I/global/u2/h/hgkang/MPAS/MPAS-Model-6.0/src/core_ocean/driver  -I/global/u2/h/hgkang/MPAS/MPAS-Model-6.0/src/core_ocean/mode_forward -I/global/u2/h/hgkang/MPAS/MPAS-Model-6.0/src/core_ocean/mode_analysis -I/global/u2/h/hgkang/MPAS/MPAS-Model-6.0/src/core_ocean/mode_init -I/global/u2/h/hgkang/MPAS/MPAS-Model-6.0/src/core_ocean/shared -I/global/u2/h/hgkang/MPAS/MPAS-Model-6.0/src/core_ocean/analysis_members -I/global/u2/h/hgkang/MPAS/MPAS-Model-6.0/src/core_ocean/cvmix -I/global/u2/h/hgkang/MPAS/MPAS-Model-6.0/src/core_ocean/BGC -I/global/homes/h/hgkang/MPAS/MPAS-Model-6.0/src/core_ocean/../framework -I/global/homes/h/hgkang/MPAS/MPAS-Model-6.0/src/core_ocean/../external/esmf_time_f90 -I/global/homes/h/hgkang/MPAS/MPAS-Model-6.0/src/core_ocean/../operators -I/global/homes/h/hgkang/MPAS/MPAS-Model-6.0/src/core_ocean/BGC -I/global/homes/h/hgkang/MPAS/MPAS-Model-6.0/src/core_ocean/shared -I/global/homes/h/hgkang/MPAS/MPAS-Model-6.0/src/core_ocean/analysis_members -I/global/homes/h/hgkang/MPAS/MPAS-Model-6.0/src/core_ocean/cvmix -I/global/homes/h/hgkang/MPAS/MPAS-Model-6.0/src/core_ocean/mode_forward -I/global/homes/h/hgkang/MPAS/MPAS-Model-6.0/src/core_ocean/mode_analysis -I/global/homes/h/hgkang/MPAS/MPAS-Model-6.0/src/core_ocean/mode_init
rm -f mpas_ocn_eliassen_palm.o mpas_ocn_eliassen_palm.mod
ftn -DUNDERSCORE -D_MPI   -DCORE_OCEAN -DMPAS_NAMELIST_SUFFIX=ocean -DMPAS_EXE_NAME=ocean_model -DMPAS_NATIVE_TIMERS -DMPAS_GIT_VERSION=unknown -O3 -m64 -ffree-line-length-none -fconvert=big-endian -ffree-form -fdefault-real-8 -fdefault-double-8 -c mpas_ocn_eliassen_palm.F -I/global/u2/h/hgkang/my_programs/ParallelIO_1.9.23/build/pio -I/global/u2/h/hgkang/my_programs/ParallelIO_1.9.23/build/pio -I/global/u2/h/hgkang/MPAS/MPAS-Model-6.0/src/core_ocean/driver  -I/global/u2/h/hgkang/MPAS/MPAS-Model-6.0/src/core_ocean/mode_forward -I/global/u2/h/hgkang/MPAS/MPAS-Model-6.0/src/core_ocean/mode_analysis -I/global/u2/h/hgkang/MPAS/MPAS-Model-6.0/src/core_ocean/mode_init -I/global/u2/h/hgkang/MPAS/MPAS-Model-6.0/src/core_ocean/shared -I/global/u2/h/hgkang/MPAS/MPAS-Model-6.0/src/core_ocean/analysis_members -I/global/u2/h/hgkang/MPAS/MPAS-Model-6.0/src/core_ocean/cvmix -I/global/u2/h/hgkang/MPAS/MPAS-Model-6.0/src/core_ocean/BGC -I/global/homes/h/hgkang/MPAS/MPAS-Model-6.0/src/core_ocean/../framework -I/global/homes/h/hgkang/MPAS/MPAS-Model-6.0/src/core_ocean/../external/esmf_time_f90 -I/global/homes/h/hgkang/MPAS/MPAS-Model-6.0/src/core_ocean/../operators -I/global/homes/h/hgkang/MPAS/MPAS-Model-6.0/src/core_ocean/BGC -I/global/homes/h/hgkang/MPAS/MPAS-Model-6.0/src/core_ocean/shared -I/global/homes/h/hgkang/MPAS/MPAS-Model-6.0/src/core_ocean/analysis_members -I/global/homes/h/hgkang/MPAS/MPAS-Model-6.0/src/core_ocean/cvmix -I/global/homes/h/hgkang/MPAS/MPAS-Model-6.0/src/core_ocean/mode_forward -I/global/homes/h/hgkang/MPAS/MPAS-Model-6.0/src/core_ocean/mode_analysis -I/global/homes/h/hgkang/MPAS/MPAS-Model-6.0/src/core_ocean/mode_init
rm -f mpas_ocn_time_filters.o mpas_ocn_time_filters.mod
ftn -DUNDERSCORE -D_MPI   -DCORE_OCEAN -DMPAS_NAMELIST_SUFFIX=ocean -DMPAS_EXE_NAME=ocean_model -DMPAS_NATIVE_TIMERS -DMPAS_GIT_VERSION=unknown -O3 -m64 -ffree-line-length-none -fconvert=big-endian -ffree-form -fdefault-real-8 -fdefault-double-8 -c mpas_ocn_time_filters.F -I/global/u2/h/hgkang/my_programs/ParallelIO_1.9.23/build/pio -I/global/u2/h/hgkang/my_programs/ParallelIO_1.9.23/build/pio -I/global/u2/h/hgkang/MPAS/MPAS-Model-6.0/src/core_ocean/driver  -I/global/u2/h/hgkang/MPAS/MPAS-Model-6.0/src/core_ocean/mode_forward -I/global/u2/h/hgkang/MPAS/MPAS-Model-6.0/src/core_ocean/mode_analysis -I/global/u2/h/hgkang/MPAS/MPAS-Model-6.0/src/core_ocean/mode_init -I/global/u2/h/hgkang/MPAS/MPAS-Model-6.0/src/core_ocean/shared -I/global/u2/h/hgkang/MPAS/MPAS-Model-6.0/src/core_ocean/analysis_members -I/global/u2/h/hgkang/MPAS/MPAS-Model-6.0/src/core_ocean/cvmix -I/global/u2/h/hgkang/MPAS/MPAS-Model-6.0/src/core_ocean/BGC -I/global/homes/h/hgkang/MPAS/MPAS-Model-6.0/src/core_ocean/../framework -I/global/homes/h/hgkang/MPAS/MPAS-Model-6.0/src/core_ocean/../external/esmf_time_f90 -I/global/homes/h/hgkang/MPAS/MPAS-Model-6.0/src/core_ocean/../operators -I/global/homes/h/hgkang/MPAS/MPAS-Model-6.0/src/core_ocean/BGC -I/global/homes/h/hgkang/MPAS/MPAS-Model-6.0/src/core_ocean/shared -I/global/homes/h/hgkang/MPAS/MPAS-Model-6.0/src/core_ocean/analysis_members -I/global/homes/h/hgkang/MPAS/MPAS-Model-6.0/src/core_ocean/cvmix -I/global/homes/h/hgkang/MPAS/MPAS-Model-6.0/src/core_ocean/mode_forward -I/global/homes/h/hgkang/MPAS/MPAS-Model-6.0/src/core_ocean/mode_analysis -I/global/homes/h/hgkang/MPAS/MPAS-Model-6.0/src/core_ocean/mode_init
rm -f mpas_ocn_mixed_layer_depths.o mpas_ocn_mixed_layer_depths.mod
ftn -DUNDERSCORE -D_MPI   -DCORE_OCEAN -DMPAS_NAMELIST_SUFFIX=ocean -DMPAS_EXE_NAME=ocean_model -DMPAS_NATIVE_TIMERS -DMPAS_GIT_VERSION=unknown -O3 -m64 -ffree-line-length-none -fconvert=big-endian -ffree-form -fdefault-real-8 -fdefault-double-8 -c mpas_ocn_mixed_layer_depths.F -I/global/u2/h/hgkang/my_programs/ParallelIO_1.9.23/build/pio -I/global/u2/h/hgkang/my_programs/ParallelIO_1.9.23/build/pio -I/global/u2/h/hgkang/MPAS/MPAS-Model-6.0/src/core_ocean/driver  -I/global/u2/h/hgkang/MPAS/MPAS-Model-6.0/src/core_ocean/mode_forward -I/global/u2/h/hgkang/MPAS/MPAS-Model-6.0/src/core_ocean/mode_analysis -I/global/u2/h/hgkang/MPAS/MPAS-Model-6.0/src/core_ocean/mode_init -I/global/u2/h/hgkang/MPAS/MPAS-Model-6.0/src/core_ocean/shared -I/global/u2/h/hgkang/MPAS/MPAS-Model-6.0/src/core_ocean/analysis_members -I/global/u2/h/hgkang/MPAS/MPAS-Model-6.0/src/core_ocean/cvmix -I/global/u2/h/hgkang/MPAS/MPAS-Model-6.0/src/core_ocean/BGC -I/global/homes/h/hgkang/MPAS/MPAS-Model-6.0/src/core_ocean/../framework -I/global/homes/h/hgkang/MPAS/MPAS-Model-6.0/src/core_ocean/../external/esmf_time_f90 -I/global/homes/h/hgkang/MPAS/MPAS-Model-6.0/src/core_ocean/../operators -I/global/homes/h/hgkang/MPAS/MPAS-Model-6.0/src/core_ocean/BGC -I/global/homes/h/hgkang/MPAS/MPAS-Model-6.0/src/core_ocean/shared -I/global/homes/h/hgkang/MPAS/MPAS-Model-6.0/src/core_ocean/analysis_members -I/global/homes/h/hgkang/MPAS/MPAS-Model-6.0/src/core_ocean/cvmix -I/global/homes/h/hgkang/MPAS/MPAS-Model-6.0/src/core_ocean/mode_forward -I/global/homes/h/hgkang/MPAS/MPAS-Model-6.0/src/core_ocean/mode_analysis -I/global/homes/h/hgkang/MPAS/MPAS-Model-6.0/src/core_ocean/mode_init
rm -f mpas_ocn_pointwise_stats.o mpas_ocn_pointwise_stats.mod
ftn -DUNDERSCORE -D_MPI   -DCORE_OCEAN -DMPAS_NAMELIST_SUFFIX=ocean -DMPAS_EXE_NAME=ocean_model -DMPAS_NATIVE_TIMERS -DMPAS_GIT_VERSION=unknown -O3 -m64 -ffree-line-length-none -fconvert=big-endian -ffree-form -fdefault-real-8 -fdefault-double-8 -c mpas_ocn_pointwise_stats.F -I/global/u2/h/hgkang/my_programs/ParallelIO_1.9.23/build/pio -I/global/u2/h/hgkang/my_programs/ParallelIO_1.9.23/build/pio -I/global/u2/h/hgkang/MPAS/MPAS-Model-6.0/src/core_ocean/driver  -I/global/u2/h/hgkang/MPAS/MPAS-Model-6.0/src/core_ocean/mode_forward -I/global/u2/h/hgkang/MPAS/MPAS-Model-6.0/src/core_ocean/mode_analysis -I/global/u2/h/hgkang/MPAS/MPAS-Model-6.0/src/core_ocean/mode_init -I/global/u2/h/hgkang/MPAS/MPAS-Model-6.0/src/core_ocean/shared -I/global/u2/h/hgkang/MPAS/MPAS-Model-6.0/src/core_ocean/analysis_members -I/global/u2/h/hgkang/MPAS/MPAS-Model-6.0/src/core_ocean/cvmix -I/global/u2/h/hgkang/MPAS/MPAS-Model-6.0/src/core_ocean/BGC -I/global/homes/h/hgkang/MPAS/MPAS-Model-6.0/src/core_ocean/../framework -I/global/homes/h/hgkang/MPAS/MPAS-Model-6.0/src/core_ocean/../external/esmf_time_f90 -I/global/homes/h/hgkang/MPAS/MPAS-Model-6.0/src/core_ocean/../operators -I/global/homes/h/hgkang/MPAS/MPAS-Model-6.0/src/core_ocean/BGC -I/global/homes/h/hgkang/MPAS/MPAS-Model-6.0/src/core_ocean/shared -I/global/homes/h/hgkang/MPAS/MPAS-Model-6.0/src/core_ocean/analysis_members -I/global/homes/h/hgkang/MPAS/MPAS-Model-6.0/src/core_ocean/cvmix -I/global/homes/h/hgkang/MPAS/MPAS-Model-6.0/src/core_ocean/mode_forward -I/global/homes/h/hgkang/MPAS/MPAS-Model-6.0/src/core_ocean/mode_analysis -I/global/homes/h/hgkang/MPAS/MPAS-Model-6.0/src/core_ocean/mode_init
rm -f mpas_ocn_debug_diagnostics.o mpas_ocn_debug_diagnostics.mod
ftn -DUNDERSCORE -D_MPI   -DCORE_OCEAN -DMPAS_NAMELIST_SUFFIX=ocean -DMPAS_EXE_NAME=ocean_model -DMPAS_NATIVE_TIMERS -DMPAS_GIT_VERSION=unknown -O3 -m64 -ffree-line-length-none -fconvert=big-endian -ffree-form -fdefault-real-8 -fdefault-double-8 -c mpas_ocn_debug_diagnostics.F -I/global/u2/h/hgkang/my_programs/ParallelIO_1.9.23/build/pio -I/global/u2/h/hgkang/my_programs/ParallelIO_1.9.23/build/pio -I/global/u2/h/hgkang/MPAS/MPAS-Model-6.0/src/core_ocean/driver  -I/global/u2/h/hgkang/MPAS/MPAS-Model-6.0/src/core_ocean/mode_forward -I/global/u2/h/hgkang/MPAS/MPAS-Model-6.0/src/core_ocean/mode_analysis -I/global/u2/h/hgkang/MPAS/MPAS-Model-6.0/src/core_ocean/mode_init -I/global/u2/h/hgkang/MPAS/MPAS-Model-6.0/src/core_ocean/shared -I/global/u2/h/hgkang/MPAS/MPAS-Model-6.0/src/core_ocean/analysis_members -I/global/u2/h/hgkang/MPAS/MPAS-Model-6.0/src/core_ocean/cvmix -I/global/u2/h/hgkang/MPAS/MPAS-Model-6.0/src/core_ocean/BGC -I/global/homes/h/hgkang/MPAS/MPAS-Model-6.0/src/core_ocean/../framework -I/global/homes/h/hgkang/MPAS/MPAS-Model-6.0/src/core_ocean/../external/esmf_time_f90 -I/global/homes/h/hgkang/MPAS/MPAS-Model-6.0/src/core_ocean/../operators -I/global/homes/h/hgkang/MPAS/MPAS-Model-6.0/src/core_ocean/BGC -I/global/homes/h/hgkang/MPAS/MPAS-Model-6.0/src/core_ocean/shared -I/global/homes/h/hgkang/MPAS/MPAS-Model-6.0/src/core_ocean/analysis_members -I/global/homes/h/hgkang/MPAS/MPAS-Model-6.0/src/core_ocean/cvmix -I/global/homes/h/hgkang/MPAS/MPAS-Model-6.0/src/core_ocean/mode_forward -I/global/homes/h/hgkang/MPAS/MPAS-Model-6.0/src/core_ocean/mode_analysis -I/global/homes/h/hgkang/MPAS/MPAS-Model-6.0/src/core_ocean/mode_init
rm -f mpas_ocn_time_series_stats.o mpas_ocn_time_series_stats.mod
ftn -DUNDERSCORE -D_MPI   -DCORE_OCEAN -DMPAS_NAMELIST_SUFFIX=ocean -DMPAS_EXE_NAME=ocean_model -DMPAS_NATIVE_TIMERS -DMPAS_GIT_VERSION=unknown -O3 -m64 -ffree-line-length-none -fconvert=big-endian -ffree-form -fdefault-real-8 -fdefault-double-8 -c mpas_ocn_time_series_stats.F -I/global/u2/h/hgkang/my_programs/ParallelIO_1.9.23/build/pio -I/global/u2/h/hgkang/my_programs/ParallelIO_1.9.23/build/pio -I/global/u2/h/hgkang/MPAS/MPAS-Model-6.0/src/core_ocean/driver  -I/global/u2/h/hgkang/MPAS/MPAS-Model-6.0/src/core_ocean/mode_forward -I/global/u2/h/hgkang/MPAS/MPAS-Model-6.0/src/core_ocean/mode_analysis -I/global/u2/h/hgkang/MPAS/MPAS-Model-6.0/src/core_ocean/mode_init -I/global/u2/h/hgkang/MPAS/MPAS-Model-6.0/src/core_ocean/shared -I/global/u2/h/hgkang/MPAS/MPAS-Model-6.0/src/core_ocean/analysis_members -I/global/u2/h/hgkang/MPAS/MPAS-Model-6.0/src/core_ocean/cvmix -I/global/u2/h/hgkang/MPAS/MPAS-Model-6.0/src/core_ocean/BGC -I/global/homes/h/hgkang/MPAS/MPAS-Model-6.0/src/core_ocean/../framework -I/global/homes/h/hgkang/MPAS/MPAS-Model-6.0/src/core_ocean/../external/esmf_time_f90 -I/global/homes/h/hgkang/MPAS/MPAS-Model-6.0/src/core_ocean/../operators -I/global/homes/h/hgkang/MPAS/MPAS-Model-6.0/src/core_ocean/BGC -I/global/homes/h/hgkang/MPAS/MPAS-Model-6.0/src/core_ocean/shared -I/global/homes/h/hgkang/MPAS/MPAS-Model-6.0/src/core_ocean/analysis_members -I/global/homes/h/hgkang/MPAS/MPAS-Model-6.0/src/core_ocean/cvmix -I/global/homes/h/hgkang/MPAS/MPAS-Model-6.0/src/core_ocean/mode_forward -I/global/homes/h/hgkang/MPAS/MPAS-Model-6.0/src/core_ocean/mode_analysis -I/global/homes/h/hgkang/MPAS/MPAS-Model-6.0/src/core_ocean/mode_init
rm -f mpas_ocn_regional_stats.o mpas_ocn_regional_stats.mod
ftn -DUNDERSCORE -D_MPI   -DCORE_OCEAN -DMPAS_NAMELIST_SUFFIX=ocean -DMPAS_EXE_NAME=ocean_model -DMPAS_NATIVE_TIMERS -DMPAS_GIT_VERSION=unknown -O3 -m64 -ffree-line-length-none -fconvert=big-endian -ffree-form -fdefault-real-8 -fdefault-double-8 -c mpas_ocn_regional_stats.F -I/global/u2/h/hgkang/my_programs/ParallelIO_1.9.23/build/pio -I/global/u2/h/hgkang/my_programs/ParallelIO_1.9.23/build/pio -I/global/u2/h/hgkang/MPAS/MPAS-Model-6.0/src/core_ocean/driver  -I/global/u2/h/hgkang/MPAS/MPAS-Model-6.0/src/core_ocean/mode_forward -I/global/u2/h/hgkang/MPAS/MPAS-Model-6.0/src/core_ocean/mode_analysis -I/global/u2/h/hgkang/MPAS/MPAS-Model-6.0/src/core_ocean/mode_init -I/global/u2/h/hgkang/MPAS/MPAS-Model-6.0/src/core_ocean/shared -I/global/u2/h/hgkang/MPAS/MPAS-Model-6.0/src/core_ocean/analysis_members -I/global/u2/h/hgkang/MPAS/MPAS-Model-6.0/src/core_ocean/cvmix -I/global/u2/h/hgkang/MPAS/MPAS-Model-6.0/src/core_ocean/BGC -I/global/homes/h/hgkang/MPAS/MPAS-Model-6.0/src/core_ocean/../framework -I/global/homes/h/hgkang/MPAS/MPAS-Model-6.0/src/core_ocean/../external/esmf_time_f90 -I/global/homes/h/hgkang/MPAS/MPAS-Model-6.0/src/core_ocean/../operators -I/global/homes/h/hgkang/MPAS/MPAS-Model-6.0/src/core_ocean/BGC -I/global/homes/h/hgkang/MPAS/MPAS-Model-6.0/src/core_ocean/shared -I/global/homes/h/hgkang/MPAS/MPAS-Model-6.0/src/core_ocean/analysis_members -I/global/homes/h/hgkang/MPAS/MPAS-Model-6.0/src/core_ocean/cvmix -I/global/homes/h/hgkang/MPAS/MPAS-Model-6.0/src/core_ocean/mode_forward -I/global/homes/h/hgkang/MPAS/MPAS-Model-6.0/src/core_ocean/mode_analysis -I/global/homes/h/hgkang/MPAS/MPAS-Model-6.0/src/core_ocean/mode_init
rm -f mpas_ocn_rpn_calculator.o mpas_ocn_rpn_calculator.mod
ftn -DUNDERSCORE -D_MPI   -DCORE_OCEAN -DMPAS_NAMELIST_SUFFIX=ocean -DMPAS_EXE_NAME=ocean_model -DMPAS_NATIVE_TIMERS -DMPAS_GIT_VERSION=unknown -O3 -m64 -ffree-line-length-none -fconvert=big-endian -ffree-form -fdefault-real-8 -fdefault-double-8 -c mpas_ocn_rpn_calculator.F -I/global/u2/h/hgkang/my_programs/ParallelIO_1.9.23/build/pio -I/global/u2/h/hgkang/my_programs/ParallelIO_1.9.23/build/pio -I/global/u2/h/hgkang/MPAS/MPAS-Model-6.0/src/core_ocean/driver  -I/global/u2/h/hgkang/MPAS/MPAS-Model-6.0/src/core_ocean/mode_forward -I/global/u2/h/hgkang/MPAS/MPAS-Model-6.0/src/core_ocean/mode_analysis -I/global/u2/h/hgkang/MPAS/MPAS-Model-6.0/src/core_ocean/mode_init -I/global/u2/h/hgkang/MPAS/MPAS-Model-6.0/src/core_ocean/shared -I/global/u2/h/hgkang/MPAS/MPAS-Model-6.0/src/core_ocean/analysis_members -I/global/u2/h/hgkang/MPAS/MPAS-Model-6.0/src/core_ocean/cvmix -I/global/u2/h/hgkang/MPAS/MPAS-Model-6.0/src/core_ocean/BGC -I/global/homes/h/hgkang/MPAS/MPAS-Model-6.0/src/core_ocean/../framework -I/global/homes/h/hgkang/MPAS/MPAS-Model-6.0/src/core_ocean/../external/esmf_time_f90 -I/global/homes/h/hgkang/MPAS/MPAS-Model-6.0/src/core_ocean/../operators -I/global/homes/h/hgkang/MPAS/MPAS-Model-6.0/src/core_ocean/BGC -I/global/homes/h/hgkang/MPAS/MPAS-Model-6.0/src/core_ocean/shared -I/global/homes/h/hgkang/MPAS/MPAS-Model-6.0/src/core_ocean/analysis_members -I/global/homes/h/hgkang/MPAS/MPAS-Model-6.0/src/core_ocean/cvmix -I/global/homes/h/hgkang/MPAS/MPAS-Model-6.0/src/core_ocean/mode_forward -I/global/homes/h/hgkang/MPAS/MPAS-Model-6.0/src/core_ocean/mode_analysis -I/global/homes/h/hgkang/MPAS/MPAS-Model-6.0/src/core_ocean/mode_init
rm -f mpas_ocn_transect_transport.o mpas_ocn_transect_transport.mod
ftn -DUNDERSCORE -D_MPI   -DCORE_OCEAN -DMPAS_NAMELIST_SUFFIX=ocean -DMPAS_EXE_NAME=ocean_model -DMPAS_NATIVE_TIMERS -DMPAS_GIT_VERSION=unknown -O3 -m64 -ffree-line-length-none -fconvert=big-endian -ffree-form -fdefault-real-8 -fdefault-double-8 -c mpas_ocn_transect_transport.F -I/global/u2/h/hgkang/my_programs/ParallelIO_1.9.23/build/pio -I/global/u2/h/hgkang/my_programs/ParallelIO_1.9.23/build/pio -I/global/u2/h/hgkang/MPAS/MPAS-Model-6.0/src/core_ocean/driver  -I/global/u2/h/hgkang/MPAS/MPAS-Model-6.0/src/core_ocean/mode_forward -I/global/u2/h/hgkang/MPAS/MPAS-Model-6.0/src/core_ocean/mode_analysis -I/global/u2/h/hgkang/MPAS/MPAS-Model-6.0/src/core_ocean/mode_init -I/global/u2/h/hgkang/MPAS/MPAS-Model-6.0/src/core_ocean/shared -I/global/u2/h/hgkang/MPAS/MPAS-Model-6.0/src/core_ocean/analysis_members -I/global/u2/h/hgkang/MPAS/MPAS-Model-6.0/src/core_ocean/cvmix -I/global/u2/h/hgkang/MPAS/MPAS-Model-6.0/src/core_ocean/BGC -I/global/homes/h/hgkang/MPAS/MPAS-Model-6.0/src/core_ocean/../framework -I/global/homes/h/hgkang/MPAS/MPAS-Model-6.0/src/core_ocean/../external/esmf_time_f90 -I/global/homes/h/hgkang/MPAS/MPAS-Model-6.0/src/core_ocean/../operators -I/global/homes/h/hgkang/MPAS/MPAS-Model-6.0/src/core_ocean/BGC -I/global/homes/h/hgkang/MPAS/MPAS-Model-6.0/src/core_ocean/shared -I/global/homes/h/hgkang/MPAS/MPAS-Model-6.0/src/core_ocean/analysis_members -I/global/homes/h/hgkang/MPAS/MPAS-Model-6.0/src/core_ocean/cvmix -I/global/homes/h/hgkang/MPAS/MPAS-Model-6.0/src/core_ocean/mode_forward -I/global/homes/h/hgkang/MPAS/MPAS-Model-6.0/src/core_ocean/mode_analysis -I/global/homes/h/hgkang/MPAS/MPAS-Model-6.0/src/core_ocean/mode_init
rm -f mpas_ocn_eddy_product_variables.o mpas_ocn_eddy_product_variables.mod
ftn -DUNDERSCORE -D_MPI   -DCORE_OCEAN -DMPAS_NAMELIST_SUFFIX=ocean -DMPAS_EXE_NAME=ocean_model -DMPAS_NATIVE_TIMERS -DMPAS_GIT_VERSION=unknown -O3 -m64 -ffree-line-length-none -fconvert=big-endian -ffree-form -fdefault-real-8 -fdefault-double-8 -c mpas_ocn_eddy_product_variables.F -I/global/u2/h/hgkang/my_programs/ParallelIO_1.9.23/build/pio -I/global/u2/h/hgkang/my_programs/ParallelIO_1.9.23/build/pio -I/global/u2/h/hgkang/MPAS/MPAS-Model-6.0/src/core_ocean/driver  -I/global/u2/h/hgkang/MPAS/MPAS-Model-6.0/src/core_ocean/mode_forward -I/global/u2/h/hgkang/MPAS/MPAS-Model-6.0/src/core_ocean/mode_analysis -I/global/u2/h/hgkang/MPAS/MPAS-Model-6.0/src/core_ocean/mode_init -I/global/u2/h/hgkang/MPAS/MPAS-Model-6.0/src/core_ocean/shared -I/global/u2/h/hgkang/MPAS/MPAS-Model-6.0/src/core_ocean/analysis_members -I/global/u2/h/hgkang/MPAS/MPAS-Model-6.0/src/core_ocean/cvmix -I/global/u2/h/hgkang/MPAS/MPAS-Model-6.0/src/core_ocean/BGC -I/global/homes/h/hgkang/MPAS/MPAS-Model-6.0/src/core_ocean/../framework -I/global/homes/h/hgkang/MPAS/MPAS-Model-6.0/src/core_ocean/../external/esmf_time_f90 -I/global/homes/h/hgkang/MPAS/MPAS-Model-6.0/src/core_ocean/../operators -I/global/homes/h/hgkang/MPAS/MPAS-Model-6.0/src/core_ocean/BGC -I/global/homes/h/hgkang/MPAS/MPAS-Model-6.0/src/core_ocean/shared -I/global/homes/h/hgkang/MPAS/MPAS-Model-6.0/src/core_ocean/analysis_members -I/global/homes/h/hgkang/MPAS/MPAS-Model-6.0/src/core_ocean/cvmix -I/global/homes/h/hgkang/MPAS/MPAS-Model-6.0/src/core_ocean/mode_forward -I/global/homes/h/hgkang/MPAS/MPAS-Model-6.0/src/core_ocean/mode_analysis -I/global/homes/h/hgkang/MPAS/MPAS-Model-6.0/src/core_ocean/mode_init
rm -f mpas_ocn_moc_streamfunction.o mpas_ocn_moc_streamfunction.mod
ftn -DUNDERSCORE -D_MPI   -DCORE_OCEAN -DMPAS_NAMELIST_SUFFIX=ocean -DMPAS_EXE_NAME=ocean_model -DMPAS_NATIVE_TIMERS -DMPAS_GIT_VERSION=unknown -O3 -m64 -ffree-line-length-none -fconvert=big-endian -ffree-form -fdefault-real-8 -fdefault-double-8 -c mpas_ocn_moc_streamfunction.F -I/global/u2/h/hgkang/my_programs/ParallelIO_1.9.23/build/pio -I/global/u2/h/hgkang/my_programs/ParallelIO_1.9.23/build/pio -I/global/u2/h/hgkang/MPAS/MPAS-Model-6.0/src/core_ocean/driver  -I/global/u2/h/hgkang/MPAS/MPAS-Model-6.0/src/core_ocean/mode_forward -I/global/u2/h/hgkang/MPAS/MPAS-Model-6.0/src/core_ocean/mode_analysis -I/global/u2/h/hgkang/MPAS/MPAS-Model-6.0/src/core_ocean/mode_init -I/global/u2/h/hgkang/MPAS/MPAS-Model-6.0/src/core_ocean/shared -I/global/u2/h/hgkang/MPAS/MPAS-Model-6.0/src/core_ocean/analysis_members -I/global/u2/h/hgkang/MPAS/MPAS-Model-6.0/src/core_ocean/cvmix -I/global/u2/h/hgkang/MPAS/MPAS-Model-6.0/src/core_ocean/BGC -I/global/homes/h/hgkang/MPAS/MPAS-Model-6.0/src/core_ocean/../framework -I/global/homes/h/hgkang/MPAS/MPAS-Model-6.0/src/core_ocean/../external/esmf_time_f90 -I/global/homes/h/hgkang/MPAS/MPAS-Model-6.0/src/core_ocean/../operators -I/global/homes/h/hgkang/MPAS/MPAS-Model-6.0/src/core_ocean/BGC -I/global/homes/h/hgkang/MPAS/MPAS-Model-6.0/src/core_ocean/shared -I/global/homes/h/hgkang/MPAS/MPAS-Model-6.0/src/core_ocean/analysis_members -I/global/homes/h/hgkang/MPAS/MPAS-Model-6.0/src/core_ocean/cvmix -I/global/homes/h/hgkang/MPAS/MPAS-Model-6.0/src/core_ocean/mode_forward -I/global/homes/h/hgkang/MPAS/MPAS-Model-6.0/src/core_ocean/mode_analysis -I/global/homes/h/hgkang/MPAS/MPAS-Model-6.0/src/core_ocean/mode_init
rm -f mpas_ocn_analysis_driver.o mpas_ocn_analysis_driver.mod
ftn -DUNDERSCORE -D_MPI   -DCORE_OCEAN -DMPAS_NAMELIST_SUFFIX=ocean -DMPAS_EXE_NAME=ocean_model -DMPAS_NATIVE_TIMERS -DMPAS_GIT_VERSION=unknown -O3 -m64 -ffree-line-length-none -fconvert=big-endian -ffree-form -fdefault-real-8 -fdefault-double-8 -c mpas_ocn_analysis_driver.F -I/global/u2/h/hgkang/my_programs/ParallelIO_1.9.23/build/pio -I/global/u2/h/hgkang/my_programs/ParallelIO_1.9.23/build/pio -I/global/u2/h/hgkang/MPAS/MPAS-Model-6.0/src/core_ocean/driver  -I/global/u2/h/hgkang/MPAS/MPAS-Model-6.0/src/core_ocean/mode_forward -I/global/u2/h/hgkang/MPAS/MPAS-Model-6.0/src/core_ocean/mode_analysis -I/global/u2/h/hgkang/MPAS/MPAS-Model-6.0/src/core_ocean/mode_init -I/global/u2/h/hgkang/MPAS/MPAS-Model-6.0/src/core_ocean/shared -I/global/u2/h/hgkang/MPAS/MPAS-Model-6.0/src/core_ocean/analysis_members -I/global/u2/h/hgkang/MPAS/MPAS-Model-6.0/src/core_ocean/cvmix -I/global/u2/h/hgkang/MPAS/MPAS-Model-6.0/src/core_ocean/BGC -I/global/homes/h/hgkang/MPAS/MPAS-Model-6.0/src/core_ocean/../framework -I/global/homes/h/hgkang/MPAS/MPAS-Model-6.0/src/core_ocean/../external/esmf_time_f90 -I/global/homes/h/hgkang/MPAS/MPAS-Model-6.0/src/core_ocean/../operators -I/global/homes/h/hgkang/MPAS/MPAS-Model-6.0/src/core_ocean/BGC -I/global/homes/h/hgkang/MPAS/MPAS-Model-6.0/src/core_ocean/shared -I/global/homes/h/hgkang/MPAS/MPAS-Model-6.0/src/core_ocean/analysis_members -I/global/homes/h/hgkang/MPAS/MPAS-Model-6.0/src/core_ocean/cvmix -I/global/homes/h/hgkang/MPAS/MPAS-Model-6.0/src/core_ocean/mode_forward -I/global/homes/h/hgkang/MPAS/MPAS-Model-6.0/src/core_ocean/mode_analysis -I/global/homes/h/hgkang/MPAS/MPAS-Model-6.0/src/core_ocean/mode_init
make[4]: Leaving directory '/global/u2/h/hgkang/MPAS/MPAS-Model-6.0/src/core_ocean/analysis_members'
(cd mode_forward; make FCINCLUDES="-I/global/u2/h/hgkang/my_programs/ParallelIO_1.9.23/build/pio -I/global/u2/h/hgkang/MPAS/MPAS-Model-6.0/src/core_ocean/driver  -I/global/u2/h/hgkang/MPAS/MPAS-Model-6.0/src/core_ocean/mode_forward -I/global/u2/h/hgkang/MPAS/MPAS-Model-6.0/src/core_ocean/mode_analysis -I/global/u2/h/hgkang/MPAS/MPAS-Model-6.0/src/core_ocean/mode_init -I/global/u2/h/hgkang/MPAS/MPAS-Model-6.0/src/core_ocean/shared -I/global/u2/h/hgkang/MPAS/MPAS-Model-6.0/src/core_ocean/analysis_members -I/global/u2/h/hgkang/MPAS/MPAS-Model-6.0/src/core_ocean/cvmix -I/global/u2/h/hgkang/MPAS/MPAS-Model-6.0/src/core_ocean/BGC -I/global/homes/h/hgkang/MPAS/MPAS-Model-6.0/src/core_ocean/../framework -I/global/homes/h/hgkang/MPAS/MPAS-Model-6.0/src/core_ocean/../external/esmf_time_f90 -I/global/homes/h/hgkang/MPAS/MPAS-Model-6.0/src/core_ocean/../operators -I/global/homes/h/hgkang/MPAS/MPAS-Model-6.0/src/core_ocean/BGC -I/global/homes/h/hgkang/MPAS/MPAS-Model-6.0/src/core_ocean/shared -I/global/homes/h/hgkang/MPAS/MPAS-Model-6.0/src/core_ocean/analysis_members -I/global/homes/h/hgkang/MPAS/MPAS-Model-6.0/src/core_ocean/cvmix -I/global/homes/h/hgkang/MPAS/MPAS-Model-6.0/src/core_ocean/mode_forward -I/global/homes/h/hgkang/MPAS/MPAS-Model-6.0/src/core_ocean/mode_analysis -I/global/homes/h/hgkang/MPAS/MPAS-Model-6.0/src/core_ocean/mode_init" all )
make[4]: Entering directory '/global/u2/h/hgkang/MPAS/MPAS-Model-6.0/src/core_ocean/mode_forward'
rm -f mpas_ocn_time_integration_rk4.o mpas_ocn_time_integration_rk4.mod
ftn -DUNDERSCORE -D_MPI   -DCORE_OCEAN -DMPAS_NAMELIST_SUFFIX=ocean -DMPAS_EXE_NAME=ocean_model -DMPAS_NATIVE_TIMERS -DMPAS_GIT_VERSION=unknown -O3 -m64 -ffree-line-length-none -fconvert=big-endian -ffree-form -fdefault-real-8 -fdefault-double-8 -c mpas_ocn_time_integration_rk4.F -I/global/u2/h/hgkang/my_programs/ParallelIO_1.9.23/build/pio -I/global/u2/h/hgkang/my_programs/ParallelIO_1.9.23/build/pio -I/global/u2/h/hgkang/MPAS/MPAS-Model-6.0/src/core_ocean/driver  -I/global/u2/h/hgkang/MPAS/MPAS-Model-6.0/src/core_ocean/mode_forward -I/global/u2/h/hgkang/MPAS/MPAS-Model-6.0/src/core_ocean/mode_analysis -I/global/u2/h/hgkang/MPAS/MPAS-Model-6.0/src/core_ocean/mode_init -I/global/u2/h/hgkang/MPAS/MPAS-Model-6.0/src/core_ocean/shared -I/global/u2/h/hgkang/MPAS/MPAS-Model-6.0/src/core_ocean/analysis_members -I/global/u2/h/hgkang/MPAS/MPAS-Model-6.0/src/core_ocean/cvmix -I/global/u2/h/hgkang/MPAS/MPAS-Model-6.0/src/core_ocean/BGC -I/global/homes/h/hgkang/MPAS/MPAS-Model-6.0/src/core_ocean/../framework -I/global/homes/h/hgkang/MPAS/MPAS-Model-6.0/src/core_ocean/../external/esmf_time_f90 -I/global/homes/h/hgkang/MPAS/MPAS-Model-6.0/src/core_ocean/../operators -I/global/homes/h/hgkang/MPAS/MPAS-Model-6.0/src/core_ocean/BGC -I/global/homes/h/hgkang/MPAS/MPAS-Model-6.0/src/core_ocean/shared -I/global/homes/h/hgkang/MPAS/MPAS-Model-6.0/src/core_ocean/analysis_members -I/global/homes/h/hgkang/MPAS/MPAS-Model-6.0/src/core_ocean/cvmix -I/global/homes/h/hgkang/MPAS/MPAS-Model-6.0/src/core_ocean/mode_forward -I/global/homes/h/hgkang/MPAS/MPAS-Model-6.0/src/core_ocean/mode_analysis -I/global/homes/h/hgkang/MPAS/MPAS-Model-6.0/src/core_ocean/mode_init
rm -f mpas_ocn_time_integration_split.o mpas_ocn_time_integration_split.mod
ftn -DUNDERSCORE -D_MPI   -DCORE_OCEAN -DMPAS_NAMELIST_SUFFIX=ocean -DMPAS_EXE_NAME=ocean_model -DMPAS_NATIVE_TIMERS -DMPAS_GIT_VERSION=unknown -O3 -m64 -ffree-line-length-none -fconvert=big-endian -ffree-form -fdefault-real-8 -fdefault-double-8 -c mpas_ocn_time_integration_split.F -I/global/u2/h/hgkang/my_programs/ParallelIO_1.9.23/build/pio -I/global/u2/h/hgkang/my_programs/ParallelIO_1.9.23/build/pio -I/global/u2/h/hgkang/MPAS/MPAS-Model-6.0/src/core_ocean/driver  -I/global/u2/h/hgkang/MPAS/MPAS-Model-6.0/src/core_ocean/mode_forward -I/global/u2/h/hgkang/MPAS/MPAS-Model-6.0/src/core_ocean/mode_analysis -I/global/u2/h/hgkang/MPAS/MPAS-Model-6.0/src/core_ocean/mode_init -I/global/u2/h/hgkang/MPAS/MPAS-Model-6.0/src/core_ocean/shared -I/global/u2/h/hgkang/MPAS/MPAS-Model-6.0/src/core_ocean/analysis_members -I/global/u2/h/hgkang/MPAS/MPAS-Model-6.0/src/core_ocean/cvmix -I/global/u2/h/hgkang/MPAS/MPAS-Model-6.0/src/core_ocean/BGC -I/global/homes/h/hgkang/MPAS/MPAS-Model-6.0/src/core_ocean/../framework -I/global/homes/h/hgkang/MPAS/MPAS-Model-6.0/src/core_ocean/../external/esmf_time_f90 -I/global/homes/h/hgkang/MPAS/MPAS-Model-6.0/src/core_ocean/../operators -I/global/homes/h/hgkang/MPAS/MPAS-Model-6.0/src/core_ocean/BGC -I/global/homes/h/hgkang/MPAS/MPAS-Model-6.0/src/core_ocean/shared -I/global/homes/h/hgkang/MPAS/MPAS-Model-6.0/src/core_ocean/analysis_members -I/global/homes/h/hgkang/MPAS/MPAS-Model-6.0/src/core_ocean/cvmix -I/global/homes/h/hgkang/MPAS/MPAS-Model-6.0/src/core_ocean/mode_forward -I/global/homes/h/hgkang/MPAS/MPAS-Model-6.0/src/core_ocean/mode_analysis -I/global/homes/h/hgkang/MPAS/MPAS-Model-6.0/src/core_ocean/mode_init
rm -f mpas_ocn_time_integration.o mpas_ocn_time_integration.mod
ftn -DUNDERSCORE -D_MPI   -DCORE_OCEAN -DMPAS_NAMELIST_SUFFIX=ocean -DMPAS_EXE_NAME=ocean_model -DMPAS_NATIVE_TIMERS -DMPAS_GIT_VERSION=unknown -O3 -m64 -ffree-line-length-none -fconvert=big-endian -ffree-form -fdefault-real-8 -fdefault-double-8 -c mpas_ocn_time_integration.F -I/global/u2/h/hgkang/my_programs/ParallelIO_1.9.23/build/pio -I/global/u2/h/hgkang/my_programs/ParallelIO_1.9.23/build/pio -I/global/u2/h/hgkang/MPAS/MPAS-Model-6.0/src/core_ocean/driver  -I/global/u2/h/hgkang/MPAS/MPAS-Model-6.0/src/core_ocean/mode_forward -I/global/u2/h/hgkang/MPAS/MPAS-Model-6.0/src/core_ocean/mode_analysis -I/global/u2/h/hgkang/MPAS/MPAS-Model-6.0/src/core_ocean/mode_init -I/global/u2/h/hgkang/MPAS/MPAS-Model-6.0/src/core_ocean/shared -I/global/u2/h/hgkang/MPAS/MPAS-Model-6.0/src/core_ocean/analysis_members -I/global/u2/h/hgkang/MPAS/MPAS-Model-6.0/src/core_ocean/cvmix -I/global/u2/h/hgkang/MPAS/MPAS-Model-6.0/src/core_ocean/BGC -I/global/homes/h/hgkang/MPAS/MPAS-Model-6.0/src/core_ocean/../framework -I/global/homes/h/hgkang/MPAS/MPAS-Model-6.0/src/core_ocean/../external/esmf_time_f90 -I/global/homes/h/hgkang/MPAS/MPAS-Model-6.0/src/core_ocean/../operators -I/global/homes/h/hgkang/MPAS/MPAS-Model-6.0/src/core_ocean/BGC -I/global/homes/h/hgkang/MPAS/MPAS-Model-6.0/src/core_ocean/shared -I/global/homes/h/hgkang/MPAS/MPAS-Model-6.0/src/core_ocean/analysis_members -I/global/homes/h/hgkang/MPAS/MPAS-Model-6.0/src/core_ocean/cvmix -I/global/homes/h/hgkang/MPAS/MPAS-Model-6.0/src/core_ocean/mode_forward -I/global/homes/h/hgkang/MPAS/MPAS-Model-6.0/src/core_ocean/mode_analysis -I/global/homes/h/hgkang/MPAS/MPAS-Model-6.0/src/core_ocean/mode_init
rm -f mpas_ocn_forward_mode.o mpas_ocn_forward_mode.mod
ftn -DUNDERSCORE -D_MPI   -DCORE_OCEAN -DMPAS_NAMELIST_SUFFIX=ocean -DMPAS_EXE_NAME=ocean_model -DMPAS_NATIVE_TIMERS -DMPAS_GIT_VERSION=unknown -O3 -m64 -ffree-line-length-none -fconvert=big-endian -ffree-form -fdefault-real-8 -fdefault-double-8 -c mpas_ocn_forward_mode.F -I/global/u2/h/hgkang/my_programs/ParallelIO_1.9.23/build/pio -I/global/u2/h/hgkang/my_programs/ParallelIO_1.9.23/build/pio -I/global/u2/h/hgkang/MPAS/MPAS-Model-6.0/src/core_ocean/driver  -I/global/u2/h/hgkang/MPAS/MPAS-Model-6.0/src/core_ocean/mode_forward -I/global/u2/h/hgkang/MPAS/MPAS-Model-6.0/src/core_ocean/mode_analysis -I/global/u2/h/hgkang/MPAS/MPAS-Model-6.0/src/core_ocean/mode_init -I/global/u2/h/hgkang/MPAS/MPAS-Model-6.0/src/core_ocean/shared -I/global/u2/h/hgkang/MPAS/MPAS-Model-6.0/src/core_ocean/analysis_members -I/global/u2/h/hgkang/MPAS/MPAS-Model-6.0/src/core_ocean/cvmix -I/global/u2/h/hgkang/MPAS/MPAS-Model-6.0/src/core_ocean/BGC -I/global/homes/h/hgkang/MPAS/MPAS-Model-6.0/src/core_ocean/../framework -I/global/homes/h/hgkang/MPAS/MPAS-Model-6.0/src/core_ocean/../external/esmf_time_f90 -I/global/homes/h/hgkang/MPAS/MPAS-Model-6.0/src/core_ocean/../operators -I/global/homes/h/hgkang/MPAS/MPAS-Model-6.0/src/core_ocean/BGC -I/global/homes/h/hgkang/MPAS/MPAS-Model-6.0/src/core_ocean/shared -I/global/homes/h/hgkang/MPAS/MPAS-Model-6.0/src/core_ocean/analysis_members -I/global/homes/h/hgkang/MPAS/MPAS-Model-6.0/src/core_ocean/cvmix -I/global/homes/h/hgkang/MPAS/MPAS-Model-6.0/src/core_ocean/mode_forward -I/global/homes/h/hgkang/MPAS/MPAS-Model-6.0/src/core_ocean/mode_analysis -I/global/homes/h/hgkang/MPAS/MPAS-Model-6.0/src/core_ocean/mode_init
make[4]: Leaving directory '/global/u2/h/hgkang/MPAS/MPAS-Model-6.0/src/core_ocean/mode_forward'
(cd mode_analysis; make FCINCLUDES="-I/global/u2/h/hgkang/my_programs/ParallelIO_1.9.23/build/pio -I/global/u2/h/hgkang/MPAS/MPAS-Model-6.0/src/core_ocean/driver  -I/global/u2/h/hgkang/MPAS/MPAS-Model-6.0/src/core_ocean/mode_forward -I/global/u2/h/hgkang/MPAS/MPAS-Model-6.0/src/core_ocean/mode_analysis -I/global/u2/h/hgkang/MPAS/MPAS-Model-6.0/src/core_ocean/mode_init -I/global/u2/h/hgkang/MPAS/MPAS-Model-6.0/src/core_ocean/shared -I/global/u2/h/hgkang/MPAS/MPAS-Model-6.0/src/core_ocean/analysis_members -I/global/u2/h/hgkang/MPAS/MPAS-Model-6.0/src/core_ocean/cvmix -I/global/u2/h/hgkang/MPAS/MPAS-Model-6.0/src/core_ocean/BGC -I/global/homes/h/hgkang/MPAS/MPAS-Model-6.0/src/core_ocean/../framework -I/global/homes/h/hgkang/MPAS/MPAS-Model-6.0/src/core_ocean/../external/esmf_time_f90 -I/global/homes/h/hgkang/MPAS/MPAS-Model-6.0/src/core_ocean/../operators -I/global/homes/h/hgkang/MPAS/MPAS-Model-6.0/src/core_ocean/BGC -I/global/homes/h/hgkang/MPAS/MPAS-Model-6.0/src/core_ocean/shared -I/global/homes/h/hgkang/MPAS/MPAS-Model-6.0/src/core_ocean/analysis_members -I/global/homes/h/hgkang/MPAS/MPAS-Model-6.0/src/core_ocean/cvmix -I/global/homes/h/hgkang/MPAS/MPAS-Model-6.0/src/core_ocean/mode_forward -I/global/homes/h/hgkang/MPAS/MPAS-Model-6.0/src/core_ocean/mode_analysis -I/global/homes/h/hgkang/MPAS/MPAS-Model-6.0/src/core_ocean/mode_init" all )
make[4]: Entering directory '/global/u2/h/hgkang/MPAS/MPAS-Model-6.0/src/core_ocean/mode_analysis'
rm -f mpas_ocn_analysis_mode.o mpas_ocn_analysis_mode.mod
ftn -DUNDERSCORE -D_MPI   -DCORE_OCEAN -DMPAS_NAMELIST_SUFFIX=ocean -DMPAS_EXE_NAME=ocean_model -DMPAS_NATIVE_TIMERS -DMPAS_GIT_VERSION=unknown -O3 -m64 -ffree-line-length-none -fconvert=big-endian -ffree-form -fdefault-real-8 -fdefault-double-8 -c mpas_ocn_analysis_mode.F -I/global/u2/h/hgkang/my_programs/ParallelIO_1.9.23/build/pio -I/global/u2/h/hgkang/my_programs/ParallelIO_1.9.23/build/pio -I/global/u2/h/hgkang/MPAS/MPAS-Model-6.0/src/core_ocean/driver  -I/global/u2/h/hgkang/MPAS/MPAS-Model-6.0/src/core_ocean/mode_forward -I/global/u2/h/hgkang/MPAS/MPAS-Model-6.0/src/core_ocean/mode_analysis -I/global/u2/h/hgkang/MPAS/MPAS-Model-6.0/src/core_ocean/mode_init -I/global/u2/h/hgkang/MPAS/MPAS-Model-6.0/src/core_ocean/shared -I/global/u2/h/hgkang/MPAS/MPAS-Model-6.0/src/core_ocean/analysis_members -I/global/u2/h/hgkang/MPAS/MPAS-Model-6.0/src/core_ocean/cvmix -I/global/u2/h/hgkang/MPAS/MPAS-Model-6.0/src/core_ocean/BGC -I/global/homes/h/hgkang/MPAS/MPAS-Model-6.0/src/core_ocean/../framework -I/global/homes/h/hgkang/MPAS/MPAS-Model-6.0/src/core_ocean/../external/esmf_time_f90 -I/global/homes/h/hgkang/MPAS/MPAS-Model-6.0/src/core_ocean/../operators -I/global/homes/h/hgkang/MPAS/MPAS-Model-6.0/src/core_ocean/BGC -I/global/homes/h/hgkang/MPAS/MPAS-Model-6.0/src/core_ocean/shared -I/global/homes/h/hgkang/MPAS/MPAS-Model-6.0/src/core_ocean/analysis_members -I/global/homes/h/hgkang/MPAS/MPAS-Model-6.0/src/core_ocean/cvmix -I/global/homes/h/hgkang/MPAS/MPAS-Model-6.0/src/core_ocean/mode_forward -I/global/homes/h/hgkang/MPAS/MPAS-Model-6.0/src/core_ocean/mode_analysis -I/global/homes/h/hgkang/MPAS/MPAS-Model-6.0/src/core_ocean/mode_init
make[4]: Leaving directory '/global/u2/h/hgkang/MPAS/MPAS-Model-6.0/src/core_ocean/mode_analysis'
(cd mode_init; make FCINCLUDES="-I/global/u2/h/hgkang/my_programs/ParallelIO_1.9.23/build/pio -I/global/u2/h/hgkang/MPAS/MPAS-Model-6.0/src/core_ocean/driver  -I/global/u2/h/hgkang/MPAS/MPAS-Model-6.0/src/core_ocean/mode_forward -I/global/u2/h/hgkang/MPAS/MPAS-Model-6.0/src/core_ocean/mode_analysis -I/global/u2/h/hgkang/MPAS/MPAS-Model-6.0/src/core_ocean/mode_init -I/global/u2/h/hgkang/MPAS/MPAS-Model-6.0/src/core_ocean/shared -I/global/u2/h/hgkang/MPAS/MPAS-Model-6.0/src/core_ocean/analysis_members -I/global/u2/h/hgkang/MPAS/MPAS-Model-6.0/src/core_ocean/cvmix -I/global/u2/h/hgkang/MPAS/MPAS-Model-6.0/src/core_ocean/BGC -I/global/homes/h/hgkang/MPAS/MPAS-Model-6.0/src/core_ocean/../framework -I/global/homes/h/hgkang/MPAS/MPAS-Model-6.0/src/core_ocean/../external/esmf_time_f90 -I/global/homes/h/hgkang/MPAS/MPAS-Model-6.0/src/core_ocean/../operators -I/global/homes/h/hgkang/MPAS/MPAS-Model-6.0/src/core_ocean/BGC -I/global/homes/h/hgkang/MPAS/MPAS-Model-6.0/src/core_ocean/shared -I/global/homes/h/hgkang/MPAS/MPAS-Model-6.0/src/core_ocean/analysis_members -I/global/homes/h/hgkang/MPAS/MPAS-Model-6.0/src/core_ocean/cvmix -I/global/homes/h/hgkang/MPAS/MPAS-Model-6.0/src/core_ocean/mode_forward -I/global/homes/h/hgkang/MPAS/MPAS-Model-6.0/src/core_ocean/mode_analysis -I/global/homes/h/hgkang/MPAS/MPAS-Model-6.0/src/core_ocean/mode_init" all )
make[4]: Entering directory '/global/u2/h/hgkang/MPAS/MPAS-Model-6.0/src/core_ocean/mode_init'
rm -f mpas_ocn_init_spherical_utils.o mpas_ocn_init_spherical_utils.mod
ftn -DUNDERSCORE -D_MPI   -DCORE_OCEAN -DMPAS_NAMELIST_SUFFIX=ocean -DMPAS_EXE_NAME=ocean_model -DMPAS_NATIVE_TIMERS -DMPAS_GIT_VERSION=unknown -O3 -m64 -ffree-line-length-none -fconvert=big-endian -ffree-form -fdefault-real-8 -fdefault-double-8 -c mpas_ocn_init_spherical_utils.F -I/global/u2/h/hgkang/my_programs/ParallelIO_1.9.23/build/pio -I/global/u2/h/hgkang/my_programs/ParallelIO_1.9.23/build/pio -I/global/u2/h/hgkang/MPAS/MPAS-Model-6.0/src/core_ocean/driver  -I/global/u2/h/hgkang/MPAS/MPAS-Model-6.0/src/core_ocean/mode_forward -I/global/u2/h/hgkang/MPAS/MPAS-Model-6.0/src/core_ocean/mode_analysis -I/global/u2/h/hgkang/MPAS/MPAS-Model-6.0/src/core_ocean/mode_init -I/global/u2/h/hgkang/MPAS/MPAS-Model-6.0/src/core_ocean/shared -I/global/u2/h/hgkang/MPAS/MPAS-Model-6.0/src/core_ocean/analysis_members -I/global/u2/h/hgkang/MPAS/MPAS-Model-6.0/src/core_ocean/cvmix -I/global/u2/h/hgkang/MPAS/MPAS-Model-6.0/src/core_ocean/BGC -I/global/homes/h/hgkang/MPAS/MPAS-Model-6.0/src/core_ocean/../framework -I/global/homes/h/hgkang/MPAS/MPAS-Model-6.0/src/core_ocean/../external/esmf_time_f90 -I/global/homes/h/hgkang/MPAS/MPAS-Model-6.0/src/core_ocean/../operators -I/global/homes/h/hgkang/MPAS/MPAS-Model-6.0/src/core_ocean/BGC -I/global/homes/h/hgkang/MPAS/MPAS-Model-6.0/src/core_ocean/shared -I/global/homes/h/hgkang/MPAS/MPAS-Model-6.0/src/core_ocean/analysis_members -I/global/homes/h/hgkang/MPAS/MPAS-Model-6.0/src/core_ocean/cvmix -I/global/homes/h/hgkang/MPAS/MPAS-Model-6.0/src/core_ocean/mode_forward -I/global/homes/h/hgkang/MPAS/MPAS-Model-6.0/src/core_ocean/mode_analysis -I/global/homes/h/hgkang/MPAS/MPAS-Model-6.0/src/core_ocean/mode_init
rm -f mpas_ocn_init_vertical_grids.o mpas_ocn_init_vertical_grids.mod
ftn -DUNDERSCORE -D_MPI   -DCORE_OCEAN -DMPAS_NAMELIST_SUFFIX=ocean -DMPAS_EXE_NAME=ocean_model -DMPAS_NATIVE_TIMERS -DMPAS_GIT_VERSION=unknown -O3 -m64 -ffree-line-length-none -fconvert=big-endian -ffree-form -fdefault-real-8 -fdefault-double-8 -c mpas_ocn_init_vertical_grids.F -I/global/u2/h/hgkang/my_programs/ParallelIO_1.9.23/build/pio -I/global/u2/h/hgkang/my_programs/ParallelIO_1.9.23/build/pio -I/global/u2/h/hgkang/MPAS/MPAS-Model-6.0/src/core_ocean/driver  -I/global/u2/h/hgkang/MPAS/MPAS-Model-6.0/src/core_ocean/mode_forward -I/global/u2/h/hgkang/MPAS/MPAS-Model-6.0/src/core_ocean/mode_analysis -I/global/u2/h/hgkang/MPAS/MPAS-Model-6.0/src/core_ocean/mode_init -I/global/u2/h/hgkang/MPAS/MPAS-Model-6.0/src/core_ocean/shared -I/global/u2/h/hgkang/MPAS/MPAS-Model-6.0/src/core_ocean/analysis_members -I/global/u2/h/hgkang/MPAS/MPAS-Model-6.0/src/core_ocean/cvmix -I/global/u2/h/hgkang/MPAS/MPAS-Model-6.0/src/core_ocean/BGC -I/global/homes/h/hgkang/MPAS/MPAS-Model-6.0/src/core_ocean/../framework -I/global/homes/h/hgkang/MPAS/MPAS-Model-6.0/src/core_ocean/../external/esmf_time_f90 -I/global/homes/h/hgkang/MPAS/MPAS-Model-6.0/src/core_ocean/../operators -I/global/homes/h/hgkang/MPAS/MPAS-Model-6.0/src/core_ocean/BGC -I/global/homes/h/hgkang/MPAS/MPAS-Model-6.0/src/core_ocean/shared -I/global/homes/h/hgkang/MPAS/MPAS-Model-6.0/src/core_ocean/analysis_members -I/global/homes/h/hgkang/MPAS/MPAS-Model-6.0/src/core_ocean/cvmix -I/global/homes/h/hgkang/MPAS/MPAS-Model-6.0/src/core_ocean/mode_forward -I/global/homes/h/hgkang/MPAS/MPAS-Model-6.0/src/core_ocean/mode_analysis -I/global/homes/h/hgkang/MPAS/MPAS-Model-6.0/src/core_ocean/mode_init
rm -f mpas_ocn_init_cell_markers.o mpas_ocn_init_cell_markers.mod
ftn -DUNDERSCORE -D_MPI   -DCORE_OCEAN -DMPAS_NAMELIST_SUFFIX=ocean -DMPAS_EXE_NAME=ocean_model -DMPAS_NATIVE_TIMERS -DMPAS_GIT_VERSION=unknown -O3 -m64 -ffree-line-length-none -fconvert=big-endian -ffree-form -fdefault-real-8 -fdefault-double-8 -c mpas_ocn_init_cell_markers.F -I/global/u2/h/hgkang/my_programs/ParallelIO_1.9.23/build/pio -I/global/u2/h/hgkang/my_programs/ParallelIO_1.9.23/build/pio -I/global/u2/h/hgkang/MPAS/MPAS-Model-6.0/src/core_ocean/driver  -I/global/u2/h/hgkang/MPAS/MPAS-Model-6.0/src/core_ocean/mode_forward -I/global/u2/h/hgkang/MPAS/MPAS-Model-6.0/src/core_ocean/mode_analysis -I/global/u2/h/hgkang/MPAS/MPAS-Model-6.0/src/core_ocean/mode_init -I/global/u2/h/hgkang/MPAS/MPAS-Model-6.0/src/core_ocean/shared -I/global/u2/h/hgkang/MPAS/MPAS-Model-6.0/src/core_ocean/analysis_members -I/global/u2/h/hgkang/MPAS/MPAS-Model-6.0/src/core_ocean/cvmix -I/global/u2/h/hgkang/MPAS/MPAS-Model-6.0/src/core_ocean/BGC -I/global/homes/h/hgkang/MPAS/MPAS-Model-6.0/src/core_ocean/../framework -I/global/homes/h/hgkang/MPAS/MPAS-Model-6.0/src/core_ocean/../external/esmf_time_f90 -I/global/homes/h/hgkang/MPAS/MPAS-Model-6.0/src/core_ocean/../operators -I/global/homes/h/hgkang/MPAS/MPAS-Model-6.0/src/core_ocean/BGC -I/global/homes/h/hgkang/MPAS/MPAS-Model-6.0/src/core_ocean/shared -I/global/homes/h/hgkang/MPAS/MPAS-Model-6.0/src/core_ocean/analysis_members -I/global/homes/h/hgkang/MPAS/MPAS-Model-6.0/src/core_ocean/cvmix -I/global/homes/h/hgkang/MPAS/MPAS-Model-6.0/src/core_ocean/mode_forward -I/global/homes/h/hgkang/MPAS/MPAS-Model-6.0/src/core_ocean/mode_analysis -I/global/homes/h/hgkang/MPAS/MPAS-Model-6.0/src/core_ocean/mode_init
rm -f mpas_ocn_init_interpolation.o mpas_ocn_init_interpolation.mod
ftn -DUNDERSCORE -D_MPI   -DCORE_OCEAN -DMPAS_NAMELIST_SUFFIX=ocean -DMPAS_EXE_NAME=ocean_model -DMPAS_NATIVE_TIMERS -DMPAS_GIT_VERSION=unknown -O3 -m64 -ffree-line-length-none -fconvert=big-endian -ffree-form -fdefault-real-8 -fdefault-double-8 -c mpas_ocn_init_interpolation.F -I/global/u2/h/hgkang/my_programs/ParallelIO_1.9.23/build/pio -I/global/u2/h/hgkang/my_programs/ParallelIO_1.9.23/build/pio -I/global/u2/h/hgkang/MPAS/MPAS-Model-6.0/src/core_ocean/driver  -I/global/u2/h/hgkang/MPAS/MPAS-Model-6.0/src/core_ocean/mode_forward -I/global/u2/h/hgkang/MPAS/MPAS-Model-6.0/src/core_ocean/mode_analysis -I/global/u2/h/hgkang/MPAS/MPAS-Model-6.0/src/core_ocean/mode_init -I/global/u2/h/hgkang/MPAS/MPAS-Model-6.0/src/core_ocean/shared -I/global/u2/h/hgkang/MPAS/MPAS-Model-6.0/src/core_ocean/analysis_members -I/global/u2/h/hgkang/MPAS/MPAS-Model-6.0/src/core_ocean/cvmix -I/global/u2/h/hgkang/MPAS/MPAS-Model-6.0/src/core_ocean/BGC -I/global/homes/h/hgkang/MPAS/MPAS-Model-6.0/src/core_ocean/../framework -I/global/homes/h/hgkang/MPAS/MPAS-Model-6.0/src/core_ocean/../external/esmf_time_f90 -I/global/homes/h/hgkang/MPAS/MPAS-Model-6.0/src/core_ocean/../operators -I/global/homes/h/hgkang/MPAS/MPAS-Model-6.0/src/core_ocean/BGC -I/global/homes/h/hgkang/MPAS/MPAS-Model-6.0/src/core_ocean/shared -I/global/homes/h/hgkang/MPAS/MPAS-Model-6.0/src/core_ocean/analysis_members -I/global/homes/h/hgkang/MPAS/MPAS-Model-6.0/src/core_ocean/cvmix -I/global/homes/h/hgkang/MPAS/MPAS-Model-6.0/src/core_ocean/mode_forward -I/global/homes/h/hgkang/MPAS/MPAS-Model-6.0/src/core_ocean/mode_analysis -I/global/homes/h/hgkang/MPAS/MPAS-Model-6.0/src/core_ocean/mode_init
rm -f mpas_ocn_init_ssh_and_landIcePressure.o mpas_ocn_init_ssh_and_landIcePressure.mod
ftn -DUNDERSCORE -D_MPI   -DCORE_OCEAN -DMPAS_NAMELIST_SUFFIX=ocean -DMPAS_EXE_NAME=ocean_model -DMPAS_NATIVE_TIMERS -DMPAS_GIT_VERSION=unknown -O3 -m64 -ffree-line-length-none -fconvert=big-endian -ffree-form -fdefault-real-8 -fdefault-double-8 -c mpas_ocn_init_ssh_and_landIcePressure.F -I/global/u2/h/hgkang/my_programs/ParallelIO_1.9.23/build/pio -I/global/u2/h/hgkang/my_programs/ParallelIO_1.9.23/build/pio -I/global/u2/h/hgkang/MPAS/MPAS-Model-6.0/src/core_ocean/driver  -I/global/u2/h/hgkang/MPAS/MPAS-Model-6.0/src/core_ocean/mode_forward -I/global/u2/h/hgkang/MPAS/MPAS-Model-6.0/src/core_ocean/mode_analysis -I/global/u2/h/hgkang/MPAS/MPAS-Model-6.0/src/core_ocean/mode_init -I/global/u2/h/hgkang/MPAS/MPAS-Model-6.0/src/core_ocean/shared -I/global/u2/h/hgkang/MPAS/MPAS-Model-6.0/src/core_ocean/analysis_members -I/global/u2/h/hgkang/MPAS/MPAS-Model-6.0/src/core_ocean/cvmix -I/global/u2/h/hgkang/MPAS/MPAS-Model-6.0/src/core_ocean/BGC -I/global/homes/h/hgkang/MPAS/MPAS-Model-6.0/src/core_ocean/../framework -I/global/homes/h/hgkang/MPAS/MPAS-Model-6.0/src/core_ocean/../external/esmf_time_f90 -I/global/homes/h/hgkang/MPAS/MPAS-Model-6.0/src/core_ocean/../operators -I/global/homes/h/hgkang/MPAS/MPAS-Model-6.0/src/core_ocean/BGC -I/global/homes/h/hgkang/MPAS/MPAS-Model-6.0/src/core_ocean/shared -I/global/homes/h/hgkang/MPAS/MPAS-Model-6.0/src/core_ocean/analysis_members -I/global/homes/h/hgkang/MPAS/MPAS-Model-6.0/src/core_ocean/cvmix -I/global/homes/h/hgkang/MPAS/MPAS-Model-6.0/src/core_ocean/mode_forward -I/global/homes/h/hgkang/MPAS/MPAS-Model-6.0/src/core_ocean/mode_analysis -I/global/homes/h/hgkang/MPAS/MPAS-Model-6.0/src/core_ocean/mode_init
rm -f mpas_ocn_init_baroclinic_channel.o mpas_ocn_init_baroclinic_channel.mod
ftn -DUNDERSCORE -D_MPI   -DCORE_OCEAN -DMPAS_NAMELIST_SUFFIX=ocean -DMPAS_EXE_NAME=ocean_model -DMPAS_NATIVE_TIMERS -DMPAS_GIT_VERSION=unknown -O3 -m64 -ffree-line-length-none -fconvert=big-endian -ffree-form -fdefault-real-8 -fdefault-double-8 -c mpas_ocn_init_baroclinic_channel.F -I/global/u2/h/hgkang/my_programs/ParallelIO_1.9.23/build/pio -I/global/u2/h/hgkang/my_programs/ParallelIO_1.9.23/build/pio -I/global/u2/h/hgkang/MPAS/MPAS-Model-6.0/src/core_ocean/driver  -I/global/u2/h/hgkang/MPAS/MPAS-Model-6.0/src/core_ocean/mode_forward -I/global/u2/h/hgkang/MPAS/MPAS-Model-6.0/src/core_ocean/mode_analysis -I/global/u2/h/hgkang/MPAS/MPAS-Model-6.0/src/core_ocean/mode_init -I/global/u2/h/hgkang/MPAS/MPAS-Model-6.0/src/core_ocean/shared -I/global/u2/h/hgkang/MPAS/MPAS-Model-6.0/src/core_ocean/analysis_members -I/global/u2/h/hgkang/MPAS/MPAS-Model-6.0/src/core_ocean/cvmix -I/global/u2/h/hgkang/MPAS/MPAS-Model-6.0/src/core_ocean/BGC -I/global/homes/h/hgkang/MPAS/MPAS-Model-6.0/src/core_ocean/../framework -I/global/homes/h/hgkang/MPAS/MPAS-Model-6.0/src/core_ocean/../external/esmf_time_f90 -I/global/homes/h/hgkang/MPAS/MPAS-Model-6.0/src/core_ocean/../operators -I/global/homes/h/hgkang/MPAS/MPAS-Model-6.0/src/core_ocean/BGC -I/global/homes/h/hgkang/MPAS/MPAS-Model-6.0/src/core_ocean/shared -I/global/homes/h/hgkang/MPAS/MPAS-Model-6.0/src/core_ocean/analysis_members -I/global/homes/h/hgkang/MPAS/MPAS-Model-6.0/src/core_ocean/cvmix -I/global/homes/h/hgkang/MPAS/MPAS-Model-6.0/src/core_ocean/mode_forward -I/global/homes/h/hgkang/MPAS/MPAS-Model-6.0/src/core_ocean/mode_analysis -I/global/homes/h/hgkang/MPAS/MPAS-Model-6.0/src/core_ocean/mode_init
rm -f mpas_ocn_init_lock_exchange.o mpas_ocn_init_lock_exchange.mod
ftn -DUNDERSCORE -D_MPI   -DCORE_OCEAN -DMPAS_NAMELIST_SUFFIX=ocean -DMPAS_EXE_NAME=ocean_model -DMPAS_NATIVE_TIMERS -DMPAS_GIT_VERSION=unknown -O3 -m64 -ffree-line-length-none -fconvert=big-endian -ffree-form -fdefault-real-8 -fdefault-double-8 -c mpas_ocn_init_lock_exchange.F -I/global/u2/h/hgkang/my_programs/ParallelIO_1.9.23/build/pio -I/global/u2/h/hgkang/my_programs/ParallelIO_1.9.23/build/pio -I/global/u2/h/hgkang/MPAS/MPAS-Model-6.0/src/core_ocean/driver  -I/global/u2/h/hgkang/MPAS/MPAS-Model-6.0/src/core_ocean/mode_forward -I/global/u2/h/hgkang/MPAS/MPAS-Model-6.0/src/core_ocean/mode_analysis -I/global/u2/h/hgkang/MPAS/MPAS-Model-6.0/src/core_ocean/mode_init -I/global/u2/h/hgkang/MPAS/MPAS-Model-6.0/src/core_ocean/shared -I/global/u2/h/hgkang/MPAS/MPAS-Model-6.0/src/core_ocean/analysis_members -I/global/u2/h/hgkang/MPAS/MPAS-Model-6.0/src/core_ocean/cvmix -I/global/u2/h/hgkang/MPAS/MPAS-Model-6.0/src/core_ocean/BGC -I/global/homes/h/hgkang/MPAS/MPAS-Model-6.0/src/core_ocean/../framework -I/global/homes/h/hgkang/MPAS/MPAS-Model-6.0/src/core_ocean/../external/esmf_time_f90 -I/global/homes/h/hgkang/MPAS/MPAS-Model-6.0/src/core_ocean/../operators -I/global/homes/h/hgkang/MPAS/MPAS-Model-6.0/src/core_ocean/BGC -I/global/homes/h/hgkang/MPAS/MPAS-Model-6.0/src/core_ocean/shared -I/global/homes/h/hgkang/MPAS/MPAS-Model-6.0/src/core_ocean/analysis_members -I/global/homes/h/hgkang/MPAS/MPAS-Model-6.0/src/core_ocean/cvmix -I/global/homes/h/hgkang/MPAS/MPAS-Model-6.0/src/core_ocean/mode_forward -I/global/homes/h/hgkang/MPAS/MPAS-Model-6.0/src/core_ocean/mode_analysis -I/global/homes/h/hgkang/MPAS/MPAS-Model-6.0/src/core_ocean/mode_init
rm -f mpas_ocn_init_internal_waves.o mpas_ocn_init_internal_waves.mod
ftn -DUNDERSCORE -D_MPI   -DCORE_OCEAN -DMPAS_NAMELIST_SUFFIX=ocean -DMPAS_EXE_NAME=ocean_model -DMPAS_NATIVE_TIMERS -DMPAS_GIT_VERSION=unknown -O3 -m64 -ffree-line-length-none -fconvert=big-endian -ffree-form -fdefault-real-8 -fdefault-double-8 -c mpas_ocn_init_internal_waves.F -I/global/u2/h/hgkang/my_programs/ParallelIO_1.9.23/build/pio -I/global/u2/h/hgkang/my_programs/ParallelIO_1.9.23/build/pio -I/global/u2/h/hgkang/MPAS/MPAS-Model-6.0/src/core_ocean/driver  -I/global/u2/h/hgkang/MPAS/MPAS-Model-6.0/src/core_ocean/mode_forward -I/global/u2/h/hgkang/MPAS/MPAS-Model-6.0/src/core_ocean/mode_analysis -I/global/u2/h/hgkang/MPAS/MPAS-Model-6.0/src/core_ocean/mode_init -I/global/u2/h/hgkang/MPAS/MPAS-Model-6.0/src/core_ocean/shared -I/global/u2/h/hgkang/MPAS/MPAS-Model-6.0/src/core_ocean/analysis_members -I/global/u2/h/hgkang/MPAS/MPAS-Model-6.0/src/core_ocean/cvmix -I/global/u2/h/hgkang/MPAS/MPAS-Model-6.0/src/core_ocean/BGC -I/global/homes/h/hgkang/MPAS/MPAS-Model-6.0/src/core_ocean/../framework -I/global/homes/h/hgkang/MPAS/MPAS-Model-6.0/src/core_ocean/../external/esmf_time_f90 -I/global/homes/h/hgkang/MPAS/MPAS-Model-6.0/src/core_ocean/../operators -I/global/homes/h/hgkang/MPAS/MPAS-Model-6.0/src/core_ocean/BGC -I/global/homes/h/hgkang/MPAS/MPAS-Model-6.0/src/core_ocean/shared -I/global/homes/h/hgkang/MPAS/MPAS-Model-6.0/src/core_ocean/analysis_members -I/global/homes/h/hgkang/MPAS/MPAS-Model-6.0/src/core_ocean/cvmix -I/global/homes/h/hgkang/MPAS/MPAS-Model-6.0/src/core_ocean/mode_forward -I/global/homes/h/hgkang/MPAS/MPAS-Model-6.0/src/core_ocean/mode_analysis -I/global/homes/h/hgkang/MPAS/MPAS-Model-6.0/src/core_ocean/mode_init
rm -f mpas_ocn_init_overflow.o mpas_ocn_init_overflow.mod
ftn -DUNDERSCORE -D_MPI   -DCORE_OCEAN -DMPAS_NAMELIST_SUFFIX=ocean -DMPAS_EXE_NAME=ocean_model -DMPAS_NATIVE_TIMERS -DMPAS_GIT_VERSION=unknown -O3 -m64 -ffree-line-length-none -fconvert=big-endian -ffree-form -fdefault-real-8 -fdefault-double-8 -c mpas_ocn_init_overflow.F -I/global/u2/h/hgkang/my_programs/ParallelIO_1.9.23/build/pio -I/global/u2/h/hgkang/my_programs/ParallelIO_1.9.23/build/pio -I/global/u2/h/hgkang/MPAS/MPAS-Model-6.0/src/core_ocean/driver  -I/global/u2/h/hgkang/MPAS/MPAS-Model-6.0/src/core_ocean/mode_forward -I/global/u2/h/hgkang/MPAS/MPAS-Model-6.0/src/core_ocean/mode_analysis -I/global/u2/h/hgkang/MPAS/MPAS-Model-6.0/src/core_ocean/mode_init -I/global/u2/h/hgkang/MPAS/MPAS-Model-6.0/src/core_ocean/shared -I/global/u2/h/hgkang/MPAS/MPAS-Model-6.0/src/core_ocean/analysis_members -I/global/u2/h/hgkang/MPAS/MPAS-Model-6.0/src/core_ocean/cvmix -I/global/u2/h/hgkang/MPAS/MPAS-Model-6.0/src/core_ocean/BGC -I/global/homes/h/hgkang/MPAS/MPAS-Model-6.0/src/core_ocean/../framework -I/global/homes/h/hgkang/MPAS/MPAS-Model-6.0/src/core_ocean/../external/esmf_time_f90 -I/global/homes/h/hgkang/MPAS/MPAS-Model-6.0/src/core_ocean/../operators -I/global/homes/h/hgkang/MPAS/MPAS-Model-6.0/src/core_ocean/BGC -I/global/homes/h/hgkang/MPAS/MPAS-Model-6.0/src/core_ocean/shared -I/global/homes/h/hgkang/MPAS/MPAS-Model-6.0/src/core_ocean/analysis_members -I/global/homes/h/hgkang/MPAS/MPAS-Model-6.0/src/core_ocean/cvmix -I/global/homes/h/hgkang/MPAS/MPAS-Model-6.0/src/core_ocean/mode_forward -I/global/homes/h/hgkang/MPAS/MPAS-Model-6.0/src/core_ocean/mode_analysis -I/global/homes/h/hgkang/MPAS/MPAS-Model-6.0/src/core_ocean/mode_init
rm -f mpas_ocn_init_cvmix_WSwSBF.o mpas_ocn_init_cvmix_WSwSBF.mod
ftn -DUNDERSCORE -D_MPI   -DCORE_OCEAN -DMPAS_NAMELIST_SUFFIX=ocean -DMPAS_EXE_NAME=ocean_model -DMPAS_NATIVE_TIMERS -DMPAS_GIT_VERSION=unknown -O3 -m64 -ffree-line-length-none -fconvert=big-endian -ffree-form -fdefault-real-8 -fdefault-double-8 -c mpas_ocn_init_cvmix_WSwSBF.F -I/global/u2/h/hgkang/my_programs/ParallelIO_1.9.23/build/pio -I/global/u2/h/hgkang/my_programs/ParallelIO_1.9.23/build/pio -I/global/u2/h/hgkang/MPAS/MPAS-Model-6.0/src/core_ocean/driver  -I/global/u2/h/hgkang/MPAS/MPAS-Model-6.0/src/core_ocean/mode_forward -I/global/u2/h/hgkang/MPAS/MPAS-Model-6.0/src/core_ocean/mode_analysis -I/global/u2/h/hgkang/MPAS/MPAS-Model-6.0/src/core_ocean/mode_init -I/global/u2/h/hgkang/MPAS/MPAS-Model-6.0/src/core_ocean/shared -I/global/u2/h/hgkang/MPAS/MPAS-Model-6.0/src/core_ocean/analysis_members -I/global/u2/h/hgkang/MPAS/MPAS-Model-6.0/src/core_ocean/cvmix -I/global/u2/h/hgkang/MPAS/MPAS-Model-6.0/src/core_ocean/BGC -I/global/homes/h/hgkang/MPAS/MPAS-Model-6.0/src/core_ocean/../framework -I/global/homes/h/hgkang/MPAS/MPAS-Model-6.0/src/core_ocean/../external/esmf_time_f90 -I/global/homes/h/hgkang/MPAS/MPAS-Model-6.0/src/core_ocean/../operators -I/global/homes/h/hgkang/MPAS/MPAS-Model-6.0/src/core_ocean/BGC -I/global/homes/h/hgkang/MPAS/MPAS-Model-6.0/src/core_ocean/shared -I/global/homes/h/hgkang/MPAS/MPAS-Model-6.0/src/core_ocean/analysis_members -I/global/homes/h/hgkang/MPAS/MPAS-Model-6.0/src/core_ocean/cvmix -I/global/homes/h/hgkang/MPAS/MPAS-Model-6.0/src/core_ocean/mode_forward -I/global/homes/h/hgkang/MPAS/MPAS-Model-6.0/src/core_ocean/mode_analysis -I/global/homes/h/hgkang/MPAS/MPAS-Model-6.0/src/core_ocean/mode_init
rm -f mpas_ocn_init_iso.o mpas_ocn_init_iso.mod
ftn -DUNDERSCORE -D_MPI   -DCORE_OCEAN -DMPAS_NAMELIST_SUFFIX=ocean -DMPAS_EXE_NAME=ocean_model -DMPAS_NATIVE_TIMERS -DMPAS_GIT_VERSION=unknown -O3 -m64 -ffree-line-length-none -fconvert=big-endian -ffree-form -fdefault-real-8 -fdefault-double-8 -c mpas_ocn_init_iso.F -I/global/u2/h/hgkang/my_programs/ParallelIO_1.9.23/build/pio -I/global/u2/h/hgkang/my_programs/ParallelIO_1.9.23/build/pio -I/global/u2/h/hgkang/MPAS/MPAS-Model-6.0/src/core_ocean/driver  -I/global/u2/h/hgkang/MPAS/MPAS-Model-6.0/src/core_ocean/mode_forward -I/global/u2/h/hgkang/MPAS/MPAS-Model-6.0/src/core_ocean/mode_analysis -I/global/u2/h/hgkang/MPAS/MPAS-Model-6.0/src/core_ocean/mode_init -I/global/u2/h/hgkang/MPAS/MPAS-Model-6.0/src/core_ocean/shared -I/global/u2/h/hgkang/MPAS/MPAS-Model-6.0/src/core_ocean/analysis_members -I/global/u2/h/hgkang/MPAS/MPAS-Model-6.0/src/core_ocean/cvmix -I/global/u2/h/hgkang/MPAS/MPAS-Model-6.0/src/core_ocean/BGC -I/global/homes/h/hgkang/MPAS/MPAS-Model-6.0/src/core_ocean/../framework -I/global/homes/h/hgkang/MPAS/MPAS-Model-6.0/src/core_ocean/../external/esmf_time_f90 -I/global/homes/h/hgkang/MPAS/MPAS-Model-6.0/src/core_ocean/../operators -I/global/homes/h/hgkang/MPAS/MPAS-Model-6.0/src/core_ocean/BGC -I/global/homes/h/hgkang/MPAS/MPAS-Model-6.0/src/core_ocean/shared -I/global/homes/h/hgkang/MPAS/MPAS-Model-6.0/src/core_ocean/analysis_members -I/global/homes/h/hgkang/MPAS/MPAS-Model-6.0/src/core_ocean/cvmix -I/global/homes/h/hgkang/MPAS/MPAS-Model-6.0/src/core_ocean/mode_forward -I/global/homes/h/hgkang/MPAS/MPAS-Model-6.0/src/core_ocean/mode_analysis -I/global/homes/h/hgkang/MPAS/MPAS-Model-6.0/src/core_ocean/mode_init
rm -f mpas_ocn_init_soma.o mpas_ocn_init_soma.mod
ftn -DUNDERSCORE -D_MPI   -DCORE_OCEAN -DMPAS_NAMELIST_SUFFIX=ocean -DMPAS_EXE_NAME=ocean_model -DMPAS_NATIVE_TIMERS -DMPAS_GIT_VERSION=unknown -O3 -m64 -ffree-line-length-none -fconvert=big-endian -ffree-form -fdefault-real-8 -fdefault-double-8 -c mpas_ocn_init_soma.F -I/global/u2/h/hgkang/my_programs/ParallelIO_1.9.23/build/pio -I/global/u2/h/hgkang/my_programs/ParallelIO_1.9.23/build/pio -I/global/u2/h/hgkang/MPAS/MPAS-Model-6.0/src/core_ocean/driver  -I/global/u2/h/hgkang/MPAS/MPAS-Model-6.0/src/core_ocean/mode_forward -I/global/u2/h/hgkang/MPAS/MPAS-Model-6.0/src/core_ocean/mode_analysis -I/global/u2/h/hgkang/MPAS/MPAS-Model-6.0/src/core_ocean/mode_init -I/global/u2/h/hgkang/MPAS/MPAS-Model-6.0/src/core_ocean/shared -I/global/u2/h/hgkang/MPAS/MPAS-Model-6.0/src/core_ocean/analysis_members -I/global/u2/h/hgkang/MPAS/MPAS-Model-6.0/src/core_ocean/cvmix -I/global/u2/h/hgkang/MPAS/MPAS-Model-6.0/src/core_ocean/BGC -I/global/homes/h/hgkang/MPAS/MPAS-Model-6.0/src/core_ocean/../framework -I/global/homes/h/hgkang/MPAS/MPAS-Model-6.0/src/core_ocean/../external/esmf_time_f90 -I/global/homes/h/hgkang/MPAS/MPAS-Model-6.0/src/core_ocean/../operators -I/global/homes/h/hgkang/MPAS/MPAS-Model-6.0/src/core_ocean/BGC -I/global/homes/h/hgkang/MPAS/MPAS-Model-6.0/src/core_ocean/shared -I/global/homes/h/hgkang/MPAS/MPAS-Model-6.0/src/core_ocean/analysis_members -I/global/homes/h/hgkang/MPAS/MPAS-Model-6.0/src/core_ocean/cvmix -I/global/homes/h/hgkang/MPAS/MPAS-Model-6.0/src/core_ocean/mode_forward -I/global/homes/h/hgkang/MPAS/MPAS-Model-6.0/src/core_ocean/mode_analysis -I/global/homes/h/hgkang/MPAS/MPAS-Model-6.0/src/core_ocean/mode_init
rm -f mpas_ocn_init_ziso.o mpas_ocn_init_ziso.mod
ftn -DUNDERSCORE -D_MPI   -DCORE_OCEAN -DMPAS_NAMELIST_SUFFIX=ocean -DMPAS_EXE_NAME=ocean_model -DMPAS_NATIVE_TIMERS -DMPAS_GIT_VERSION=unknown -O3 -m64 -ffree-line-length-none -fconvert=big-endian -ffree-form -fdefault-real-8 -fdefault-double-8 -c mpas_ocn_init_ziso.F -I/global/u2/h/hgkang/my_programs/ParallelIO_1.9.23/build/pio -I/global/u2/h/hgkang/my_programs/ParallelIO_1.9.23/build/pio -I/global/u2/h/hgkang/MPAS/MPAS-Model-6.0/src/core_ocean/driver  -I/global/u2/h/hgkang/MPAS/MPAS-Model-6.0/src/core_ocean/mode_forward -I/global/u2/h/hgkang/MPAS/MPAS-Model-6.0/src/core_ocean/mode_analysis -I/global/u2/h/hgkang/MPAS/MPAS-Model-6.0/src/core_ocean/mode_init -I/global/u2/h/hgkang/MPAS/MPAS-Model-6.0/src/core_ocean/shared -I/global/u2/h/hgkang/MPAS/MPAS-Model-6.0/src/core_ocean/analysis_members -I/global/u2/h/hgkang/MPAS/MPAS-Model-6.0/src/core_ocean/cvmix -I/global/u2/h/hgkang/MPAS/MPAS-Model-6.0/src/core_ocean/BGC -I/global/homes/h/hgkang/MPAS/MPAS-Model-6.0/src/core_ocean/../framework -I/global/homes/h/hgkang/MPAS/MPAS-Model-6.0/src/core_ocean/../external/esmf_time_f90 -I/global/homes/h/hgkang/MPAS/MPAS-Model-6.0/src/core_ocean/../operators -I/global/homes/h/hgkang/MPAS/MPAS-Model-6.0/src/core_ocean/BGC -I/global/homes/h/hgkang/MPAS/MPAS-Model-6.0/src/core_ocean/shared -I/global/homes/h/hgkang/MPAS/MPAS-Model-6.0/src/core_ocean/analysis_members -I/global/homes/h/hgkang/MPAS/MPAS-Model-6.0/src/core_ocean/cvmix -I/global/homes/h/hgkang/MPAS/MPAS-Model-6.0/src/core_ocean/mode_forward -I/global/homes/h/hgkang/MPAS/MPAS-Model-6.0/src/core_ocean/mode_analysis -I/global/homes/h/hgkang/MPAS/MPAS-Model-6.0/src/core_ocean/mode_init
rm -f mpas_ocn_init_sub_ice_shelf_2D.o mpas_ocn_init_sub_ice_shelf_2D.mod
ftn -DUNDERSCORE -D_MPI   -DCORE_OCEAN -DMPAS_NAMELIST_SUFFIX=ocean -DMPAS_EXE_NAME=ocean_model -DMPAS_NATIVE_TIMERS -DMPAS_GIT_VERSION=unknown -O3 -m64 -ffree-line-length-none -fconvert=big-endian -ffree-form -fdefault-real-8 -fdefault-double-8 -c mpas_ocn_init_sub_ice_shelf_2D.F -I/global/u2/h/hgkang/my_programs/ParallelIO_1.9.23/build/pio -I/global/u2/h/hgkang/my_programs/ParallelIO_1.9.23/build/pio -I/global/u2/h/hgkang/MPAS/MPAS-Model-6.0/src/core_ocean/driver  -I/global/u2/h/hgkang/MPAS/MPAS-Model-6.0/src/core_ocean/mode_forward -I/global/u2/h/hgkang/MPAS/MPAS-Model-6.0/src/core_ocean/mode_analysis -I/global/u2/h/hgkang/MPAS/MPAS-Model-6.0/src/core_ocean/mode_init -I/global/u2/h/hgkang/MPAS/MPAS-Model-6.0/src/core_ocean/shared -I/global/u2/h/hgkang/MPAS/MPAS-Model-6.0/src/core_ocean/analysis_members -I/global/u2/h/hgkang/MPAS/MPAS-Model-6.0/src/core_ocean/cvmix -I/global/u2/h/hgkang/MPAS/MPAS-Model-6.0/src/core_ocean/BGC -I/global/homes/h/hgkang/MPAS/MPAS-Model-6.0/src/core_ocean/../framework -I/global/homes/h/hgkang/MPAS/MPAS-Model-6.0/src/core_ocean/../external/esmf_time_f90 -I/global/homes/h/hgkang/MPAS/MPAS-Model-6.0/src/core_ocean/../operators -I/global/homes/h/hgkang/MPAS/MPAS-Model-6.0/src/core_ocean/BGC -I/global/homes/h/hgkang/MPAS/MPAS-Model-6.0/src/core_ocean/shared -I/global/homes/h/hgkang/MPAS/MPAS-Model-6.0/src/core_ocean/analysis_members -I/global/homes/h/hgkang/MPAS/MPAS-Model-6.0/src/core_ocean/cvmix -I/global/homes/h/hgkang/MPAS/MPAS-Model-6.0/src/core_ocean/mode_forward -I/global/homes/h/hgkang/MPAS/MPAS-Model-6.0/src/core_ocean/mode_analysis -I/global/homes/h/hgkang/MPAS/MPAS-Model-6.0/src/core_ocean/mode_init
rm -f mpas_ocn_init_periodic_planar.o mpas_ocn_init_periodic_planar.mod
ftn -DUNDERSCORE -D_MPI   -DCORE_OCEAN -DMPAS_NAMELIST_SUFFIX=ocean -DMPAS_EXE_NAME=ocean_model -DMPAS_NATIVE_TIMERS -DMPAS_GIT_VERSION=unknown -O3 -m64 -ffree-line-length-none -fconvert=big-endian -ffree-form -fdefault-real-8 -fdefault-double-8 -c mpas_ocn_init_periodic_planar.F -I/global/u2/h/hgkang/my_programs/ParallelIO_1.9.23/build/pio -I/global/u2/h/hgkang/my_programs/ParallelIO_1.9.23/build/pio -I/global/u2/h/hgkang/MPAS/MPAS-Model-6.0/src/core_ocean/driver  -I/global/u2/h/hgkang/MPAS/MPAS-Model-6.0/src/core_ocean/mode_forward -I/global/u2/h/hgkang/MPAS/MPAS-Model-6.0/src/core_ocean/mode_analysis -I/global/u2/h/hgkang/MPAS/MPAS-Model-6.0/src/core_ocean/mode_init -I/global/u2/h/hgkang/MPAS/MPAS-Model-6.0/src/core_ocean/shared -I/global/u2/h/hgkang/MPAS/MPAS-Model-6.0/src/core_ocean/analysis_members -I/global/u2/h/hgkang/MPAS/MPAS-Model-6.0/src/core_ocean/cvmix -I/global/u2/h/hgkang/MPAS/MPAS-Model-6.0/src/core_ocean/BGC -I/global/homes/h/hgkang/MPAS/MPAS-Model-6.0/src/core_ocean/../framework -I/global/homes/h/hgkang/MPAS/MPAS-Model-6.0/src/core_ocean/../external/esmf_time_f90 -I/global/homes/h/hgkang/MPAS/MPAS-Model-6.0/src/core_ocean/../operators -I/global/homes/h/hgkang/MPAS/MPAS-Model-6.0/src/core_ocean/BGC -I/global/homes/h/hgkang/MPAS/MPAS-Model-6.0/src/core_ocean/shared -I/global/homes/h/hgkang/MPAS/MPAS-Model-6.0/src/core_ocean/analysis_members -I/global/homes/h/hgkang/MPAS/MPAS-Model-6.0/src/core_ocean/cvmix -I/global/homes/h/hgkang/MPAS/MPAS-Model-6.0/src/core_ocean/mode_forward -I/global/homes/h/hgkang/MPAS/MPAS-Model-6.0/src/core_ocean/mode_analysis -I/global/homes/h/hgkang/MPAS/MPAS-Model-6.0/src/core_ocean/mode_init
rm -f mpas_ocn_init_ecosys_column.o mpas_ocn_init_ecosys_column.mod
ftn -DUNDERSCORE -D_MPI   -DCORE_OCEAN -DMPAS_NAMELIST_SUFFIX=ocean -DMPAS_EXE_NAME=ocean_model -DMPAS_NATIVE_TIMERS -DMPAS_GIT_VERSION=unknown -O3 -m64 -ffree-line-length-none -fconvert=big-endian -ffree-form -fdefault-real-8 -fdefault-double-8 -c mpas_ocn_init_ecosys_column.F -I/global/u2/h/hgkang/my_programs/ParallelIO_1.9.23/build/pio -I/global/u2/h/hgkang/my_programs/ParallelIO_1.9.23/build/pio -I/global/u2/h/hgkang/MPAS/MPAS-Model-6.0/src/core_ocean/driver  -I/global/u2/h/hgkang/MPAS/MPAS-Model-6.0/src/core_ocean/mode_forward -I/global/u2/h/hgkang/MPAS/MPAS-Model-6.0/src/core_ocean/mode_analysis -I/global/u2/h/hgkang/MPAS/MPAS-Model-6.0/src/core_ocean/mode_init -I/global/u2/h/hgkang/MPAS/MPAS-Model-6.0/src/core_ocean/shared -I/global/u2/h/hgkang/MPAS/MPAS-Model-6.0/src/core_ocean/analysis_members -I/global/u2/h/hgkang/MPAS/MPAS-Model-6.0/src/core_ocean/cvmix -I/global/u2/h/hgkang/MPAS/MPAS-Model-6.0/src/core_ocean/BGC -I/global/homes/h/hgkang/MPAS/MPAS-Model-6.0/src/core_ocean/../framework -I/global/homes/h/hgkang/MPAS/MPAS-Model-6.0/src/core_ocean/../external/esmf_time_f90 -I/global/homes/h/hgkang/MPAS/MPAS-Model-6.0/src/core_ocean/../operators -I/global/homes/h/hgkang/MPAS/MPAS-Model-6.0/src/core_ocean/BGC -I/global/homes/h/hgkang/MPAS/MPAS-Model-6.0/src/core_ocean/shared -I/global/homes/h/hgkang/MPAS/MPAS-Model-6.0/src/core_ocean/analysis_members -I/global/homes/h/hgkang/MPAS/MPAS-Model-6.0/src/core_ocean/cvmix -I/global/homes/h/hgkang/MPAS/MPAS-Model-6.0/src/core_ocean/mode_forward -I/global/homes/h/hgkang/MPAS/MPAS-Model-6.0/src/core_ocean/mode_analysis -I/global/homes/h/hgkang/MPAS/MPAS-Model-6.0/src/core_ocean/mode_init
rm -f mpas_ocn_init_sea_mount.o mpas_ocn_init_sea_mount.mod
ftn -DUNDERSCORE -D_MPI   -DCORE_OCEAN -DMPAS_NAMELIST_SUFFIX=ocean -DMPAS_EXE_NAME=ocean_model -DMPAS_NATIVE_TIMERS -DMPAS_GIT_VERSION=unknown -O3 -m64 -ffree-line-length-none -fconvert=big-endian -ffree-form -fdefault-real-8 -fdefault-double-8 -c mpas_ocn_init_sea_mount.F -I/global/u2/h/hgkang/my_programs/ParallelIO_1.9.23/build/pio -I/global/u2/h/hgkang/my_programs/ParallelIO_1.9.23/build/pio -I/global/u2/h/hgkang/MPAS/MPAS-Model-6.0/src/core_ocean/driver  -I/global/u2/h/hgkang/MPAS/MPAS-Model-6.0/src/core_ocean/mode_forward -I/global/u2/h/hgkang/MPAS/MPAS-Model-6.0/src/core_ocean/mode_analysis -I/global/u2/h/hgkang/MPAS/MPAS-Model-6.0/src/core_ocean/mode_init -I/global/u2/h/hgkang/MPAS/MPAS-Model-6.0/src/core_ocean/shared -I/global/u2/h/hgkang/MPAS/MPAS-Model-6.0/src/core_ocean/analysis_members -I/global/u2/h/hgkang/MPAS/MPAS-Model-6.0/src/core_ocean/cvmix -I/global/u2/h/hgkang/MPAS/MPAS-Model-6.0/src/core_ocean/BGC -I/global/homes/h/hgkang/MPAS/MPAS-Model-6.0/src/core_ocean/../framework -I/global/homes/h/hgkang/MPAS/MPAS-Model-6.0/src/core_ocean/../external/esmf_time_f90 -I/global/homes/h/hgkang/MPAS/MPAS-Model-6.0/src/core_ocean/../operators -I/global/homes/h/hgkang/MPAS/MPAS-Model-6.0/src/core_ocean/BGC -I/global/homes/h/hgkang/MPAS/MPAS-Model-6.0/src/core_ocean/shared -I/global/homes/h/hgkang/MPAS/MPAS-Model-6.0/src/core_ocean/analysis_members -I/global/homes/h/hgkang/MPAS/MPAS-Model-6.0/src/core_ocean/cvmix -I/global/homes/h/hgkang/MPAS/MPAS-Model-6.0/src/core_ocean/mode_forward -I/global/homes/h/hgkang/MPAS/MPAS-Model-6.0/src/core_ocean/mode_analysis -I/global/homes/h/hgkang/MPAS/MPAS-Model-6.0/src/core_ocean/mode_init
rm -f mpas_ocn_init_global_ocean.o mpas_ocn_init_global_ocean.mod
ftn -DUNDERSCORE -D_MPI   -DCORE_OCEAN -DMPAS_NAMELIST_SUFFIX=ocean -DMPAS_EXE_NAME=ocean_model -DMPAS_NATIVE_TIMERS -DMPAS_GIT_VERSION=unknown -O3 -m64 -ffree-line-length-none -fconvert=big-endian -ffree-form -fdefault-real-8 -fdefault-double-8 -c mpas_ocn_init_global_ocean.F -I/global/u2/h/hgkang/my_programs/ParallelIO_1.9.23/build/pio -I/global/u2/h/hgkang/my_programs/ParallelIO_1.9.23/build/pio -I/global/u2/h/hgkang/MPAS/MPAS-Model-6.0/src/core_ocean/driver  -I/global/u2/h/hgkang/MPAS/MPAS-Model-6.0/src/core_ocean/mode_forward -I/global/u2/h/hgkang/MPAS/MPAS-Model-6.0/src/core_ocean/mode_analysis -I/global/u2/h/hgkang/MPAS/MPAS-Model-6.0/src/core_ocean/mode_init -I/global/u2/h/hgkang/MPAS/MPAS-Model-6.0/src/core_ocean/shared -I/global/u2/h/hgkang/MPAS/MPAS-Model-6.0/src/core_ocean/analysis_members -I/global/u2/h/hgkang/MPAS/MPAS-Model-6.0/src/core_ocean/cvmix -I/global/u2/h/hgkang/MPAS/MPAS-Model-6.0/src/core_ocean/BGC -I/global/homes/h/hgkang/MPAS/MPAS-Model-6.0/src/core_ocean/../framework -I/global/homes/h/hgkang/MPAS/MPAS-Model-6.0/src/core_ocean/../external/esmf_time_f90 -I/global/homes/h/hgkang/MPAS/MPAS-Model-6.0/src/core_ocean/../operators -I/global/homes/h/hgkang/MPAS/MPAS-Model-6.0/src/core_ocean/BGC -I/global/homes/h/hgkang/MPAS/MPAS-Model-6.0/src/core_ocean/shared -I/global/homes/h/hgkang/MPAS/MPAS-Model-6.0/src/core_ocean/analysis_members -I/global/homes/h/hgkang/MPAS/MPAS-Model-6.0/src/core_ocean/cvmix -I/global/homes/h/hgkang/MPAS/MPAS-Model-6.0/src/core_ocean/mode_forward -I/global/homes/h/hgkang/MPAS/MPAS-Model-6.0/src/core_ocean/mode_analysis -I/global/homes/h/hgkang/MPAS/MPAS-Model-6.0/src/core_ocean/mode_init
rm -f mpas_ocn_init_isomip.o mpas_ocn_init_isomip.mod
ftn -DUNDERSCORE -D_MPI   -DCORE_OCEAN -DMPAS_NAMELIST_SUFFIX=ocean -DMPAS_EXE_NAME=ocean_model -DMPAS_NATIVE_TIMERS -DMPAS_GIT_VERSION=unknown -O3 -m64 -ffree-line-length-none -fconvert=big-endian -ffree-form -fdefault-real-8 -fdefault-double-8 -c mpas_ocn_init_isomip.F -I/global/u2/h/hgkang/my_programs/ParallelIO_1.9.23/build/pio -I/global/u2/h/hgkang/my_programs/ParallelIO_1.9.23/build/pio -I/global/u2/h/hgkang/MPAS/MPAS-Model-6.0/src/core_ocean/driver  -I/global/u2/h/hgkang/MPAS/MPAS-Model-6.0/src/core_ocean/mode_forward -I/global/u2/h/hgkang/MPAS/MPAS-Model-6.0/src/core_ocean/mode_analysis -I/global/u2/h/hgkang/MPAS/MPAS-Model-6.0/src/core_ocean/mode_init -I/global/u2/h/hgkang/MPAS/MPAS-Model-6.0/src/core_ocean/shared -I/global/u2/h/hgkang/MPAS/MPAS-Model-6.0/src/core_ocean/analysis_members -I/global/u2/h/hgkang/MPAS/MPAS-Model-6.0/src/core_ocean/cvmix -I/global/u2/h/hgkang/MPAS/MPAS-Model-6.0/src/core_ocean/BGC -I/global/homes/h/hgkang/MPAS/MPAS-Model-6.0/src/core_ocean/../framework -I/global/homes/h/hgkang/MPAS/MPAS-Model-6.0/src/core_ocean/../external/esmf_time_f90 -I/global/homes/h/hgkang/MPAS/MPAS-Model-6.0/src/core_ocean/../operators -I/global/homes/h/hgkang/MPAS/MPAS-Model-6.0/src/core_ocean/BGC -I/global/homes/h/hgkang/MPAS/MPAS-Model-6.0/src/core_ocean/shared -I/global/homes/h/hgkang/MPAS/MPAS-Model-6.0/src/core_ocean/analysis_members -I/global/homes/h/hgkang/MPAS/MPAS-Model-6.0/src/core_ocean/cvmix -I/global/homes/h/hgkang/MPAS/MPAS-Model-6.0/src/core_ocean/mode_forward -I/global/homes/h/hgkang/MPAS/MPAS-Model-6.0/src/core_ocean/mode_analysis -I/global/homes/h/hgkang/MPAS/MPAS-Model-6.0/src/core_ocean/mode_init
rm -f mpas_ocn_init_isomip_plus.o mpas_ocn_init_isomip_plus.mod
ftn -DUNDERSCORE -D_MPI   -DCORE_OCEAN -DMPAS_NAMELIST_SUFFIX=ocean -DMPAS_EXE_NAME=ocean_model -DMPAS_NATIVE_TIMERS -DMPAS_GIT_VERSION=unknown -O3 -m64 -ffree-line-length-none -fconvert=big-endian -ffree-form -fdefault-real-8 -fdefault-double-8 -c mpas_ocn_init_isomip_plus.F -I/global/u2/h/hgkang/my_programs/ParallelIO_1.9.23/build/pio -I/global/u2/h/hgkang/my_programs/ParallelIO_1.9.23/build/pio -I/global/u2/h/hgkang/MPAS/MPAS-Model-6.0/src/core_ocean/driver  -I/global/u2/h/hgkang/MPAS/MPAS-Model-6.0/src/core_ocean/mode_forward -I/global/u2/h/hgkang/MPAS/MPAS-Model-6.0/src/core_ocean/mode_analysis -I/global/u2/h/hgkang/MPAS/MPAS-Model-6.0/src/core_ocean/mode_init -I/global/u2/h/hgkang/MPAS/MPAS-Model-6.0/src/core_ocean/shared -I/global/u2/h/hgkang/MPAS/MPAS-Model-6.0/src/core_ocean/analysis_members -I/global/u2/h/hgkang/MPAS/MPAS-Model-6.0/src/core_ocean/cvmix -I/global/u2/h/hgkang/MPAS/MPAS-Model-6.0/src/core_ocean/BGC -I/global/homes/h/hgkang/MPAS/MPAS-Model-6.0/src/core_ocean/../framework -I/global/homes/h/hgkang/MPAS/MPAS-Model-6.0/src/core_ocean/../external/esmf_time_f90 -I/global/homes/h/hgkang/MPAS/MPAS-Model-6.0/src/core_ocean/../operators -I/global/homes/h/hgkang/MPAS/MPAS-Model-6.0/src/core_ocean/BGC -I/global/homes/h/hgkang/MPAS/MPAS-Model-6.0/src/core_ocean/shared -I/global/homes/h/hgkang/MPAS/MPAS-Model-6.0/src/core_ocean/analysis_members -I/global/homes/h/hgkang/MPAS/MPAS-Model-6.0/src/core_ocean/cvmix -I/global/homes/h/hgkang/MPAS/MPAS-Model-6.0/src/core_ocean/mode_forward -I/global/homes/h/hgkang/MPAS/MPAS-Model-6.0/src/core_ocean/mode_analysis -I/global/homes/h/hgkang/MPAS/MPAS-Model-6.0/src/core_ocean/mode_init
rm -f mpas_ocn_init_mode.o mpas_ocn_init_mode.mod
ftn -DUNDERSCORE -D_MPI   -DCORE_OCEAN -DMPAS_NAMELIST_SUFFIX=ocean -DMPAS_EXE_NAME=ocean_model -DMPAS_NATIVE_TIMERS -DMPAS_GIT_VERSION=unknown -O3 -m64 -ffree-line-length-none -fconvert=big-endian -ffree-form -fdefault-real-8 -fdefault-double-8 -c mpas_ocn_init_mode.F -I/global/u2/h/hgkang/my_programs/ParallelIO_1.9.23/build/pio -I/global/u2/h/hgkang/my_programs/ParallelIO_1.9.23/build/pio -I/global/u2/h/hgkang/MPAS/MPAS-Model-6.0/src/core_ocean/driver  -I/global/u2/h/hgkang/MPAS/MPAS-Model-6.0/src/core_ocean/mode_forward -I/global/u2/h/hgkang/MPAS/MPAS-Model-6.0/src/core_ocean/mode_analysis -I/global/u2/h/hgkang/MPAS/MPAS-Model-6.0/src/core_ocean/mode_init -I/global/u2/h/hgkang/MPAS/MPAS-Model-6.0/src/core_ocean/shared -I/global/u2/h/hgkang/MPAS/MPAS-Model-6.0/src/core_ocean/analysis_members -I/global/u2/h/hgkang/MPAS/MPAS-Model-6.0/src/core_ocean/cvmix -I/global/u2/h/hgkang/MPAS/MPAS-Model-6.0/src/core_ocean/BGC -I/global/homes/h/hgkang/MPAS/MPAS-Model-6.0/src/core_ocean/../framework -I/global/homes/h/hgkang/MPAS/MPAS-Model-6.0/src/core_ocean/../external/esmf_time_f90 -I/global/homes/h/hgkang/MPAS/MPAS-Model-6.0/src/core_ocean/../operators -I/global/homes/h/hgkang/MPAS/MPAS-Model-6.0/src/core_ocean/BGC -I/global/homes/h/hgkang/MPAS/MPAS-Model-6.0/src/core_ocean/shared -I/global/homes/h/hgkang/MPAS/MPAS-Model-6.0/src/core_ocean/analysis_members -I/global/homes/h/hgkang/MPAS/MPAS-Model-6.0/src/core_ocean/cvmix -I/global/homes/h/hgkang/MPAS/MPAS-Model-6.0/src/core_ocean/mode_forward -I/global/homes/h/hgkang/MPAS/MPAS-Model-6.0/src/core_ocean/mode_analysis -I/global/homes/h/hgkang/MPAS/MPAS-Model-6.0/src/core_ocean/mode_init
make[4]: Leaving directory '/global/u2/h/hgkang/MPAS/MPAS-Model-6.0/src/core_ocean/mode_init'
(cd driver; make FCINCLUDES="-I/global/u2/h/hgkang/my_programs/ParallelIO_1.9.23/build/pio -I/global/u2/h/hgkang/MPAS/MPAS-Model-6.0/src/core_ocean/driver  -I/global/u2/h/hgkang/MPAS/MPAS-Model-6.0/src/core_ocean/mode_forward -I/global/u2/h/hgkang/MPAS/MPAS-Model-6.0/src/core_ocean/mode_analysis -I/global/u2/h/hgkang/MPAS/MPAS-Model-6.0/src/core_ocean/mode_init -I/global/u2/h/hgkang/MPAS/MPAS-Model-6.0/src/core_ocean/shared -I/global/u2/h/hgkang/MPAS/MPAS-Model-6.0/src/core_ocean/analysis_members -I/global/u2/h/hgkang/MPAS/MPAS-Model-6.0/src/core_ocean/cvmix -I/global/u2/h/hgkang/MPAS/MPAS-Model-6.0/src/core_ocean/BGC -I/global/homes/h/hgkang/MPAS/MPAS-Model-6.0/src/core_ocean/../framework -I/global/homes/h/hgkang/MPAS/MPAS-Model-6.0/src/core_ocean/../external/esmf_time_f90 -I/global/homes/h/hgkang/MPAS/MPAS-Model-6.0/src/core_ocean/../operators -I/global/homes/h/hgkang/MPAS/MPAS-Model-6.0/src/core_ocean/BGC -I/global/homes/h/hgkang/MPAS/MPAS-Model-6.0/src/core_ocean/shared -I/global/homes/h/hgkang/MPAS/MPAS-Model-6.0/src/core_ocean/analysis_members -I/global/homes/h/hgkang/MPAS/MPAS-Model-6.0/src/core_ocean/cvmix -I/global/homes/h/hgkang/MPAS/MPAS-Model-6.0/src/core_ocean/mode_forward -I/global/homes/h/hgkang/MPAS/MPAS-Model-6.0/src/core_ocean/mode_analysis -I/global/homes/h/hgkang/MPAS/MPAS-Model-6.0/src/core_ocean/mode_init" all )
make[4]: Entering directory '/global/u2/h/hgkang/MPAS/MPAS-Model-6.0/src/core_ocean/driver'
rm -f mpas_ocn_core.o mpas_ocn_core.mod
ftn -DUNDERSCORE -D_MPI   -DCORE_OCEAN -DMPAS_NAMELIST_SUFFIX=ocean -DMPAS_EXE_NAME=ocean_model -DMPAS_NATIVE_TIMERS -DMPAS_GIT_VERSION=unknown -O3 -m64 -ffree-line-length-none -fconvert=big-endian -ffree-form -fdefault-real-8 -fdefault-double-8 -c mpas_ocn_core.F -I/global/u2/h/hgkang/my_programs/ParallelIO_1.9.23/build/pio -I/global/u2/h/hgkang/my_programs/ParallelIO_1.9.23/build/pio -I/global/u2/h/hgkang/MPAS/MPAS-Model-6.0/src/core_ocean/driver  -I/global/u2/h/hgkang/MPAS/MPAS-Model-6.0/src/core_ocean/mode_forward -I/global/u2/h/hgkang/MPAS/MPAS-Model-6.0/src/core_ocean/mode_analysis -I/global/u2/h/hgkang/MPAS/MPAS-Model-6.0/src/core_ocean/mode_init -I/global/u2/h/hgkang/MPAS/MPAS-Model-6.0/src/core_ocean/shared -I/global/u2/h/hgkang/MPAS/MPAS-Model-6.0/src/core_ocean/analysis_members -I/global/u2/h/hgkang/MPAS/MPAS-Model-6.0/src/core_ocean/cvmix -I/global/u2/h/hgkang/MPAS/MPAS-Model-6.0/src/core_ocean/BGC -I/global/homes/h/hgkang/MPAS/MPAS-Model-6.0/src/core_ocean/../framework -I/global/homes/h/hgkang/MPAS/MPAS-Model-6.0/src/core_ocean/../external/esmf_time_f90 -I/global/homes/h/hgkang/MPAS/MPAS-Model-6.0/src/core_ocean/../operators -I/global/homes/h/hgkang/MPAS/MPAS-Model-6.0/src/core_ocean/BGC -I/global/homes/h/hgkang/MPAS/MPAS-Model-6.0/src/core_ocean/shared -I/global/homes/h/hgkang/MPAS/MPAS-Model-6.0/src/core_ocean/analysis_members -I/global/homes/h/hgkang/MPAS/MPAS-Model-6.0/src/core_ocean/cvmix -I/global/homes/h/hgkang/MPAS/MPAS-Model-6.0/src/core_ocean/mode_forward -I/global/homes/h/hgkang/MPAS/MPAS-Model-6.0/src/core_ocean/mode_analysis -I/global/homes/h/hgkang/MPAS/MPAS-Model-6.0/src/core_ocean/mode_init
rm -f mpas_ocn_core_interface.o mpas_ocn_core_interface.mod
ftn -DUNDERSCORE -D_MPI   -DCORE_OCEAN -DMPAS_NAMELIST_SUFFIX=ocean -DMPAS_EXE_NAME=ocean_model -DMPAS_NATIVE_TIMERS -DMPAS_GIT_VERSION=unknown -O3 -m64 -ffree-line-length-none -fconvert=big-endian -ffree-form -fdefault-real-8 -fdefault-double-8 -c mpas_ocn_core_interface.F -I/global/u2/h/hgkang/my_programs/ParallelIO_1.9.23/build/pio -I/global/u2/h/hgkang/my_programs/ParallelIO_1.9.23/build/pio -I/global/u2/h/hgkang/MPAS/MPAS-Model-6.0/src/core_ocean/driver  -I/global/u2/h/hgkang/MPAS/MPAS-Model-6.0/src/core_ocean/mode_forward -I/global/u2/h/hgkang/MPAS/MPAS-Model-6.0/src/core_ocean/mode_analysis -I/global/u2/h/hgkang/MPAS/MPAS-Model-6.0/src/core_ocean/mode_init -I/global/u2/h/hgkang/MPAS/MPAS-Model-6.0/src/core_ocean/shared -I/global/u2/h/hgkang/MPAS/MPAS-Model-6.0/src/core_ocean/analysis_members -I/global/u2/h/hgkang/MPAS/MPAS-Model-6.0/src/core_ocean/cvmix -I/global/u2/h/hgkang/MPAS/MPAS-Model-6.0/src/core_ocean/BGC -I/global/homes/h/hgkang/MPAS/MPAS-Model-6.0/src/core_ocean/../framework -I/global/homes/h/hgkang/MPAS/MPAS-Model-6.0/src/core_ocean/../external/esmf_time_f90 -I/global/homes/h/hgkang/MPAS/MPAS-Model-6.0/src/core_ocean/../operators -I/global/homes/h/hgkang/MPAS/MPAS-Model-6.0/src/core_ocean/BGC -I/global/homes/h/hgkang/MPAS/MPAS-Model-6.0/src/core_ocean/shared -I/global/homes/h/hgkang/MPAS/MPAS-Model-6.0/src/core_ocean/analysis_members -I/global/homes/h/hgkang/MPAS/MPAS-Model-6.0/src/core_ocean/cvmix -I/global/homes/h/hgkang/MPAS/MPAS-Model-6.0/src/core_ocean/mode_forward -I/global/homes/h/hgkang/MPAS/MPAS-Model-6.0/src/core_ocean/mode_analysis -I/global/homes/h/hgkang/MPAS/MPAS-Model-6.0/src/core_ocean/mode_init
make[4]: Leaving directory '/global/u2/h/hgkang/MPAS/MPAS-Model-6.0/src/core_ocean/driver'
if [ -e libdycore.a ]; then \
	(rm -f libdycore.a) \
fi
ar -ru libdycore.a `find . -type f -name "*.o"`
ar: creating libdycore.a
make[3]: Leaving directory '/global/u2/h/hgkang/MPAS/MPAS-Model-6.0/src/core_ocean'
ln -sf core_ocean/libdycore.a libdycore.a
( cd driver; make CPPFLAGS="-DUNDERSCORE -D_MPI   -DCORE_OCEAN -DMPAS_NAMELIST_SUFFIX=ocean -DMPAS_EXE_NAME=ocean_model -DMPAS_NATIVE_TIMERS -DMPAS_GIT_VERSION=unknown" CPPINCLUDES="-I/global/u2/h/hgkang/my_programs/ParallelIO_1.9.23/build/pio" all ) 
make[3]: Entering directory '/global/u2/h/hgkang/MPAS/MPAS-Model-6.0/src/driver'
(make clean)
make[4]: Entering directory '/global/u2/h/hgkang/MPAS/MPAS-Model-6.0/src/driver'
rm -f *.o *.mod *.f90
rm -f *.i
make[4]: Leaving directory '/global/u2/h/hgkang/MPAS/MPAS-Model-6.0/src/driver'
(make driver)
make[4]: Entering directory '/global/u2/h/hgkang/MPAS/MPAS-Model-6.0/src/driver'
rm -f mpas_subdriver.o mpas_subdriver.mod
ftn -DUNDERSCORE -D_MPI   -DCORE_OCEAN -DMPAS_NAMELIST_SUFFIX=ocean -DMPAS_EXE_NAME=ocean_model -DMPAS_NATIVE_TIMERS -DMPAS_GIT_VERSION=unknown -O3 -m64 -ffree-line-length-none -fconvert=big-endian -ffree-form -fdefault-real-8 -fdefault-double-8 -c mpas_subdriver.F -I/global/u2/h/hgkang/my_programs/ParallelIO_1.9.23/build/pio -I/global/u2/h/hgkang/my_programs/ParallelIO_1.9.23/build/pio -I/global/u2/h/hgkang/MPAS/MPAS-Model-6.0/src/core_ocean/driver  -I/global/u2/h/hgkang/MPAS/MPAS-Model-6.0/src/core_ocean/mode_forward -I/global/u2/h/hgkang/MPAS/MPAS-Model-6.0/src/core_ocean/mode_analysis -I/global/u2/h/hgkang/MPAS/MPAS-Model-6.0/src/core_ocean/mode_init -I/global/u2/h/hgkang/MPAS/MPAS-Model-6.0/src/core_ocean/shared -I/global/u2/h/hgkang/MPAS/MPAS-Model-6.0/src/core_ocean/analysis_members -I/global/u2/h/hgkang/MPAS/MPAS-Model-6.0/src/core_ocean/cvmix -I/global/u2/h/hgkang/MPAS/MPAS-Model-6.0/src/core_ocean/BGC -I../framework -I../operators -I../core_ocean -I../external/esmf_time_f90
rm -f mpas.o mpas.mod
ftn -DUNDERSCORE -D_MPI   -DCORE_OCEAN -DMPAS_NAMELIST_SUFFIX=ocean -DMPAS_EXE_NAME=ocean_model -DMPAS_NATIVE_TIMERS -DMPAS_GIT_VERSION=unknown -O3 -m64 -ffree-line-length-none -fconvert=big-endian -ffree-form -fdefault-real-8 -fdefault-double-8 -c mpas.F -I/global/u2/h/hgkang/my_programs/ParallelIO_1.9.23/build/pio -I/global/u2/h/hgkang/my_programs/ParallelIO_1.9.23/build/pio -I/global/u2/h/hgkang/MPAS/MPAS-Model-6.0/src/core_ocean/driver  -I/global/u2/h/hgkang/MPAS/MPAS-Model-6.0/src/core_ocean/mode_forward -I/global/u2/h/hgkang/MPAS/MPAS-Model-6.0/src/core_ocean/mode_analysis -I/global/u2/h/hgkang/MPAS/MPAS-Model-6.0/src/core_ocean/mode_init -I/global/u2/h/hgkang/MPAS/MPAS-Model-6.0/src/core_ocean/shared -I/global/u2/h/hgkang/MPAS/MPAS-Model-6.0/src/core_ocean/analysis_members -I/global/u2/h/hgkang/MPAS/MPAS-Model-6.0/src/core_ocean/cvmix -I/global/u2/h/hgkang/MPAS/MPAS-Model-6.0/src/core_ocean/BGC -I../framework -I../operators -I../core_ocean -I../external/esmf_time_f90
make[4]: Leaving directory '/global/u2/h/hgkang/MPAS/MPAS-Model-6.0/src/driver'
make[3]: Leaving directory '/global/u2/h/hgkang/MPAS/MPAS-Model-6.0/src/driver'
ftn -O3 -m64 -o ocean_model driver/*.o -L. -ldycore -lops -lframework -L/global/u2/h/hgkang/my_programs/ParallelIO_1.9.23/build/pio -lpio -I./external/esmf_time_f90 -L./external/esmf_time_f90 -lesmf_time
/usr/bin/ld: /opt/cray/pe/hdf5-parallel/1.10.2.0/gnu/7.1/lib/libhdf5_parallel.a(H5PLint.o): in function `H5PL__open':
H5PLint.c:(.text+0x588): warning: Using 'dlopen' in statically linked applications requires at runtime the shared libraries from the glibc version used for linking
make[2]: Leaving directory '/global/u2/h/hgkang/MPAS/MPAS-Model-6.0/src'
if [ -e src/ocean_model ]; then mv src/ocean_model .; fi
( cd src/core_ocean; make ROOT_DIR="/global/homes/h/hgkang/MPAS/MPAS-Model-6.0" post_build )
make[2]: Entering directory '/global/u2/h/hgkang/MPAS/MPAS-Model-6.0/src/core_ocean'
if [ ! -e /global/homes/h/hgkang/MPAS/MPAS-Model-6.0/default_inputs ]; then mkdir /global/homes/h/hgkang/MPAS/MPAS-Model-6.0/default_inputs; fi
cp default_inputs/* /global/homes/h/hgkang/MPAS/MPAS-Model-6.0/default_inputs/.
( cp /global/homes/h/hgkang/MPAS/MPAS-Model-6.0/default_inputs/namelist.ocean /global/homes/h/hgkang/MPAS/MPAS-Model-6.0/namelist.ocean )
( cp /global/homes/h/hgkang/MPAS/MPAS-Model-6.0/default_inputs/namelist.ocean.forward /global/homes/h/hgkang/MPAS/MPAS-Model-6.0/namelist.ocean.forward )
( cp /global/homes/h/hgkang/MPAS/MPAS-Model-6.0/default_inputs/namelist.ocean.analysis /global/homes/h/hgkang/MPAS/MPAS-Model-6.0/namelist.ocean.analysis )
( cp /global/homes/h/hgkang/MPAS/MPAS-Model-6.0/default_inputs/namelist.ocean.init /global/homes/h/hgkang/MPAS/MPAS-Model-6.0/namelist.ocean.init )
( cp /global/homes/h/hgkang/MPAS/MPAS-Model-6.0/default_inputs/streams.ocean /global/homes/h/hgkang/MPAS/MPAS-Model-6.0/streams.ocean )
( cp /global/homes/h/hgkang/MPAS/MPAS-Model-6.0/default_inputs/streams.ocean.forward /global/homes/h/hgkang/MPAS/MPAS-Model-6.0/streams.ocean.forward )
( cp /global/homes/h/hgkang/MPAS/MPAS-Model-6.0/default_inputs/streams.ocean.analysis /global/homes/h/hgkang/MPAS/MPAS-Model-6.0/streams.ocean.analysis )
( cp /global/homes/h/hgkang/MPAS/MPAS-Model-6.0/default_inputs/streams.ocean.init /global/homes/h/hgkang/MPAS/MPAS-Model-6.0/streams.ocean.init )
make[2]: Leaving directory '/global/u2/h/hgkang/MPAS/MPAS-Model-6.0/src/core_ocean'
*******************************************************************************
MPAS was built with default double-precision reals.
Debugging is off.
Parallel version is on.
Papi libraries are off.
TAU Hooks are off.
MPAS was built without OpenMP support.
MPAS was built with .F files.
The native timer interface is being used
Using the PIO 1.x library.
*******************************************************************************
make[1]: Leaving directory '/global/u2/h/hgkang/MPAS/MPAS-Model-6.0'
